Symlinking /home/user/workspace/ros/devel/share/ohm_pcl_filters/cmake/ohm_pcl_filtersConfig.cmake
Symlinking /home/user/workspace/ros/devel/share/ohm_pcl_filters/cmake/ohm_pcl_filtersConfig-version.cmake
Symlinking /home/user/workspace/ros/devel/share/ohm_pcl_filters/docs/ReconfigureCropBoxFilterConfig.wikidoc
Symlinking /home/user/workspace/ros/devel/share/ohm_pcl_filters/docs/ReconfigureStatOutliersConfig-usage.dox
Symlinking /home/user/workspace/ros/devel/share/ohm_pcl_filters/docs/ReconfigureBaseTfConfig-usage.dox
Symlinking /home/user/workspace/ros/devel/share/ohm_pcl_filters/docs/ReconfigureDepthFilterConfig.dox
Symlinking /home/user/workspace/ros/devel/share/ohm_pcl_filters/docs/ReconfigureDepthFilterConfig-usage.dox
Symlinking /home/user/workspace/ros/devel/share/ohm_pcl_filters/docs/ReconfigureDepthFilterConfig.wikidoc
Symlinking /home/user/workspace/ros/devel/share/ohm_pcl_filters/docs/ReconfigureBaseTfConfig.wikidoc
Symlinking /home/user/workspace/ros/devel/share/ohm_pcl_filters/docs/ReconfigureBaseTfConfig.dox
Symlinking /home/user/workspace/ros/devel/share/ohm_pcl_filters/docs/ReconfigureCropBoxFilterConfig.dox
Symlinking /home/user/workspace/ros/devel/share/ohm_pcl_filters/docs/ReconfigureStatOutliersConfig.wikidoc
Symlinking /home/user/workspace/ros/devel/share/ohm_pcl_filters/docs/ReconfigureCropBoxFilterConfig-usage.dox
Symlinking /home/user/workspace/ros/devel/share/ohm_pcl_filters/docs/ReconfigureStatOutliersConfig.dox
Symlinking /home/user/workspace/ros/devel/lib/ohm_pcl_filters/filter_depth
Symlinking /home/user/workspace/ros/devel/lib/ohm_pcl_filters/static_tf_recon
Symlinking /home/user/workspace/ros/devel/lib/ohm_pcl_filters/filter_stat_outliers
Symlinking /home/user/workspace/ros/devel/lib/ohm_pcl_filters/filter_cropbox
Symlinking /home/user/workspace/ros/devel/lib/ohm_pcl_filters/filter_ground_plane
Symlinking /home/user/workspace/ros/devel/lib/ohm_pcl_filters/cloud_transformer
Symlinking /home/user/workspace/ros/devel/lib/python3/dist-packages/ohm_pcl_filters/__init__.py
Symlinking /home/user/workspace/ros/devel/lib/python3/dist-packages/ohm_pcl_filters/cfg/ReconfigureStatOutliersConfig.py
Symlinking /home/user/workspace/ros/devel/lib/python3/dist-packages/ohm_pcl_filters/cfg/__init__.py
Symlinking /home/user/workspace/ros/devel/lib/python3/dist-packages/ohm_pcl_filters/cfg/ReconfigureCropBoxFilterConfig.py
Symlinking /home/user/workspace/ros/devel/lib/python3/dist-packages/ohm_pcl_filters/cfg/ReconfigureBaseTfConfig.py
Symlinking /home/user/workspace/ros/devel/lib/python3/dist-packages/ohm_pcl_filters/cfg/ReconfigureDepthFilterConfig.py
Symlinking /home/user/workspace/ros/devel/lib/pkgconfig/ohm_pcl_filters.pc
Symlinking /home/user/workspace/ros/devel/include/ohm_pcl_filters/ReconfigureDepthFilterConfig.h
Symlinking /home/user/workspace/ros/devel/include/ohm_pcl_filters/ReconfigureCropBoxFilterConfig.h
Symlinking /home/user/workspace/ros/devel/include/ohm_pcl_filters/ReconfigureStatOutliersConfig.h
Symlinking /home/user/workspace/ros/devel/include/ohm_pcl_filters/ReconfigureBaseTfConfig.h
