[  0%] Built target std_msgs_generate_messages_nodejs
[  0%] Built target std_msgs_generate_messages_eus
[  0%] Built target bond_generate_messages_lisp
[ 35%] Built target health_plugin
[ 35%] Built target bond_generate_messages_py
[ 35%] Built target std_msgs_generate_messages_cpp
[ 35%] Built target std_msgs_generate_messages_py
[ 35%] Built target rosgraph_msgs_generate_messages_eus
[ 35%] Built target rosgraph_msgs_generate_messages_cpp
[ 35%] Built target roscpp_generate_messages_nodejs
[ 35%] Built target std_msgs_generate_messages_lisp
[ 35%] Built target _ohm_power_unit_generate_messages_check_deps_pu
[ 35%] Built target nodelet_generate_messages_eus
[ 35%] Built target roscpp_generate_messages_eus
[ 35%] Built target roscpp_generate_messages_py
[ 35%] Built target roscpp_generate_messages_cpp
[ 35%] Built target rosgraph_msgs_generate_messages_py
[ 35%] Built target _catkin_empty_exported_target
[ 35%] Built target nodelet_generate_messages_lisp
[ 35%] Built target rosgraph_msgs_generate_messages_nodejs
[ 35%] Built target rosgraph_msgs_generate_messages_lisp
[ 35%] Built target roscpp_generate_messages_lisp
[ 35%] Built target nodelet_generate_messages_cpp
[ 35%] Built target bond_generate_messages_nodejs
[ 35%] Built target nodelet_generate_messages_nodejs
[ 35%] Built target nodelet_generate_messages_py
[ 35%] Built target bond_generate_messages_eus
[ 35%] Built target bond_generate_messages_cpp
[ 42%] Built target ohm_power_unit_generate_messages_nodejs
[ 57%] Built target ohm_power_unit_generate_messages_eus
[ 71%] Built target ohm_power_unit_generate_messages_py
[ 78%] Built target ohm_power_unit_generate_messages_cpp
[ 85%] Built target ohm_power_unit_generate_messages_lisp
[100%] Built target pupublisher_node
[100%] Built target ohm_power_unit_generate_messages
