Linked: (/home/user/workspace/ros/devel/.private/ohm_power_unit/share/gennodejs/ros/ohm_power_unit/_index.js, /home/user/workspace/ros/devel/share/gennodejs/ros/ohm_power_unit/_index.js)
Linked: (/home/user/workspace/ros/devel/.private/ohm_power_unit/share/gennodejs/ros/ohm_power_unit/msg/_index.js, /home/user/workspace/ros/devel/share/gennodejs/ros/ohm_power_unit/msg/_index.js)
Linked: (/home/user/workspace/ros/devel/.private/ohm_power_unit/share/gennodejs/ros/ohm_power_unit/msg/pu.js, /home/user/workspace/ros/devel/share/gennodejs/ros/ohm_power_unit/msg/pu.js)
Linked: (/home/user/workspace/ros/devel/.private/ohm_power_unit/share/ohm_power_unit/cmake/ohm_power_unitConfig.cmake, /home/user/workspace/ros/devel/share/ohm_power_unit/cmake/ohm_power_unitConfig.cmake)
Linked: (/home/user/workspace/ros/devel/.private/ohm_power_unit/share/ohm_power_unit/cmake/ohm_power_unit-msg-paths.cmake, /home/user/workspace/ros/devel/share/ohm_power_unit/cmake/ohm_power_unit-msg-paths.cmake)
Linked: (/home/user/workspace/ros/devel/.private/ohm_power_unit/share/ohm_power_unit/cmake/ohm_power_unitConfig-version.cmake, /home/user/workspace/ros/devel/share/ohm_power_unit/cmake/ohm_power_unitConfig-version.cmake)
Linked: (/home/user/workspace/ros/devel/.private/ohm_power_unit/share/ohm_power_unit/cmake/ohm_power_unit-msg-extras.cmake, /home/user/workspace/ros/devel/share/ohm_power_unit/cmake/ohm_power_unit-msg-extras.cmake)
Linked: (/home/user/workspace/ros/devel/.private/ohm_power_unit/share/roseus/ros/ohm_power_unit/manifest.l, /home/user/workspace/ros/devel/share/roseus/ros/ohm_power_unit/manifest.l)
Linked: (/home/user/workspace/ros/devel/.private/ohm_power_unit/share/roseus/ros/ohm_power_unit/msg/pu.l, /home/user/workspace/ros/devel/share/roseus/ros/ohm_power_unit/msg/pu.l)
Linked: (/home/user/workspace/ros/devel/.private/ohm_power_unit/share/common-lisp/ros/ohm_power_unit/msg/_package_pu.lisp, /home/user/workspace/ros/devel/share/common-lisp/ros/ohm_power_unit/msg/_package_pu.lisp)
Linked: (/home/user/workspace/ros/devel/.private/ohm_power_unit/share/common-lisp/ros/ohm_power_unit/msg/_package.lisp, /home/user/workspace/ros/devel/share/common-lisp/ros/ohm_power_unit/msg/_package.lisp)
Linked: (/home/user/workspace/ros/devel/.private/ohm_power_unit/share/common-lisp/ros/ohm_power_unit/msg/ohm_power_unit-msg.asd, /home/user/workspace/ros/devel/share/common-lisp/ros/ohm_power_unit/msg/ohm_power_unit-msg.asd)
Linked: (/home/user/workspace/ros/devel/.private/ohm_power_unit/share/common-lisp/ros/ohm_power_unit/msg/pu.lisp, /home/user/workspace/ros/devel/share/common-lisp/ros/ohm_power_unit/msg/pu.lisp)
Linked: (/home/user/workspace/ros/devel/.private/ohm_power_unit/lib/libhealth_plugin.so, /home/user/workspace/ros/devel/lib/libhealth_plugin.so)
Linked: (/home/user/workspace/ros/devel/.private/ohm_power_unit/lib/python3/dist-packages/ohm_power_unit/__init__.py, /home/user/workspace/ros/devel/lib/python3/dist-packages/ohm_power_unit/__init__.py)
Linked: (/home/user/workspace/ros/devel/.private/ohm_power_unit/lib/python3/dist-packages/ohm_power_unit/msg/_pu.py, /home/user/workspace/ros/devel/lib/python3/dist-packages/ohm_power_unit/msg/_pu.py)
Linked: (/home/user/workspace/ros/devel/.private/ohm_power_unit/lib/python3/dist-packages/ohm_power_unit/msg/__init__.py, /home/user/workspace/ros/devel/lib/python3/dist-packages/ohm_power_unit/msg/__init__.py)
Linked: (/home/user/workspace/ros/devel/.private/ohm_power_unit/lib/ohm_power_unit/pupublisher_node, /home/user/workspace/ros/devel/lib/ohm_power_unit/pupublisher_node)
Linked: (/home/user/workspace/ros/devel/.private/ohm_power_unit/lib/pkgconfig/ohm_power_unit.pc, /home/user/workspace/ros/devel/lib/pkgconfig/ohm_power_unit.pc)
Linked: (/home/user/workspace/ros/devel/.private/ohm_power_unit/include/ohm_power_unit/pu.h, /home/user/workspace/ros/devel/include/ohm_power_unit/pu.h)
