Linked: (/home/user/workspace/ros/devel/.private/ohm_actors_msgs/share/gennodejs/ros/ohm_actors_msgs/_index.js, /home/user/workspace/ros/devel/share/gennodejs/ros/ohm_actors_msgs/_index.js)
Linked: (/home/user/workspace/ros/devel/.private/ohm_actors_msgs/share/gennodejs/ros/ohm_actors_msgs/srv/SetParameter.js, /home/user/workspace/ros/devel/share/gennodejs/ros/ohm_actors_msgs/srv/SetParameter.js)
Linked: (/home/user/workspace/ros/devel/.private/ohm_actors_msgs/share/gennodejs/ros/ohm_actors_msgs/srv/_index.js, /home/user/workspace/ros/devel/share/gennodejs/ros/ohm_actors_msgs/srv/_index.js)
Linked: (/home/user/workspace/ros/devel/.private/ohm_actors_msgs/share/gennodejs/ros/ohm_actors_msgs/srv/SetHomingSensHead.js, /home/user/workspace/ros/devel/share/gennodejs/ros/ohm_actors_msgs/srv/SetHomingSensHead.js)
Linked: (/home/user/workspace/ros/devel/.private/ohm_actors_msgs/share/gennodejs/ros/ohm_actors_msgs/srv/SensorHeadMode.js, /home/user/workspace/ros/devel/share/gennodejs/ros/ohm_actors_msgs/srv/SensorHeadMode.js)
Linked: (/home/user/workspace/ros/devel/.private/ohm_actors_msgs/share/gennodejs/ros/ohm_actors_msgs/msg/_index.js, /home/user/workspace/ros/devel/share/gennodejs/ros/ohm_actors_msgs/msg/_index.js)
Linked: (/home/user/workspace/ros/devel/.private/ohm_actors_msgs/share/gennodejs/ros/ohm_actors_msgs/msg/ActionGripperFeedback.js, /home/user/workspace/ros/devel/share/gennodejs/ros/ohm_actors_msgs/msg/ActionGripperFeedback.js)
Linked: (/home/user/workspace/ros/devel/.private/ohm_actors_msgs/share/gennodejs/ros/ohm_actors_msgs/msg/ActionGripperActionResult.js, /home/user/workspace/ros/devel/share/gennodejs/ros/ohm_actors_msgs/msg/ActionGripperActionResult.js)
Linked: (/home/user/workspace/ros/devel/.private/ohm_actors_msgs/share/gennodejs/ros/ohm_actors_msgs/msg/ActionGripperAction.js, /home/user/workspace/ros/devel/share/gennodejs/ros/ohm_actors_msgs/msg/ActionGripperAction.js)
Linked: (/home/user/workspace/ros/devel/.private/ohm_actors_msgs/share/gennodejs/ros/ohm_actors_msgs/msg/Command.js, /home/user/workspace/ros/devel/share/gennodejs/ros/ohm_actors_msgs/msg/Command.js)
Linked: (/home/user/workspace/ros/devel/.private/ohm_actors_msgs/share/gennodejs/ros/ohm_actors_msgs/msg/Status.js, /home/user/workspace/ros/devel/share/gennodejs/ros/ohm_actors_msgs/msg/Status.js)
Linked: (/home/user/workspace/ros/devel/.private/ohm_actors_msgs/share/gennodejs/ros/ohm_actors_msgs/msg/ActionGripperResult.js, /home/user/workspace/ros/devel/share/gennodejs/ros/ohm_actors_msgs/msg/ActionGripperResult.js)
Linked: (/home/user/workspace/ros/devel/.private/ohm_actors_msgs/share/gennodejs/ros/ohm_actors_msgs/msg/DriveState.js, /home/user/workspace/ros/devel/share/gennodejs/ros/ohm_actors_msgs/msg/DriveState.js)
Linked: (/home/user/workspace/ros/devel/.private/ohm_actors_msgs/share/gennodejs/ros/ohm_actors_msgs/msg/ActionGripperGoal.js, /home/user/workspace/ros/devel/share/gennodejs/ros/ohm_actors_msgs/msg/ActionGripperGoal.js)
Linked: (/home/user/workspace/ros/devel/.private/ohm_actors_msgs/share/gennodejs/ros/ohm_actors_msgs/msg/ActionGripperActionGoal.js, /home/user/workspace/ros/devel/share/gennodejs/ros/ohm_actors_msgs/msg/ActionGripperActionGoal.js)
Linked: (/home/user/workspace/ros/devel/.private/ohm_actors_msgs/share/gennodejs/ros/ohm_actors_msgs/msg/ActionGripperActionFeedback.js, /home/user/workspace/ros/devel/share/gennodejs/ros/ohm_actors_msgs/msg/ActionGripperActionFeedback.js)
Linked: (/home/user/workspace/ros/devel/.private/ohm_actors_msgs/share/gennodejs/ros/ohm_actors_msgs/msg/SensorHeadJoy.js, /home/user/workspace/ros/devel/share/gennodejs/ros/ohm_actors_msgs/msg/SensorHeadJoy.js)
Linked: (/home/user/workspace/ros/devel/.private/ohm_actors_msgs/share/ohm_actors_msgs/cmake/ohm_actors_msgsConfig-version.cmake, /home/user/workspace/ros/devel/share/ohm_actors_msgs/cmake/ohm_actors_msgsConfig-version.cmake)
Linked: (/home/user/workspace/ros/devel/.private/ohm_actors_msgs/share/ohm_actors_msgs/cmake/ohm_actors_msgsConfig.cmake, /home/user/workspace/ros/devel/share/ohm_actors_msgs/cmake/ohm_actors_msgsConfig.cmake)
Linked: (/home/user/workspace/ros/devel/.private/ohm_actors_msgs/share/ohm_actors_msgs/cmake/ohm_actors_msgs-msg-extras.cmake, /home/user/workspace/ros/devel/share/ohm_actors_msgs/cmake/ohm_actors_msgs-msg-extras.cmake)
Linked: (/home/user/workspace/ros/devel/.private/ohm_actors_msgs/share/ohm_actors_msgs/cmake/ohm_actors_msgs-msg-paths.cmake, /home/user/workspace/ros/devel/share/ohm_actors_msgs/cmake/ohm_actors_msgs-msg-paths.cmake)
Linked: (/home/user/workspace/ros/devel/.private/ohm_actors_msgs/share/ohm_actors_msgs/msg/ActionGripperAction.msg, /home/user/workspace/ros/devel/share/ohm_actors_msgs/msg/ActionGripperAction.msg)
Linked: (/home/user/workspace/ros/devel/.private/ohm_actors_msgs/share/ohm_actors_msgs/msg/ActionGripperActionResult.msg, /home/user/workspace/ros/devel/share/ohm_actors_msgs/msg/ActionGripperActionResult.msg)
Linked: (/home/user/workspace/ros/devel/.private/ohm_actors_msgs/share/ohm_actors_msgs/msg/ActionGripperFeedback.msg, /home/user/workspace/ros/devel/share/ohm_actors_msgs/msg/ActionGripperFeedback.msg)
Linked: (/home/user/workspace/ros/devel/.private/ohm_actors_msgs/share/ohm_actors_msgs/msg/ActionGripperActionGoal.msg, /home/user/workspace/ros/devel/share/ohm_actors_msgs/msg/ActionGripperActionGoal.msg)
Linked: (/home/user/workspace/ros/devel/.private/ohm_actors_msgs/share/ohm_actors_msgs/msg/ActionGripperResult.msg, /home/user/workspace/ros/devel/share/ohm_actors_msgs/msg/ActionGripperResult.msg)
Linked: (/home/user/workspace/ros/devel/.private/ohm_actors_msgs/share/ohm_actors_msgs/msg/ActionGripperActionFeedback.msg, /home/user/workspace/ros/devel/share/ohm_actors_msgs/msg/ActionGripperActionFeedback.msg)
Linked: (/home/user/workspace/ros/devel/.private/ohm_actors_msgs/share/ohm_actors_msgs/msg/ActionGripperGoal.msg, /home/user/workspace/ros/devel/share/ohm_actors_msgs/msg/ActionGripperGoal.msg)
Linked: (/home/user/workspace/ros/devel/.private/ohm_actors_msgs/share/roseus/ros/ohm_actors_msgs/manifest.l, /home/user/workspace/ros/devel/share/roseus/ros/ohm_actors_msgs/manifest.l)
Linked: (/home/user/workspace/ros/devel/.private/ohm_actors_msgs/share/roseus/ros/ohm_actors_msgs/srv/SetHomingSensHead.l, /home/user/workspace/ros/devel/share/roseus/ros/ohm_actors_msgs/srv/SetHomingSensHead.l)
Linked: (/home/user/workspace/ros/devel/.private/ohm_actors_msgs/share/roseus/ros/ohm_actors_msgs/srv/SetParameter.l, /home/user/workspace/ros/devel/share/roseus/ros/ohm_actors_msgs/srv/SetParameter.l)
Linked: (/home/user/workspace/ros/devel/.private/ohm_actors_msgs/share/roseus/ros/ohm_actors_msgs/srv/SensorHeadMode.l, /home/user/workspace/ros/devel/share/roseus/ros/ohm_actors_msgs/srv/SensorHeadMode.l)
Linked: (/home/user/workspace/ros/devel/.private/ohm_actors_msgs/share/roseus/ros/ohm_actors_msgs/msg/ActionGripperResult.l, /home/user/workspace/ros/devel/share/roseus/ros/ohm_actors_msgs/msg/ActionGripperResult.l)
Linked: (/home/user/workspace/ros/devel/.private/ohm_actors_msgs/share/roseus/ros/ohm_actors_msgs/msg/DriveState.l, /home/user/workspace/ros/devel/share/roseus/ros/ohm_actors_msgs/msg/DriveState.l)
Linked: (/home/user/workspace/ros/devel/.private/ohm_actors_msgs/share/roseus/ros/ohm_actors_msgs/msg/ActionGripperFeedback.l, /home/user/workspace/ros/devel/share/roseus/ros/ohm_actors_msgs/msg/ActionGripperFeedback.l)
Linked: (/home/user/workspace/ros/devel/.private/ohm_actors_msgs/share/roseus/ros/ohm_actors_msgs/msg/Command.l, /home/user/workspace/ros/devel/share/roseus/ros/ohm_actors_msgs/msg/Command.l)
Linked: (/home/user/workspace/ros/devel/.private/ohm_actors_msgs/share/roseus/ros/ohm_actors_msgs/msg/ActionGripperActionResult.l, /home/user/workspace/ros/devel/share/roseus/ros/ohm_actors_msgs/msg/ActionGripperActionResult.l)
Linked: (/home/user/workspace/ros/devel/.private/ohm_actors_msgs/share/roseus/ros/ohm_actors_msgs/msg/ActionGripperGoal.l, /home/user/workspace/ros/devel/share/roseus/ros/ohm_actors_msgs/msg/ActionGripperGoal.l)
Linked: (/home/user/workspace/ros/devel/.private/ohm_actors_msgs/share/roseus/ros/ohm_actors_msgs/msg/ActionGripperAction.l, /home/user/workspace/ros/devel/share/roseus/ros/ohm_actors_msgs/msg/ActionGripperAction.l)
Linked: (/home/user/workspace/ros/devel/.private/ohm_actors_msgs/share/roseus/ros/ohm_actors_msgs/msg/Status.l, /home/user/workspace/ros/devel/share/roseus/ros/ohm_actors_msgs/msg/Status.l)
Linked: (/home/user/workspace/ros/devel/.private/ohm_actors_msgs/share/roseus/ros/ohm_actors_msgs/msg/ActionGripperActionGoal.l, /home/user/workspace/ros/devel/share/roseus/ros/ohm_actors_msgs/msg/ActionGripperActionGoal.l)
Linked: (/home/user/workspace/ros/devel/.private/ohm_actors_msgs/share/roseus/ros/ohm_actors_msgs/msg/ActionGripperActionFeedback.l, /home/user/workspace/ros/devel/share/roseus/ros/ohm_actors_msgs/msg/ActionGripperActionFeedback.l)
Linked: (/home/user/workspace/ros/devel/.private/ohm_actors_msgs/share/roseus/ros/ohm_actors_msgs/msg/SensorHeadJoy.l, /home/user/workspace/ros/devel/share/roseus/ros/ohm_actors_msgs/msg/SensorHeadJoy.l)
Linked: (/home/user/workspace/ros/devel/.private/ohm_actors_msgs/share/common-lisp/ros/ohm_actors_msgs/srv/_package_SensorHeadMode.lisp, /home/user/workspace/ros/devel/share/common-lisp/ros/ohm_actors_msgs/srv/_package_SensorHeadMode.lisp)
Linked: (/home/user/workspace/ros/devel/.private/ohm_actors_msgs/share/common-lisp/ros/ohm_actors_msgs/srv/_package_SetParameter.lisp, /home/user/workspace/ros/devel/share/common-lisp/ros/ohm_actors_msgs/srv/_package_SetParameter.lisp)
Linked: (/home/user/workspace/ros/devel/.private/ohm_actors_msgs/share/common-lisp/ros/ohm_actors_msgs/srv/SetParameter.lisp, /home/user/workspace/ros/devel/share/common-lisp/ros/ohm_actors_msgs/srv/SetParameter.lisp)
Linked: (/home/user/workspace/ros/devel/.private/ohm_actors_msgs/share/common-lisp/ros/ohm_actors_msgs/srv/SetHomingSensHead.lisp, /home/user/workspace/ros/devel/share/common-lisp/ros/ohm_actors_msgs/srv/SetHomingSensHead.lisp)
Linked: (/home/user/workspace/ros/devel/.private/ohm_actors_msgs/share/common-lisp/ros/ohm_actors_msgs/srv/_package_SetHomingSensHead.lisp, /home/user/workspace/ros/devel/share/common-lisp/ros/ohm_actors_msgs/srv/_package_SetHomingSensHead.lisp)
Linked: (/home/user/workspace/ros/devel/.private/ohm_actors_msgs/share/common-lisp/ros/ohm_actors_msgs/srv/SensorHeadMode.lisp, /home/user/workspace/ros/devel/share/common-lisp/ros/ohm_actors_msgs/srv/SensorHeadMode.lisp)
Linked: (/home/user/workspace/ros/devel/.private/ohm_actors_msgs/share/common-lisp/ros/ohm_actors_msgs/srv/_package.lisp, /home/user/workspace/ros/devel/share/common-lisp/ros/ohm_actors_msgs/srv/_package.lisp)
Linked: (/home/user/workspace/ros/devel/.private/ohm_actors_msgs/share/common-lisp/ros/ohm_actors_msgs/srv/ohm_actors_msgs-srv.asd, /home/user/workspace/ros/devel/share/common-lisp/ros/ohm_actors_msgs/srv/ohm_actors_msgs-srv.asd)
Linked: (/home/user/workspace/ros/devel/.private/ohm_actors_msgs/share/common-lisp/ros/ohm_actors_msgs/msg/_package_DriveState.lisp, /home/user/workspace/ros/devel/share/common-lisp/ros/ohm_actors_msgs/msg/_package_DriveState.lisp)
Linked: (/home/user/workspace/ros/devel/.private/ohm_actors_msgs/share/common-lisp/ros/ohm_actors_msgs/msg/Command.lisp, /home/user/workspace/ros/devel/share/common-lisp/ros/ohm_actors_msgs/msg/Command.lisp)
Linked: (/home/user/workspace/ros/devel/.private/ohm_actors_msgs/share/common-lisp/ros/ohm_actors_msgs/msg/SensorHeadJoy.lisp, /home/user/workspace/ros/devel/share/common-lisp/ros/ohm_actors_msgs/msg/SensorHeadJoy.lisp)
Linked: (/home/user/workspace/ros/devel/.private/ohm_actors_msgs/share/common-lisp/ros/ohm_actors_msgs/msg/ActionGripperAction.lisp, /home/user/workspace/ros/devel/share/common-lisp/ros/ohm_actors_msgs/msg/ActionGripperAction.lisp)
Linked: (/home/user/workspace/ros/devel/.private/ohm_actors_msgs/share/common-lisp/ros/ohm_actors_msgs/msg/ActionGripperActionResult.lisp, /home/user/workspace/ros/devel/share/common-lisp/ros/ohm_actors_msgs/msg/ActionGripperActionResult.lisp)
Linked: (/home/user/workspace/ros/devel/.private/ohm_actors_msgs/share/common-lisp/ros/ohm_actors_msgs/msg/_package_ActionGripperActionGoal.lisp, /home/user/workspace/ros/devel/share/common-lisp/ros/ohm_actors_msgs/msg/_package_ActionGripperActionGoal.lisp)
Linked: (/home/user/workspace/ros/devel/.private/ohm_actors_msgs/share/common-lisp/ros/ohm_actors_msgs/msg/_package_ActionGripperResult.lisp, /home/user/workspace/ros/devel/share/common-lisp/ros/ohm_actors_msgs/msg/_package_ActionGripperResult.lisp)
Linked: (/home/user/workspace/ros/devel/.private/ohm_actors_msgs/share/common-lisp/ros/ohm_actors_msgs/msg/ActionGripperGoal.lisp, /home/user/workspace/ros/devel/share/common-lisp/ros/ohm_actors_msgs/msg/ActionGripperGoal.lisp)
Linked: (/home/user/workspace/ros/devel/.private/ohm_actors_msgs/share/common-lisp/ros/ohm_actors_msgs/msg/Status.lisp, /home/user/workspace/ros/devel/share/common-lisp/ros/ohm_actors_msgs/msg/Status.lisp)
Linked: (/home/user/workspace/ros/devel/.private/ohm_actors_msgs/share/common-lisp/ros/ohm_actors_msgs/msg/_package_Status.lisp, /home/user/workspace/ros/devel/share/common-lisp/ros/ohm_actors_msgs/msg/_package_Status.lisp)
Linked: (/home/user/workspace/ros/devel/.private/ohm_actors_msgs/share/common-lisp/ros/ohm_actors_msgs/msg/ActionGripperActionGoal.lisp, /home/user/workspace/ros/devel/share/common-lisp/ros/ohm_actors_msgs/msg/ActionGripperActionGoal.lisp)
Linked: (/home/user/workspace/ros/devel/.private/ohm_actors_msgs/share/common-lisp/ros/ohm_actors_msgs/msg/_package_SensorHeadJoy.lisp, /home/user/workspace/ros/devel/share/common-lisp/ros/ohm_actors_msgs/msg/_package_SensorHeadJoy.lisp)
Linked: (/home/user/workspace/ros/devel/.private/ohm_actors_msgs/share/common-lisp/ros/ohm_actors_msgs/msg/ActionGripperActionFeedback.lisp, /home/user/workspace/ros/devel/share/common-lisp/ros/ohm_actors_msgs/msg/ActionGripperActionFeedback.lisp)
Linked: (/home/user/workspace/ros/devel/.private/ohm_actors_msgs/share/common-lisp/ros/ohm_actors_msgs/msg/ActionGripperFeedback.lisp, /home/user/workspace/ros/devel/share/common-lisp/ros/ohm_actors_msgs/msg/ActionGripperFeedback.lisp)
Linked: (/home/user/workspace/ros/devel/.private/ohm_actors_msgs/share/common-lisp/ros/ohm_actors_msgs/msg/DriveState.lisp, /home/user/workspace/ros/devel/share/common-lisp/ros/ohm_actors_msgs/msg/DriveState.lisp)
Linked: (/home/user/workspace/ros/devel/.private/ohm_actors_msgs/share/common-lisp/ros/ohm_actors_msgs/msg/_package_Command.lisp, /home/user/workspace/ros/devel/share/common-lisp/ros/ohm_actors_msgs/msg/_package_Command.lisp)
Linked: (/home/user/workspace/ros/devel/.private/ohm_actors_msgs/share/common-lisp/ros/ohm_actors_msgs/msg/_package_ActionGripperAction.lisp, /home/user/workspace/ros/devel/share/common-lisp/ros/ohm_actors_msgs/msg/_package_ActionGripperAction.lisp)
Linked: (/home/user/workspace/ros/devel/.private/ohm_actors_msgs/share/common-lisp/ros/ohm_actors_msgs/msg/_package.lisp, /home/user/workspace/ros/devel/share/common-lisp/ros/ohm_actors_msgs/msg/_package.lisp)
Linked: (/home/user/workspace/ros/devel/.private/ohm_actors_msgs/share/common-lisp/ros/ohm_actors_msgs/msg/ActionGripperResult.lisp, /home/user/workspace/ros/devel/share/common-lisp/ros/ohm_actors_msgs/msg/ActionGripperResult.lisp)
Linked: (/home/user/workspace/ros/devel/.private/ohm_actors_msgs/share/common-lisp/ros/ohm_actors_msgs/msg/ohm_actors_msgs-msg.asd, /home/user/workspace/ros/devel/share/common-lisp/ros/ohm_actors_msgs/msg/ohm_actors_msgs-msg.asd)
Linked: (/home/user/workspace/ros/devel/.private/ohm_actors_msgs/share/common-lisp/ros/ohm_actors_msgs/msg/_package_ActionGripperActionResult.lisp, /home/user/workspace/ros/devel/share/common-lisp/ros/ohm_actors_msgs/msg/_package_ActionGripperActionResult.lisp)
Linked: (/home/user/workspace/ros/devel/.private/ohm_actors_msgs/share/common-lisp/ros/ohm_actors_msgs/msg/_package_ActionGripperFeedback.lisp, /home/user/workspace/ros/devel/share/common-lisp/ros/ohm_actors_msgs/msg/_package_ActionGripperFeedback.lisp)
Linked: (/home/user/workspace/ros/devel/.private/ohm_actors_msgs/share/common-lisp/ros/ohm_actors_msgs/msg/_package_ActionGripperGoal.lisp, /home/user/workspace/ros/devel/share/common-lisp/ros/ohm_actors_msgs/msg/_package_ActionGripperGoal.lisp)
Linked: (/home/user/workspace/ros/devel/.private/ohm_actors_msgs/share/common-lisp/ros/ohm_actors_msgs/msg/_package_ActionGripperActionFeedback.lisp, /home/user/workspace/ros/devel/share/common-lisp/ros/ohm_actors_msgs/msg/_package_ActionGripperActionFeedback.lisp)
Linked: (/home/user/workspace/ros/devel/.private/ohm_actors_msgs/lib/python3/dist-packages/ohm_actors_msgs/__init__.py, /home/user/workspace/ros/devel/lib/python3/dist-packages/ohm_actors_msgs/__init__.py)
Linked: (/home/user/workspace/ros/devel/.private/ohm_actors_msgs/lib/python3/dist-packages/ohm_actors_msgs/srv/_SetHomingSensHead.py, /home/user/workspace/ros/devel/lib/python3/dist-packages/ohm_actors_msgs/srv/_SetHomingSensHead.py)
Linked: (/home/user/workspace/ros/devel/.private/ohm_actors_msgs/lib/python3/dist-packages/ohm_actors_msgs/srv/_SetParameter.py, /home/user/workspace/ros/devel/lib/python3/dist-packages/ohm_actors_msgs/srv/_SetParameter.py)
Linked: (/home/user/workspace/ros/devel/.private/ohm_actors_msgs/lib/python3/dist-packages/ohm_actors_msgs/srv/__init__.py, /home/user/workspace/ros/devel/lib/python3/dist-packages/ohm_actors_msgs/srv/__init__.py)
Linked: (/home/user/workspace/ros/devel/.private/ohm_actors_msgs/lib/python3/dist-packages/ohm_actors_msgs/srv/_SensorHeadMode.py, /home/user/workspace/ros/devel/lib/python3/dist-packages/ohm_actors_msgs/srv/_SensorHeadMode.py)
Linked: (/home/user/workspace/ros/devel/.private/ohm_actors_msgs/lib/python3/dist-packages/ohm_actors_msgs/msg/_Command.py, /home/user/workspace/ros/devel/lib/python3/dist-packages/ohm_actors_msgs/msg/_Command.py)
Linked: (/home/user/workspace/ros/devel/.private/ohm_actors_msgs/lib/python3/dist-packages/ohm_actors_msgs/msg/_ActionGripperActionResult.py, /home/user/workspace/ros/devel/lib/python3/dist-packages/ohm_actors_msgs/msg/_ActionGripperActionResult.py)
Linked: (/home/user/workspace/ros/devel/.private/ohm_actors_msgs/lib/python3/dist-packages/ohm_actors_msgs/msg/_ActionGripperAction.py, /home/user/workspace/ros/devel/lib/python3/dist-packages/ohm_actors_msgs/msg/_ActionGripperAction.py)
Linked: (/home/user/workspace/ros/devel/.private/ohm_actors_msgs/lib/python3/dist-packages/ohm_actors_msgs/msg/_ActionGripperActionFeedback.py, /home/user/workspace/ros/devel/lib/python3/dist-packages/ohm_actors_msgs/msg/_ActionGripperActionFeedback.py)
Linked: (/home/user/workspace/ros/devel/.private/ohm_actors_msgs/lib/python3/dist-packages/ohm_actors_msgs/msg/_SensorHeadJoy.py, /home/user/workspace/ros/devel/lib/python3/dist-packages/ohm_actors_msgs/msg/_SensorHeadJoy.py)
Linked: (/home/user/workspace/ros/devel/.private/ohm_actors_msgs/lib/python3/dist-packages/ohm_actors_msgs/msg/_ActionGripperActionGoal.py, /home/user/workspace/ros/devel/lib/python3/dist-packages/ohm_actors_msgs/msg/_ActionGripperActionGoal.py)
Linked: (/home/user/workspace/ros/devel/.private/ohm_actors_msgs/lib/python3/dist-packages/ohm_actors_msgs/msg/_ActionGripperFeedback.py, /home/user/workspace/ros/devel/lib/python3/dist-packages/ohm_actors_msgs/msg/_ActionGripperFeedback.py)
Linked: (/home/user/workspace/ros/devel/.private/ohm_actors_msgs/lib/python3/dist-packages/ohm_actors_msgs/msg/_Status.py, /home/user/workspace/ros/devel/lib/python3/dist-packages/ohm_actors_msgs/msg/_Status.py)
Linked: (/home/user/workspace/ros/devel/.private/ohm_actors_msgs/lib/python3/dist-packages/ohm_actors_msgs/msg/_DriveState.py, /home/user/workspace/ros/devel/lib/python3/dist-packages/ohm_actors_msgs/msg/_DriveState.py)
Linked: (/home/user/workspace/ros/devel/.private/ohm_actors_msgs/lib/python3/dist-packages/ohm_actors_msgs/msg/__init__.py, /home/user/workspace/ros/devel/lib/python3/dist-packages/ohm_actors_msgs/msg/__init__.py)
Linked: (/home/user/workspace/ros/devel/.private/ohm_actors_msgs/lib/python3/dist-packages/ohm_actors_msgs/msg/_ActionGripperGoal.py, /home/user/workspace/ros/devel/lib/python3/dist-packages/ohm_actors_msgs/msg/_ActionGripperGoal.py)
Linked: (/home/user/workspace/ros/devel/.private/ohm_actors_msgs/lib/python3/dist-packages/ohm_actors_msgs/msg/_ActionGripperResult.py, /home/user/workspace/ros/devel/lib/python3/dist-packages/ohm_actors_msgs/msg/_ActionGripperResult.py)
Linked: (/home/user/workspace/ros/devel/.private/ohm_actors_msgs/lib/pkgconfig/ohm_actors_msgs.pc, /home/user/workspace/ros/devel/lib/pkgconfig/ohm_actors_msgs.pc)
Linked: (/home/user/workspace/ros/devel/.private/ohm_actors_msgs/include/ohm_actors_msgs/SensorHeadModeResponse.h, /home/user/workspace/ros/devel/include/ohm_actors_msgs/SensorHeadModeResponse.h)
Linked: (/home/user/workspace/ros/devel/.private/ohm_actors_msgs/include/ohm_actors_msgs/ActionGripperActionResult.h, /home/user/workspace/ros/devel/include/ohm_actors_msgs/ActionGripperActionResult.h)
Linked: (/home/user/workspace/ros/devel/.private/ohm_actors_msgs/include/ohm_actors_msgs/Command.h, /home/user/workspace/ros/devel/include/ohm_actors_msgs/Command.h)
Linked: (/home/user/workspace/ros/devel/.private/ohm_actors_msgs/include/ohm_actors_msgs/SetParameter.h, /home/user/workspace/ros/devel/include/ohm_actors_msgs/SetParameter.h)
Linked: (/home/user/workspace/ros/devel/.private/ohm_actors_msgs/include/ohm_actors_msgs/SensorHeadMode.h, /home/user/workspace/ros/devel/include/ohm_actors_msgs/SensorHeadMode.h)
Linked: (/home/user/workspace/ros/devel/.private/ohm_actors_msgs/include/ohm_actors_msgs/Status.h, /home/user/workspace/ros/devel/include/ohm_actors_msgs/Status.h)
Linked: (/home/user/workspace/ros/devel/.private/ohm_actors_msgs/include/ohm_actors_msgs/ActionGripperAction.h, /home/user/workspace/ros/devel/include/ohm_actors_msgs/ActionGripperAction.h)
Linked: (/home/user/workspace/ros/devel/.private/ohm_actors_msgs/include/ohm_actors_msgs/ActionGripperResult.h, /home/user/workspace/ros/devel/include/ohm_actors_msgs/ActionGripperResult.h)
Linked: (/home/user/workspace/ros/devel/.private/ohm_actors_msgs/include/ohm_actors_msgs/ActionGripperGoal.h, /home/user/workspace/ros/devel/include/ohm_actors_msgs/ActionGripperGoal.h)
Linked: (/home/user/workspace/ros/devel/.private/ohm_actors_msgs/include/ohm_actors_msgs/SetHomingSensHeadRequest.h, /home/user/workspace/ros/devel/include/ohm_actors_msgs/SetHomingSensHeadRequest.h)
Linked: (/home/user/workspace/ros/devel/.private/ohm_actors_msgs/include/ohm_actors_msgs/SensorHeadModeRequest.h, /home/user/workspace/ros/devel/include/ohm_actors_msgs/SensorHeadModeRequest.h)
Linked: (/home/user/workspace/ros/devel/.private/ohm_actors_msgs/include/ohm_actors_msgs/DriveState.h, /home/user/workspace/ros/devel/include/ohm_actors_msgs/DriveState.h)
Linked: (/home/user/workspace/ros/devel/.private/ohm_actors_msgs/include/ohm_actors_msgs/ActionGripperFeedback.h, /home/user/workspace/ros/devel/include/ohm_actors_msgs/ActionGripperFeedback.h)
Linked: (/home/user/workspace/ros/devel/.private/ohm_actors_msgs/include/ohm_actors_msgs/SetParameterRequest.h, /home/user/workspace/ros/devel/include/ohm_actors_msgs/SetParameterRequest.h)
Linked: (/home/user/workspace/ros/devel/.private/ohm_actors_msgs/include/ohm_actors_msgs/SetHomingSensHeadResponse.h, /home/user/workspace/ros/devel/include/ohm_actors_msgs/SetHomingSensHeadResponse.h)
Linked: (/home/user/workspace/ros/devel/.private/ohm_actors_msgs/include/ohm_actors_msgs/SetHomingSensHead.h, /home/user/workspace/ros/devel/include/ohm_actors_msgs/SetHomingSensHead.h)
Linked: (/home/user/workspace/ros/devel/.private/ohm_actors_msgs/include/ohm_actors_msgs/SetParameterResponse.h, /home/user/workspace/ros/devel/include/ohm_actors_msgs/SetParameterResponse.h)
Linked: (/home/user/workspace/ros/devel/.private/ohm_actors_msgs/include/ohm_actors_msgs/ActionGripperActionFeedback.h, /home/user/workspace/ros/devel/include/ohm_actors_msgs/ActionGripperActionFeedback.h)
Linked: (/home/user/workspace/ros/devel/.private/ohm_actors_msgs/include/ohm_actors_msgs/SensorHeadJoy.h, /home/user/workspace/ros/devel/include/ohm_actors_msgs/SensorHeadJoy.h)
Linked: (/home/user/workspace/ros/devel/.private/ohm_actors_msgs/include/ohm_actors_msgs/ActionGripperActionGoal.h, /home/user/workspace/ros/devel/include/ohm_actors_msgs/ActionGripperActionGoal.h)
