[  0%] Built target actionlib_msgs_generate_messages_eus
[  0%] Built target std_msgs_generate_messages_eus
[  0%] Built target _ohm_actors_msgs_generate_messages_check_deps_ActionGripperGoal
[  0%] Built target _ohm_actors_msgs_generate_messages_check_deps_ActionGripperAction
[  0%] Built target _ohm_actors_msgs_generate_messages_check_deps_SensorHeadJoy
[  0%] Built target _ohm_actors_msgs_generate_messages_check_deps_SetHomingSensHead
[  0%] Built target _ohm_actors_msgs_generate_messages_check_deps_Status
[  0%] Built target _ohm_actors_msgs_generate_messages_check_deps_Command
[  0%] Built target _ohm_actors_msgs_generate_messages_check_deps_DriveState
[  0%] Built target _ohm_actors_msgs_generate_messages_check_deps_ActionGripperActionResult
[  0%] Built target _ohm_actors_msgs_generate_messages_check_deps_ActionGripperActionFeedback
[  0%] Built target _ohm_actors_msgs_generate_messages_check_deps_ActionGripperActionGoal
[  0%] Built target actionlib_msgs_generate_messages_lisp
[  0%] Built target _ohm_actors_msgs_generate_messages_check_deps_ActionGripperResult
[  0%] Built target std_msgs_generate_messages_lisp
[  0%] Built target actionlib_msgs_generate_messages_nodejs
[  0%] Built target _ohm_actors_msgs_generate_messages_check_deps_SensorHeadMode
[  0%] Built target _ohm_actors_msgs_generate_messages_check_deps_ActionGripperFeedback
[  0%] Built target _ohm_actors_msgs_generate_messages_check_deps_SetParameter
[  0%] Built target actionlib_msgs_generate_messages_py
[  0%] Built target std_msgs_generate_messages_nodejs
[  0%] Built target std_msgs_generate_messages_py
[  0%] Built target std_msgs_generate_messages_cpp
[  0%] Built target actionlib_msgs_generate_messages_cpp
[ 19%] Built target ohm_actors_msgs_generate_messages_nodejs
[ 39%] Built target ohm_actors_msgs_generate_messages_eus
[ 61%] Built target ohm_actors_msgs_generate_messages_py
[ 80%] Built target ohm_actors_msgs_generate_messages_lisp
[100%] Built target ohm_actors_msgs_generate_messages_cpp
[100%] Built target ohm_actors_msgs_generate_messages
