Linked: (/home/user/workspace/ros/devel/.private/ohm_can_interface/share/gennodejs/ros/ohm_can_interface/_index.js, /home/user/workspace/ros/devel/share/gennodejs/ros/ohm_can_interface/_index.js)
Linked: (/home/user/workspace/ros/devel/.private/ohm_can_interface/share/gennodejs/ros/ohm_can_interface/msg/_index.js, /home/user/workspace/ros/devel/share/gennodejs/ros/ohm_can_interface/msg/_index.js)
Linked: (/home/user/workspace/ros/devel/.private/ohm_can_interface/share/gennodejs/ros/ohm_can_interface/msg/CAN.js, /home/user/workspace/ros/devel/share/gennodejs/ros/ohm_can_interface/msg/CAN.js)
Linked: (/home/user/workspace/ros/devel/.private/ohm_can_interface/share/ohm_can_interface/cmake/ohm_can_interface-msg-paths.cmake, /home/user/workspace/ros/devel/share/ohm_can_interface/cmake/ohm_can_interface-msg-paths.cmake)
Linked: (/home/user/workspace/ros/devel/.private/ohm_can_interface/share/ohm_can_interface/cmake/ohm_can_interfaceConfig.cmake, /home/user/workspace/ros/devel/share/ohm_can_interface/cmake/ohm_can_interfaceConfig.cmake)
Linked: (/home/user/workspace/ros/devel/.private/ohm_can_interface/share/ohm_can_interface/cmake/ohm_can_interfaceConfig-version.cmake, /home/user/workspace/ros/devel/share/ohm_can_interface/cmake/ohm_can_interfaceConfig-version.cmake)
Linked: (/home/user/workspace/ros/devel/.private/ohm_can_interface/share/ohm_can_interface/cmake/ohm_can_interface-msg-extras.cmake, /home/user/workspace/ros/devel/share/ohm_can_interface/cmake/ohm_can_interface-msg-extras.cmake)
Linked: (/home/user/workspace/ros/devel/.private/ohm_can_interface/share/roseus/ros/ohm_can_interface/manifest.l, /home/user/workspace/ros/devel/share/roseus/ros/ohm_can_interface/manifest.l)
Linked: (/home/user/workspace/ros/devel/.private/ohm_can_interface/share/roseus/ros/ohm_can_interface/msg/CAN.l, /home/user/workspace/ros/devel/share/roseus/ros/ohm_can_interface/msg/CAN.l)
Linked: (/home/user/workspace/ros/devel/.private/ohm_can_interface/share/common-lisp/ros/ohm_can_interface/msg/_package_CAN.lisp, /home/user/workspace/ros/devel/share/common-lisp/ros/ohm_can_interface/msg/_package_CAN.lisp)
Linked: (/home/user/workspace/ros/devel/.private/ohm_can_interface/share/common-lisp/ros/ohm_can_interface/msg/CAN.lisp, /home/user/workspace/ros/devel/share/common-lisp/ros/ohm_can_interface/msg/CAN.lisp)
Linked: (/home/user/workspace/ros/devel/.private/ohm_can_interface/share/common-lisp/ros/ohm_can_interface/msg/_package.lisp, /home/user/workspace/ros/devel/share/common-lisp/ros/ohm_can_interface/msg/_package.lisp)
Linked: (/home/user/workspace/ros/devel/.private/ohm_can_interface/share/common-lisp/ros/ohm_can_interface/msg/ohm_can_interface-msg.asd, /home/user/workspace/ros/devel/share/common-lisp/ros/ohm_can_interface/msg/ohm_can_interface-msg.asd)
Linked: (/home/user/workspace/ros/devel/.private/ohm_can_interface/lib/libohm_can_interface.so, /home/user/workspace/ros/devel/lib/libohm_can_interface.so)
Linked: (/home/user/workspace/ros/devel/.private/ohm_can_interface/lib/python3/dist-packages/ohm_can_interface/__init__.py, /home/user/workspace/ros/devel/lib/python3/dist-packages/ohm_can_interface/__init__.py)
Linked: (/home/user/workspace/ros/devel/.private/ohm_can_interface/lib/python3/dist-packages/ohm_can_interface/msg/_CAN.py, /home/user/workspace/ros/devel/lib/python3/dist-packages/ohm_can_interface/msg/_CAN.py)
Linked: (/home/user/workspace/ros/devel/.private/ohm_can_interface/lib/python3/dist-packages/ohm_can_interface/msg/__init__.py, /home/user/workspace/ros/devel/lib/python3/dist-packages/ohm_can_interface/msg/__init__.py)
Linked: (/home/user/workspace/ros/devel/.private/ohm_can_interface/lib/ohm_can_interface/canopen_example_sim, /home/user/workspace/ros/devel/lib/ohm_can_interface/canopen_example_sim)
Linked: (/home/user/workspace/ros/devel/.private/ohm_can_interface/lib/ohm_can_interface/serial_can, /home/user/workspace/ros/devel/lib/ohm_can_interface/serial_can)
Linked: (/home/user/workspace/ros/devel/.private/ohm_can_interface/lib/ohm_can_interface/canopen_example, /home/user/workspace/ros/devel/lib/ohm_can_interface/canopen_example)
Linked: (/home/user/workspace/ros/devel/.private/ohm_can_interface/lib/pkgconfig/ohm_can_interface.pc, /home/user/workspace/ros/devel/lib/pkgconfig/ohm_can_interface.pc)
Linked: (/home/user/workspace/ros/devel/.private/ohm_can_interface/include/ohm_can_interface/CAN.h, /home/user/workspace/ros/devel/include/ohm_can_interface/CAN.h)
