[  0%] Built target std_msgs_generate_messages_nodejs
[ 33%] Built target ohm_can_interface
[ 33%] Built target std_msgs_generate_messages_py
[ 33%] Built target rosgraph_msgs_generate_messages_eus
[ 33%] Built target _ohm_can_interface_generate_messages_check_deps_CAN
[ 33%] Built target rosgraph_msgs_generate_messages_cpp
[ 33%] Built target roscpp_generate_messages_nodejs
[ 33%] Built target std_msgs_generate_messages_eus
[ 33%] Built target roscpp_generate_messages_eus
[ 33%] Built target roscpp_generate_messages_cpp
[ 33%] Built target roscpp_generate_messages_py
[ 33%] Built target rosgraph_msgs_generate_messages_py
[ 33%] Built target rosgraph_msgs_generate_messages_lisp
[ 33%] Built target std_msgs_generate_messages_lisp
[ 33%] Built target roscpp_generate_messages_lisp
[ 33%] Built target rosgraph_msgs_generate_messages_nodejs
[ 33%] Built target std_msgs_generate_messages_cpp
[ 42%] Built target ohm_can_interface_generate_messages_eus
[ 52%] Built target canopen_example_sim
[ 61%] Built target canopen_example
[ 66%] Built target ohm_can_interface_generate_messages_nodejs
[ 76%] Built target ohm_can_interface_generate_messages_py
[ 80%] Built target ohm_can_interface_generate_messages_lisp
[ 85%] Built target ohm_can_interface_generate_messages_cpp
[ 85%] Built target ohm_can_interface_generate_messages
[100%] Built target serial_can
