[35m[1mScanning dependencies of target ros_h264_streamer[0m
[ 13%] [32mBuilding CXX object CMakeFiles/ros_h264_streamer.dir/src/h264_decoder.cpp.o[0m
[ 13%] [32mBuilding CXX object CMakeFiles/ros_h264_streamer.dir/src/h264_streamer.cpp.o[0m
[ 20%] [32mBuilding CXX object CMakeFiles/ros_h264_streamer.dir/src/h264_encoder.cpp.o[0m
[ 26%] [32mBuilding CXX object CMakeFiles/ros_h264_streamer.dir/src/h264_receiver.cpp.o[0m
[01m[K/home/user/workspace/ros/src/ros_h264_streamer/src/h264_encoder.cpp:6:12:[m[K [01;31m[Kfatal error: [m[Kx264.h: No such file or directory
    6 |   #include [01;31m[K"x264.h"[m[K
      |            [01;31m[K^~~~~~~~[m[K
compilation terminated.
make[2]: *** [CMakeFiles/ros_h264_streamer.dir/build.make:63: CMakeFiles/ros_h264_streamer.dir/src/h264_encoder.cpp.o] Error 1
make[2]: *** Waiting for unfinished jobs....
[01m[K/home/user/workspace/ros/src/ros_h264_streamer/src/h264_decoder.cpp:[m[K In constructor ‘[01m[Kros_h264_streamer::H264DecoderImpl::H264DecoderImpl(int, int)[m[K’:
[01m[K/home/user/workspace/ros/src/ros_h264_streamer/src/h264_decoder.cpp:38:26:[m[K [01;35m[Kwarning: [m[K‘[01m[Kvoid avcodec_register_all()[m[K’ is deprecated [[01;35m[K-Wdeprecated-declarations[m[K]
   38 |     avcodec_register_all([01;35m[K)[m[K;
      |                          [01;35m[K^[m[K
In file included from [01m[K/home/user/workspace/ros/src/ros_h264_streamer/src/h264_decoder.cpp:16[m[K:
[01m[K/usr/include/x86_64-linux-gnu/libavcodec/avcodec.h:4159:6:[m[K [01;36m[Knote: [m[Kdeclared here
 4159 | void [01;36m[Kavcodec_register_all[m[K(void);
      |      [01;36m[K^~~~~~~~~~~~~~~~~~~~[m[K
[01m[K/home/user/workspace/ros/src/ros_h264_streamer/src/h264_decoder.cpp:38:26:[m[K [01;35m[Kwarning: [m[K‘[01m[Kvoid avcodec_register_all()[m[K’ is deprecated [[01;35m[K-Wdeprecated-declarations[m[K]
   38 |     avcodec_register_all([01;35m[K)[m[K;
      |                          [01;35m[K^[m[K
In file included from [01m[K/home/user/workspace/ros/src/ros_h264_streamer/src/h264_decoder.cpp:16[m[K:
[01m[K/usr/include/x86_64-linux-gnu/libavcodec/avcodec.h:4159:6:[m[K [01;36m[Knote: [m[Kdeclared here
 4159 | void [01;36m[Kavcodec_register_all[m[K(void);
      |      [01;36m[K^~~~~~~~~~~~~~~~~~~~[m[K
[01m[K/home/user/workspace/ros/src/ros_h264_streamer/src/h264_decoder.cpp:[m[K In member function ‘[01m[Kint ros_h264_streamer::H264DecoderImpl::decode(int, uint8_t*, sensor_msgs::ImagePtr&)[m[K’:
[01m[K/home/user/workspace/ros/src/ros_h264_streamer/src/h264_decoder.cpp:70:69:[m[K [01;35m[Kwarning: [m[K‘[01m[Kint avcodec_decode_video2(AVCodecContext*, AVFrame*, int*, const AVPacket*)[m[K’ is deprecated [[01;35m[K-Wdeprecated-declarations[m[K]
   70 |     int len = avcodec_decode_video2(c, picture, &got_picture, &avpkt[01;35m[K)[m[K;
      |                                                                     [01;35m[K^[m[K
In file included from [01m[K/home/user/workspace/ros/src/ros_h264_streamer/src/h264_decoder.cpp:16[m[K:
[01m[K/usr/include/x86_64-linux-gnu/libavcodec/avcodec.h:4828:5:[m[K [01;36m[Knote: [m[Kdeclared here
 4828 | int [01;36m[Kavcodec_decode_video2[m[K(AVCodecContext *avctx, AVFrame *picture,
      |     [01;36m[K^~~~~~~~~~~~~~~~~~~~~[m[K
[01m[K/home/user/workspace/ros/src/ros_h264_streamer/src/h264_decoder.cpp:70:69:[m[K [01;35m[Kwarning: [m[K‘[01m[Kint avcodec_decode_video2(AVCodecContext*, AVFrame*, int*, const AVPacket*)[m[K’ is deprecated [[01;35m[K-Wdeprecated-declarations[m[K]
   70 |     int len = avcodec_decode_video2(c, picture, &got_picture, &avpkt[01;35m[K)[m[K;
      |                                                                     [01;35m[K^[m[K
In file included from [01m[K/home/user/workspace/ros/src/ros_h264_streamer/src/h264_decoder.cpp:16[m[K:
[01m[K/usr/include/x86_64-linux-gnu/libavcodec/avcodec.h:4828:5:[m[K [01;36m[Knote: [m[Kdeclared here
 4828 | int [01;36m[Kavcodec_decode_video2[m[K(AVCodecContext *avctx, AVFrame *picture,
      |     [01;36m[K^~~~~~~~~~~~~~~~~~~~~[m[K
make[1]: *** [CMakeFiles/Makefile2:254: CMakeFiles/ros_h264_streamer.dir/all] Error 2
make: *** [Makefile:141: all] Error 2
