[  2%] [34m[1mAutomatic RCC for src/gui/icons/qt_res.qrc[0m
[  2%] [34m[1mGenerating src/moc_RemotePlugin.cpp[0m
[  3%] [34m[1mGenerating src/gui/moc_WidgetMain.cpp[0m
[  4%] [34m[1mGenerating src/gui/moc_WidgetMain.cpp[0m
[  5%] [34m[1mGenerating src/moc_ThreadRos.cpp[0m
[  6%] [34m[1mGenerating src/gui/moc_Hud.cpp[0m
[  7%] [34m[1mAutomatic RCC for src/gui/icons/qt_res.qrc[0m
[  8%] [34m[1mGenerating src/moc_MenuTest.cpp[0m
[  9%] [34m[1mGenerating src/gui/moc_DialogWarningArmReset.cpp[0m
/home/user/workspace/ros/src/phros_remote/src/gui/DialogWarningArmReset.h:21: Note: No relevant classes found. No output generated.
[  9%] [34m[1mGenerating ui_main.h[0m
[ 10%] [34m[1mGenerating ui_dialog_warning_armreset.h[0m
[ 11%] [34m[1mGenerating src/gui/moc_Hud.cpp[0m
/home/user/workspace/ros/src/phros_remote/src/ThreadRos.h:26: Note: No relevant classes found. No output generated.
[35m[1mScanning dependencies of target phros_remote[0m
[35m[1mScanning dependencies of target menu_test[0m
[ 12%] [32mBuilding CXX object CMakeFiles/phros_remote.dir/src/gui/Hud.cpp.o[0m
[ 13%] [32mBuilding CXX object CMakeFiles/phros_remote.dir/src/gui/WidgetMain.cpp.o[0m
[ 15%] [32mBuilding CXX object CMakeFiles/phros_remote.dir/src/Communication.cpp.o[0m
[ 16%] [32mBuilding CXX object CMakeFiles/phros_remote.dir/src/RemotePlugin.cpp.o[0m
[ 17%] [32mBuilding CXX object CMakeFiles/phros_remote.dir/src/gui/DialogWarningArmReset.cpp.o[0m
[ 18%] [32mBuilding CXX object CMakeFiles/phros_remote.dir/src/gui/PerspectiveModel.cpp.o[0m
[ 19%] [32mBuilding CXX object CMakeFiles/phros_remote.dir/src/utils/SuperImageSubscriber.cpp.o[0m
[ 20%] [32mBuilding CXX object CMakeFiles/menu_test.dir/src/menu_test.cpp.o[0m
[ 21%] [32mBuilding CXX object CMakeFiles/menu_test.dir/src/MenuTest.cpp.o[0m
[ 22%] [32mBuilding CXX object CMakeFiles/menu_test.dir/src/gui/menu/Menu.cpp.o[0m
[ 23%] [32mBuilding CXX object CMakeFiles/phros_remote.dir/src/utils/MapperPs4Pad.cpp.o[0m
[ 24%] [32mBuilding CXX object CMakeFiles/phros_remote.dir/src/utils/MapperPsPad.cpp.o[0m
[ 25%] [32mBuilding CXX object CMakeFiles/phros_remote.dir/src/utils/MapperPsPadSing.cpp.o[0m
[ 26%] [32mBuilding CXX object CMakeFiles/phros_remote.dir/src/utils/StateButton.cpp.o[0m
[ 27%] [32mBuilding CXX object CMakeFiles/phros_remote.dir/src/utils/MapperPs3Pad.cpp.o[0m
[ 29%] [32mBuilding CXX object CMakeFiles/phros_remote.dir/src/MapperController.cpp.o[0m
[ 30%] [32mBuilding CXX object CMakeFiles/menu_test.dir/src/ThreadRos.cpp.o[0m
[ 31%] [32mBuilding CXX object CMakeFiles/phros_remote.dir/src/mappers/MapperBase.cpp.o[0m
[ 32%] [32mBuilding CXX object CMakeFiles/menu_test.dir/src/gui/WidgetMain.cpp.o[0m
[ 33%] [32mBuilding CXX object CMakeFiles/phros_remote.dir/src/mappers/MapperArm.cpp.o[0m
[ 34%] [32mBuilding CXX object CMakeFiles/phros_remote.dir/src/mappers/MapperDrive.cpp.o[0m
[ 34%] [32mBuilding CXX object CMakeFiles/menu_test.dir/src/Communication.cpp.o[0m
[ 35%] [32mBuilding CXX object CMakeFiles/phros_remote.dir/src/mappers/MapperDriveReverse.cpp.o[0m
[ 36%] [32mBuilding CXX object CMakeFiles/phros_remote.dir/src/mappers/MapperHud.cpp.o[0m
[ 37%] [32mBuilding CXX object CMakeFiles/menu_test.dir/src/gui/Hud.cpp.o[0m
[ 37%] [32mBuilding CXX object CMakeFiles/phros_remote.dir/src/mappers/MapperInspect.cpp.o[0m
[ 38%] [32mBuilding CXX object CMakeFiles/menu_test.dir/src/gui/PerspectiveModel.cpp.o[0m
[ 39%] [32mBuilding CXX object CMakeFiles/phros_remote.dir/src/gui/menu/MenuItemBase.cpp.o[0m
[ 40%] [32mBuilding CXX object CMakeFiles/menu_test.dir/src/gui/DialogWarningArmReset.cpp.o[0m
[ 41%] [32mBuilding CXX object CMakeFiles/menu_test.dir/src/utils/SuperImageSubscriber.cpp.o[0m
[ 43%] [32mBuilding CXX object CMakeFiles/menu_test.dir/src/utils/MapperPs4Pad.cpp.o[0m
[ 44%] [32mBuilding CXX object CMakeFiles/menu_test.dir/src/utils/MapperPsPad.cpp.o[0m
[ 45%] [32mBuilding CXX object CMakeFiles/phros_remote.dir/src/gui/menu/MenuItemModeArm.cpp.o[0m
[ 46%] [32mBuilding CXX object CMakeFiles/menu_test.dir/src/utils/MapperPsPadSing.cpp.o[0m
[ 47%] [32mBuilding CXX object CMakeFiles/menu_test.dir/src/utils/StateButton.cpp.o[0m
[ 48%] [32mBuilding CXX object CMakeFiles/menu_test.dir/src/utils/MapperPs3Pad.cpp.o[0m
[ 49%] [32mBuilding CXX object CMakeFiles/menu_test.dir/src/MapperController.cpp.o[0m
[ 50%] [32mBuilding CXX object CMakeFiles/phros_remote.dir/src/gui/menu/MenuItemModeDrive.cpp.o[0m
[ 51%] [32mBuilding CXX object CMakeFiles/phros_remote.dir/src/gui/menu/MenuItemModeDriveReverse.cpp.o[0m
[ 52%] [32mBuilding CXX object CMakeFiles/menu_test.dir/src/mappers/MapperBase.cpp.o[0m
[ 53%] [32mBuilding CXX object CMakeFiles/menu_test.dir/src/mappers/MapperArm.cpp.o[0m
[ 54%] [32mBuilding CXX object CMakeFiles/phros_remote.dir/src/gui/menu/MenuItemModeInspect.cpp.o[0m
[ 55%] [32mBuilding CXX object CMakeFiles/menu_test.dir/src/mappers/MapperDrive.cpp.o[0m
[ 56%] [32mBuilding CXX object CMakeFiles/menu_test.dir/src/mappers/MapperDriveReverse.cpp.o[0m
[ 58%] [32mBuilding CXX object CMakeFiles/phros_remote.dir/src/gui/menu/MenuItemFlipperAscent.cpp.o[0m
[ 59%] [32mBuilding CXX object CMakeFiles/menu_test.dir/src/mappers/MapperHud.cpp.o[0m
[ 60%] [32mBuilding CXX object CMakeFiles/phros_remote.dir/src/gui/menu/MenuItemFlipperDescent.cpp.o[0m
[ 61%] [32mBuilding CXX object CMakeFiles/phros_remote.dir/src/gui/menu/MenuItemFlipperFlat.cpp.o[0m
[ 62%] [32mBuilding CXX object CMakeFiles/menu_test.dir/src/mappers/MapperInspect.cpp.o[0m
[ 63%] [32mBuilding CXX object CMakeFiles/menu_test.dir/src/gui/menu/MenuItemBase.cpp.o[0m
[ 64%] [32mBuilding CXX object CMakeFiles/menu_test.dir/src/gui/menu/MenuItemModeArm.cpp.o[0m
[ 65%] [32mBuilding CXX object CMakeFiles/phros_remote.dir/src/gui/menu/MenuItemFlipperUp4.cpp.o[0m
[ 66%] [32mBuilding CXX object CMakeFiles/menu_test.dir/src/gui/menu/MenuItemModeDrive.cpp.o[0m
[ 67%] [32mBuilding CXX object CMakeFiles/menu_test.dir/src/gui/menu/MenuItemModeDriveReverse.cpp.o[0m
[ 68%] [32mBuilding CXX object CMakeFiles/phros_remote.dir/src/gui/menu/MenuItemArmInitialIdle.cpp.o[0m
[ 68%] [32mBuilding CXX object CMakeFiles/menu_test.dir/src/gui/menu/MenuItemModeInspect.cpp.o[0m
[ 69%] [32mBuilding CXX object CMakeFiles/phros_remote.dir/src/gui/menu/MenuItemArmInitialLowered.cpp.o[0m
[ 70%] [32mBuilding CXX object CMakeFiles/menu_test.dir/src/gui/menu/MenuItemFlipperAscent.cpp.o[0m
[ 72%] [32mBuilding CXX object CMakeFiles/menu_test.dir/src/gui/menu/MenuItemFlipperDescent.cpp.o[0m
[ 73%] [32mBuilding CXX object CMakeFiles/phros_remote.dir/src/gui/menu/MenuItemArmInitialLookDown.cpp.o[0m
[ 74%] [32mBuilding CXX object CMakeFiles/menu_test.dir/src/gui/menu/MenuItemFlipperFlat.cpp.o[0m
[ 75%] [32mBuilding CXX object CMakeFiles/menu_test.dir/src/gui/menu/MenuItemFlipperUp4.cpp.o[0m
[ 76%] [32mBuilding CXX object CMakeFiles/phros_remote.dir/src/gui/menu/MenuItemArmInitialLookSide.cpp.o[0m
[ 77%] [32mBuilding CXX object CMakeFiles/phros_remote.dir/src/gui/menu/MenuItemArmInitialLookUp.cpp.o[0m
[ 78%] [32mBuilding CXX object CMakeFiles/menu_test.dir/src/gui/menu/MenuItemArmInitialIdle.cpp.o[0m
[ 79%] [32mBuilding CXX object CMakeFiles/menu_test.dir/src/gui/menu/MenuItemArmInitialLowered.cpp.o[0m
[ 80%] [32mBuilding CXX object CMakeFiles/phros_remote.dir/src/moc_RemotePlugin.cpp.o[0m
[ 81%] [32mBuilding CXX object CMakeFiles/menu_test.dir/src/gui/menu/MenuItemArmInitialLookDown.cpp.o[0m
[ 82%] [32mBuilding CXX object CMakeFiles/menu_test.dir/src/gui/menu/MenuItemArmInitialLookSide.cpp.o[0m
[ 83%] [32mBuilding CXX object CMakeFiles/menu_test.dir/src/gui/menu/MenuItemArmInitialLookUp.cpp.o[0m
[ 84%] [32mBuilding CXX object CMakeFiles/phros_remote.dir/src/gui/moc_WidgetMain.cpp.o[0m
[ 86%] [32mBuilding CXX object CMakeFiles/menu_test.dir/src/moc_MenuTest.cpp.o[0m
[ 87%] [32mBuilding CXX object CMakeFiles/menu_test.dir/src/moc_ThreadRos.cpp.o[0m
[ 88%] [32mBuilding CXX object CMakeFiles/menu_test.dir/src/gui/moc_WidgetMain.cpp.o[0m
[ 89%] [32mBuilding CXX object CMakeFiles/phros_remote.dir/src/gui/moc_Hud.cpp.o[0m
[ 90%] [32mBuilding CXX object CMakeFiles/phros_remote.dir/src/gui/moc_DialogWarningArmReset.cpp.o[0m
[ 91%] [32mBuilding CXX object CMakeFiles/phros_remote.dir/phros_remote_autogen/UMWOJCEA5D/qrc_qt_res.cpp.o[0m
[ 92%] [32mBuilding CXX object CMakeFiles/menu_test.dir/src/gui/moc_Hud.cpp.o[0m
[ 93%] [32mBuilding CXX object CMakeFiles/menu_test.dir/src/gui/moc_DialogWarningArmReset.cpp.o[0m
[ 94%] [32mBuilding CXX object CMakeFiles/menu_test.dir/menu_test_autogen/UMWOJCEA5D/qrc_qt_res.cpp.o[0m
[ 95%] [32m[1mLinking CXX executable /home/user/workspace/ros/devel/.private/phros_remote/lib/phros_remote/menu_test[0m
[ 96%] [32m[1mLinking CXX shared library /home/user/workspace/ros/devel/.private/phros_remote/lib/libphros_remote.so[0m
[ 96%] Built target phros_remote
[100%] Built target menu_test
