[01m[K/home/user/workspace/ros/src/phros_remote/src/mappers/MapperDrive.cpp:[m[K In member function ‘[01m[Kvirtual void phros_remote::MapperDrive::map(std::shared_ptr<phros_remote::MapperPsPad>&)[m[K’:
[01m[K/home/user/workspace/ros/src/phros_remote/src/mappers/MapperDrive.cpp:100:32:[m[K [01;31m[Kerror: [m[Kexpected ‘[01m[K;[m[K’ before ‘[01m[Ktwist[m[K’
  100 |     speed_input_squared *= -1.0
      |                                [01;31m[K^[m[K
      |                                [32m[K;[m[K
......
  104 |   [32m[Ktwist[m[K.linear.x = -0.7 * speed_input_squared;
      |   [32m[K~~~~~[m[K                         
[01m[K/home/user/workspace/ros/src/phros_remote/src/mappers/MapperDrive.cpp:[m[K In member function ‘[01m[Kvirtual void phros_remote::MapperDrive::map(std::shared_ptr<phros_remote::MapperPsPad>&)[m[K’:
[01m[K/home/user/workspace/ros/src/phros_remote/src/mappers/MapperDrive.cpp:100:32:[m[K [01;31m[Kerror: [m[Kexpected ‘[01m[K;[m[K’ before ‘[01m[Ktwist[m[K’
  100 |     speed_input_squared *= -1.0
      |                                [01;31m[K^[m[K
      |                                [32m[K;[m[K
......
  104 |   [32m[Ktwist[m[K.linear.x = -0.7 * speed_input_squared;
      |   [32m[K~~~~~[m[K                         
make[2]: *** [CMakeFiles/phros_remote.dir/build.make:311: CMakeFiles/phros_remote.dir/src/mappers/MapperDrive.cpp.o] Error 1
make[1]: *** [CMakeFiles/Makefile2:1147: CMakeFiles/phros_remote.dir/all] Error 2
make[1]: *** Waiting for unfinished jobs....
make[2]: *** [CMakeFiles/menu_test.dir/build.make:354: CMakeFiles/menu_test.dir/src/mappers/MapperDrive.cpp.o] Error 1
make[1]: *** [CMakeFiles/Makefile2:202: CMakeFiles/menu_test.dir/all] Error 2
make: *** [Makefile:141: all] Error 2
