Symlinking /home/user/workspace/ros/devel/share/gennodejs/ros/ohm_arm_interface/_index.js
Symlinking /home/user/workspace/ros/devel/share/gennodejs/ros/ohm_arm_interface/msg/_index.js
Symlinking /home/user/workspace/ros/devel/share/gennodejs/ros/ohm_arm_interface/msg/RobotarmCtrl.js
Symlinking /home/user/workspace/ros/devel/share/ohm_arm_interface/cmake/ohm_arm_interfaceConfig.cmake
Symlinking /home/user/workspace/ros/devel/share/ohm_arm_interface/cmake/ohm_arm_interface-msg-paths.cmake
Symlinking /home/user/workspace/ros/devel/share/ohm_arm_interface/cmake/ohm_arm_interfaceConfig-version.cmake
Symlinking /home/user/workspace/ros/devel/share/ohm_arm_interface/cmake/ohm_arm_interface-msg-extras.cmake
Symlinking /home/user/workspace/ros/devel/share/ohm_arm_interface/docs/ReconfigureConfig.wikidoc
Symlinking /home/user/workspace/ros/devel/share/ohm_arm_interface/docs/ReconfigureConfig-usage.dox
Symlinking /home/user/workspace/ros/devel/share/ohm_arm_interface/docs/ReconfigureConfig.dox
Symlinking /home/user/workspace/ros/devel/share/roseus/ros/ohm_arm_interface/manifest.l
Symlinking /home/user/workspace/ros/devel/share/roseus/ros/ohm_arm_interface/msg/RobotarmCtrl.l
Symlinking /home/user/workspace/ros/devel/share/common-lisp/ros/ohm_arm_interface/msg/ohm_arm_interface-msg.asd
Symlinking /home/user/workspace/ros/devel/share/common-lisp/ros/ohm_arm_interface/msg/_package_RobotarmCtrl.lisp
Symlinking /home/user/workspace/ros/devel/share/common-lisp/ros/ohm_arm_interface/msg/RobotarmCtrl.lisp
Symlinking /home/user/workspace/ros/devel/share/common-lisp/ros/ohm_arm_interface/msg/_package.lisp
Symlinking /home/user/workspace/ros/devel/lib/python3/dist-packages/ohm_arm_interface/__init__.py
Symlinking /home/user/workspace/ros/devel/lib/python3/dist-packages/ohm_arm_interface/cfg/ReconfigureConfig.py
Symlinking /home/user/workspace/ros/devel/lib/python3/dist-packages/ohm_arm_interface/cfg/__init__.py
Symlinking /home/user/workspace/ros/devel/lib/python3/dist-packages/ohm_arm_interface/msg/_RobotarmCtrl.py
Symlinking /home/user/workspace/ros/devel/lib/python3/dist-packages/ohm_arm_interface/msg/__init__.py
Symlinking /home/user/workspace/ros/devel/lib/ohm_arm_interface/arm_interface
Symlinking /home/user/workspace/ros/devel/lib/ohm_arm_interface/joy_to_arm
Symlinking /home/user/workspace/ros/devel/lib/pkgconfig/ohm_arm_interface.pc
Symlinking /home/user/workspace/ros/devel/include/ohm_arm_interface/ReconfigureConfig.h
Symlinking /home/user/workspace/ros/devel/include/ohm_arm_interface/RobotarmCtrl.h
