Linked: (/home/user/workspace/ros/devel/.private/ohm_arm_interface/share/gennodejs/ros/ohm_arm_interface/_index.js, /home/user/workspace/ros/devel/share/gennodejs/ros/ohm_arm_interface/_index.js)
Linked: (/home/user/workspace/ros/devel/.private/ohm_arm_interface/share/gennodejs/ros/ohm_arm_interface/msg/_index.js, /home/user/workspace/ros/devel/share/gennodejs/ros/ohm_arm_interface/msg/_index.js)
Linked: (/home/user/workspace/ros/devel/.private/ohm_arm_interface/share/gennodejs/ros/ohm_arm_interface/msg/RobotarmCtrl.js, /home/user/workspace/ros/devel/share/gennodejs/ros/ohm_arm_interface/msg/RobotarmCtrl.js)
Linked: (/home/user/workspace/ros/devel/.private/ohm_arm_interface/share/ohm_arm_interface/cmake/ohm_arm_interfaceConfig.cmake, /home/user/workspace/ros/devel/share/ohm_arm_interface/cmake/ohm_arm_interfaceConfig.cmake)
Linked: (/home/user/workspace/ros/devel/.private/ohm_arm_interface/share/ohm_arm_interface/cmake/ohm_arm_interface-msg-paths.cmake, /home/user/workspace/ros/devel/share/ohm_arm_interface/cmake/ohm_arm_interface-msg-paths.cmake)
Linked: (/home/user/workspace/ros/devel/.private/ohm_arm_interface/share/ohm_arm_interface/cmake/ohm_arm_interfaceConfig-version.cmake, /home/user/workspace/ros/devel/share/ohm_arm_interface/cmake/ohm_arm_interfaceConfig-version.cmake)
Linked: (/home/user/workspace/ros/devel/.private/ohm_arm_interface/share/ohm_arm_interface/cmake/ohm_arm_interface-msg-extras.cmake, /home/user/workspace/ros/devel/share/ohm_arm_interface/cmake/ohm_arm_interface-msg-extras.cmake)
Linked: (/home/user/workspace/ros/devel/.private/ohm_arm_interface/share/ohm_arm_interface/docs/ReconfigureConfig.wikidoc, /home/user/workspace/ros/devel/share/ohm_arm_interface/docs/ReconfigureConfig.wikidoc)
Linked: (/home/user/workspace/ros/devel/.private/ohm_arm_interface/share/ohm_arm_interface/docs/ReconfigureConfig-usage.dox, /home/user/workspace/ros/devel/share/ohm_arm_interface/docs/ReconfigureConfig-usage.dox)
Linked: (/home/user/workspace/ros/devel/.private/ohm_arm_interface/share/ohm_arm_interface/docs/ReconfigureConfig.dox, /home/user/workspace/ros/devel/share/ohm_arm_interface/docs/ReconfigureConfig.dox)
Linked: (/home/user/workspace/ros/devel/.private/ohm_arm_interface/share/roseus/ros/ohm_arm_interface/manifest.l, /home/user/workspace/ros/devel/share/roseus/ros/ohm_arm_interface/manifest.l)
Linked: (/home/user/workspace/ros/devel/.private/ohm_arm_interface/share/roseus/ros/ohm_arm_interface/msg/RobotarmCtrl.l, /home/user/workspace/ros/devel/share/roseus/ros/ohm_arm_interface/msg/RobotarmCtrl.l)
Linked: (/home/user/workspace/ros/devel/.private/ohm_arm_interface/share/common-lisp/ros/ohm_arm_interface/msg/ohm_arm_interface-msg.asd, /home/user/workspace/ros/devel/share/common-lisp/ros/ohm_arm_interface/msg/ohm_arm_interface-msg.asd)
Linked: (/home/user/workspace/ros/devel/.private/ohm_arm_interface/share/common-lisp/ros/ohm_arm_interface/msg/_package_RobotarmCtrl.lisp, /home/user/workspace/ros/devel/share/common-lisp/ros/ohm_arm_interface/msg/_package_RobotarmCtrl.lisp)
Linked: (/home/user/workspace/ros/devel/.private/ohm_arm_interface/share/common-lisp/ros/ohm_arm_interface/msg/RobotarmCtrl.lisp, /home/user/workspace/ros/devel/share/common-lisp/ros/ohm_arm_interface/msg/RobotarmCtrl.lisp)
Linked: (/home/user/workspace/ros/devel/.private/ohm_arm_interface/share/common-lisp/ros/ohm_arm_interface/msg/_package.lisp, /home/user/workspace/ros/devel/share/common-lisp/ros/ohm_arm_interface/msg/_package.lisp)
Linked: (/home/user/workspace/ros/devel/.private/ohm_arm_interface/lib/python3/dist-packages/ohm_arm_interface/__init__.py, /home/user/workspace/ros/devel/lib/python3/dist-packages/ohm_arm_interface/__init__.py)
Linked: (/home/user/workspace/ros/devel/.private/ohm_arm_interface/lib/python3/dist-packages/ohm_arm_interface/cfg/ReconfigureConfig.py, /home/user/workspace/ros/devel/lib/python3/dist-packages/ohm_arm_interface/cfg/ReconfigureConfig.py)
Linked: (/home/user/workspace/ros/devel/.private/ohm_arm_interface/lib/python3/dist-packages/ohm_arm_interface/cfg/__init__.py, /home/user/workspace/ros/devel/lib/python3/dist-packages/ohm_arm_interface/cfg/__init__.py)
Linked: (/home/user/workspace/ros/devel/.private/ohm_arm_interface/lib/python3/dist-packages/ohm_arm_interface/msg/_RobotarmCtrl.py, /home/user/workspace/ros/devel/lib/python3/dist-packages/ohm_arm_interface/msg/_RobotarmCtrl.py)
Linked: (/home/user/workspace/ros/devel/.private/ohm_arm_interface/lib/python3/dist-packages/ohm_arm_interface/msg/__init__.py, /home/user/workspace/ros/devel/lib/python3/dist-packages/ohm_arm_interface/msg/__init__.py)
Linked: (/home/user/workspace/ros/devel/.private/ohm_arm_interface/lib/ohm_arm_interface/arm_interface, /home/user/workspace/ros/devel/lib/ohm_arm_interface/arm_interface)
Linked: (/home/user/workspace/ros/devel/.private/ohm_arm_interface/lib/ohm_arm_interface/joy_to_arm, /home/user/workspace/ros/devel/lib/ohm_arm_interface/joy_to_arm)
Linked: (/home/user/workspace/ros/devel/.private/ohm_arm_interface/lib/pkgconfig/ohm_arm_interface.pc, /home/user/workspace/ros/devel/lib/pkgconfig/ohm_arm_interface.pc)
Linked: (/home/user/workspace/ros/devel/.private/ohm_arm_interface/include/ohm_arm_interface/ReconfigureConfig.h, /home/user/workspace/ros/devel/include/ohm_arm_interface/ReconfigureConfig.h)
Linked: (/home/user/workspace/ros/devel/.private/ohm_arm_interface/include/ohm_arm_interface/RobotarmCtrl.h, /home/user/workspace/ros/devel/include/ohm_arm_interface/RobotarmCtrl.h)
