[  0%] Built target geometry_msgs_generate_messages_py
[  0%] Built target std_msgs_generate_messages_py
[  0%] Built target sensor_msgs_generate_messages_lisp
[  0%] Built target sensor_msgs_generate_messages_py
[ 11%] Built target joy_to_arm
[ 55%] Built target arm_interface
[ 55%] Built target sensor_msgs_generate_messages_cpp
[ 55%] Built target std_msgs_generate_messages_lisp
[ 55%] Built target geometry_msgs_generate_messages_lisp
[ 55%] Built target geometry_msgs_generate_messages_cpp
[ 55%] Built target std_msgs_generate_messages_cpp
[ 55%] Built target sensor_msgs_generate_messages_eus
[ 55%] Built target _ohm_arm_interface_generate_messages_check_deps_RobotarmCtrl
[ 55%] Built target geometry_msgs_generate_messages_eus
[ 55%] Built target std_msgs_generate_messages_nodejs
[ 55%] Built target std_msgs_generate_messages_eus
[ 55%] Built target sensor_msgs_generate_messages_nodejs
[ 55%] Built target geometry_msgs_generate_messages_nodejs
[ 61%] Built target ohm_arm_interface_gencfg
[ 72%] Built target ohm_arm_interface_generate_messages_py
[ 83%] Built target ohm_arm_interface_generate_messages_eus
[ 88%] Built target ohm_arm_interface_generate_messages_cpp
[ 94%] Built target ohm_arm_interface_generate_messages_lisp
[100%] Built target ohm_arm_interface_generate_messages_nodejs
[100%] Built target ohm_arm_interface_generate_messages
