Symlinking /home/user/workspace/ros/devel/share/gennodejs/ros/ohm_sensors_msgs/_index.js
Symlinking /home/user/workspace/ros/devel/share/gennodejs/ros/ohm_sensors_msgs/srv/_index.js
Symlinking /home/user/workspace/ros/devel/share/gennodejs/ros/ohm_sensors_msgs/srv/StartTiltScan3D.js
Symlinking /home/user/workspace/ros/devel/share/ohm_sensors_msgs/cmake/ohm_sensors_msgsConfig-version.cmake
Symlinking /home/user/workspace/ros/devel/share/ohm_sensors_msgs/cmake/ohm_sensors_msgs-msg-paths.cmake
Symlinking /home/user/workspace/ros/devel/share/ohm_sensors_msgs/cmake/ohm_sensors_msgsConfig.cmake
Symlinking /home/user/workspace/ros/devel/share/ohm_sensors_msgs/cmake/ohm_sensors_msgs-msg-extras.cmake
Symlinking /home/user/workspace/ros/devel/share/roseus/ros/ohm_sensors_msgs/manifest.l
Symlinking /home/user/workspace/ros/devel/share/roseus/ros/ohm_sensors_msgs/srv/StartTiltScan3D.l
Symlinking /home/user/workspace/ros/devel/share/common-lisp/ros/ohm_sensors_msgs/srv/ohm_sensors_msgs-srv.asd
Symlinking /home/user/workspace/ros/devel/share/common-lisp/ros/ohm_sensors_msgs/srv/StartTiltScan3D.lisp
Symlinking /home/user/workspace/ros/devel/share/common-lisp/ros/ohm_sensors_msgs/srv/_package.lisp
Symlinking /home/user/workspace/ros/devel/share/common-lisp/ros/ohm_sensors_msgs/srv/_package_StartTiltScan3D.lisp
Symlinking /home/user/workspace/ros/devel/lib/python3/dist-packages/ohm_sensors_msgs/__init__.py
Symlinking /home/user/workspace/ros/devel/lib/python3/dist-packages/ohm_sensors_msgs/srv/_StartTiltScan3D.py
Symlinking /home/user/workspace/ros/devel/lib/python3/dist-packages/ohm_sensors_msgs/srv/__init__.py
Symlinking /home/user/workspace/ros/devel/lib/pkgconfig/ohm_sensors_msgs.pc
Symlinking /home/user/workspace/ros/devel/include/ohm_sensors_msgs/StartTiltScan3DResponse.h
Symlinking /home/user/workspace/ros/devel/include/ohm_sensors_msgs/StartTiltScan3DRequest.h
Symlinking /home/user/workspace/ros/devel/include/ohm_sensors_msgs/StartTiltScan3D.h
