Linked: (/home/user/workspace/ros/devel/.private/ohm_sensors_msgs/share/gennodejs/ros/ohm_sensors_msgs/_index.js, /home/user/workspace/ros/devel/share/gennodejs/ros/ohm_sensors_msgs/_index.js)
Linked: (/home/user/workspace/ros/devel/.private/ohm_sensors_msgs/share/gennodejs/ros/ohm_sensors_msgs/srv/_index.js, /home/user/workspace/ros/devel/share/gennodejs/ros/ohm_sensors_msgs/srv/_index.js)
Linked: (/home/user/workspace/ros/devel/.private/ohm_sensors_msgs/share/gennodejs/ros/ohm_sensors_msgs/srv/StartTiltScan3D.js, /home/user/workspace/ros/devel/share/gennodejs/ros/ohm_sensors_msgs/srv/StartTiltScan3D.js)
Linked: (/home/user/workspace/ros/devel/.private/ohm_sensors_msgs/share/ohm_sensors_msgs/cmake/ohm_sensors_msgsConfig-version.cmake, /home/user/workspace/ros/devel/share/ohm_sensors_msgs/cmake/ohm_sensors_msgsConfig-version.cmake)
Linked: (/home/user/workspace/ros/devel/.private/ohm_sensors_msgs/share/ohm_sensors_msgs/cmake/ohm_sensors_msgs-msg-paths.cmake, /home/user/workspace/ros/devel/share/ohm_sensors_msgs/cmake/ohm_sensors_msgs-msg-paths.cmake)
Linked: (/home/user/workspace/ros/devel/.private/ohm_sensors_msgs/share/ohm_sensors_msgs/cmake/ohm_sensors_msgsConfig.cmake, /home/user/workspace/ros/devel/share/ohm_sensors_msgs/cmake/ohm_sensors_msgsConfig.cmake)
Linked: (/home/user/workspace/ros/devel/.private/ohm_sensors_msgs/share/ohm_sensors_msgs/cmake/ohm_sensors_msgs-msg-extras.cmake, /home/user/workspace/ros/devel/share/ohm_sensors_msgs/cmake/ohm_sensors_msgs-msg-extras.cmake)
Linked: (/home/user/workspace/ros/devel/.private/ohm_sensors_msgs/share/roseus/ros/ohm_sensors_msgs/manifest.l, /home/user/workspace/ros/devel/share/roseus/ros/ohm_sensors_msgs/manifest.l)
Linked: (/home/user/workspace/ros/devel/.private/ohm_sensors_msgs/share/roseus/ros/ohm_sensors_msgs/srv/StartTiltScan3D.l, /home/user/workspace/ros/devel/share/roseus/ros/ohm_sensors_msgs/srv/StartTiltScan3D.l)
Linked: (/home/user/workspace/ros/devel/.private/ohm_sensors_msgs/share/common-lisp/ros/ohm_sensors_msgs/srv/ohm_sensors_msgs-srv.asd, /home/user/workspace/ros/devel/share/common-lisp/ros/ohm_sensors_msgs/srv/ohm_sensors_msgs-srv.asd)
Linked: (/home/user/workspace/ros/devel/.private/ohm_sensors_msgs/share/common-lisp/ros/ohm_sensors_msgs/srv/StartTiltScan3D.lisp, /home/user/workspace/ros/devel/share/common-lisp/ros/ohm_sensors_msgs/srv/StartTiltScan3D.lisp)
Linked: (/home/user/workspace/ros/devel/.private/ohm_sensors_msgs/share/common-lisp/ros/ohm_sensors_msgs/srv/_package.lisp, /home/user/workspace/ros/devel/share/common-lisp/ros/ohm_sensors_msgs/srv/_package.lisp)
Linked: (/home/user/workspace/ros/devel/.private/ohm_sensors_msgs/share/common-lisp/ros/ohm_sensors_msgs/srv/_package_StartTiltScan3D.lisp, /home/user/workspace/ros/devel/share/common-lisp/ros/ohm_sensors_msgs/srv/_package_StartTiltScan3D.lisp)
Linked: (/home/user/workspace/ros/devel/.private/ohm_sensors_msgs/lib/python3/dist-packages/ohm_sensors_msgs/__init__.py, /home/user/workspace/ros/devel/lib/python3/dist-packages/ohm_sensors_msgs/__init__.py)
Linked: (/home/user/workspace/ros/devel/.private/ohm_sensors_msgs/lib/python3/dist-packages/ohm_sensors_msgs/srv/_StartTiltScan3D.py, /home/user/workspace/ros/devel/lib/python3/dist-packages/ohm_sensors_msgs/srv/_StartTiltScan3D.py)
Linked: (/home/user/workspace/ros/devel/.private/ohm_sensors_msgs/lib/python3/dist-packages/ohm_sensors_msgs/srv/__init__.py, /home/user/workspace/ros/devel/lib/python3/dist-packages/ohm_sensors_msgs/srv/__init__.py)
Linked: (/home/user/workspace/ros/devel/.private/ohm_sensors_msgs/lib/pkgconfig/ohm_sensors_msgs.pc, /home/user/workspace/ros/devel/lib/pkgconfig/ohm_sensors_msgs.pc)
Linked: (/home/user/workspace/ros/devel/.private/ohm_sensors_msgs/include/ohm_sensors_msgs/StartTiltScan3DResponse.h, /home/user/workspace/ros/devel/include/ohm_sensors_msgs/StartTiltScan3DResponse.h)
Linked: (/home/user/workspace/ros/devel/.private/ohm_sensors_msgs/include/ohm_sensors_msgs/StartTiltScan3DRequest.h, /home/user/workspace/ros/devel/include/ohm_sensors_msgs/StartTiltScan3DRequest.h)
Linked: (/home/user/workspace/ros/devel/.private/ohm_sensors_msgs/include/ohm_sensors_msgs/StartTiltScan3D.h, /home/user/workspace/ros/devel/include/ohm_sensors_msgs/StartTiltScan3D.h)
