[35m[1mScanning dependencies of target std_msgs_generate_messages_cpp[0m
[  0%] Built target std_msgs_generate_messages_cpp
[35m[1mScanning dependencies of target _ohm_sensors_msgs_generate_messages_check_deps_StartTiltScan3D[0m
[  0%] Built target _ohm_sensors_msgs_generate_messages_check_deps_StartTiltScan3D
[35m[1mScanning dependencies of target std_msgs_generate_messages_nodejs[0m
[  0%] Built target std_msgs_generate_messages_nodejs
[35m[1mScanning dependencies of target std_msgs_generate_messages_py[0m
[  0%] Built target std_msgs_generate_messages_py
[35m[1mScanning dependencies of target std_msgs_generate_messages_eus[0m
[  0%] Built target std_msgs_generate_messages_eus
[35m[1mScanning dependencies of target std_msgs_generate_messages_lisp[0m
[  0%] Built target std_msgs_generate_messages_lisp
[35m[1mScanning dependencies of target ohm_sensors_msgs_generate_messages_cpp[0m
[ 14%] [34m[1mGenerating C++ code from ohm_sensors_msgs/StartTiltScan3D.srv[0m
[35m[1mScanning dependencies of target ohm_sensors_msgs_generate_messages_nodejs[0m
[ 28%] [34m[1mGenerating Javascript code from ohm_sensors_msgs/StartTiltScan3D.srv[0m
[ 28%] Built target ohm_sensors_msgs_generate_messages_cpp
[ 28%] Built target ohm_sensors_msgs_generate_messages_nodejs
[35m[1mScanning dependencies of target ohm_sensors_msgs_generate_messages_py[0m
[35m[1mScanning dependencies of target ohm_sensors_msgs_generate_messages_eus[0m
[ 42%] [34m[1mGenerating Python code from SRV ohm_sensors_msgs/StartTiltScan3D[0m
[ 57%] [34m[1mGenerating EusLisp code from ohm_sensors_msgs/StartTiltScan3D.srv[0m
[ 71%] [34m[1mGenerating EusLisp manifest code for ohm_sensors_msgs[0m
[ 85%] [34m[1mGenerating Python srv __init__.py for ohm_sensors_msgs[0m
[35m[1mScanning dependencies of target ohm_sensors_msgs_generate_messages_lisp[0m
[100%] [34m[1mGenerating Lisp code from ohm_sensors_msgs/StartTiltScan3D.srv[0m
[100%] Built target ohm_sensors_msgs_generate_messages_lisp
[100%] Built target ohm_sensors_msgs_generate_messages_py
[100%] Built target ohm_sensors_msgs_generate_messages_eus
[35m[1mScanning dependencies of target ohm_sensors_msgs_generate_messages[0m
[100%] Built target ohm_sensors_msgs_generate_messages
