[  0%] Built target std_msgs_generate_messages_eus
[  6%] Built target exploration
[ 16%] Built target horizon
[ 22%] Built target health
[ 32%] Built target horizon2
[ 32%] Built target std_msgs_generate_messages_py
[ 38%] Built target tiltscan
[ 38%] Built target std_msgs_generate_messages_nodejs
[ 38%] Built target std_msgs_generate_messages_cpp
[ 38%] Built target _ohm_rqt_generate_messages_check_deps_pu
[ 38%] Built target std_msgs_generate_messages_lisp
[ 40%] Built target ohm_rqt_generate_messages_cpp
[ 44%] Built target ohm_rqt_generate_messages_eus
[ 45%] Built target ohm_rqt_generate_messages_py
[ 52%] Built target clock
[ 58%] Built target co2
[ 60%] Built target ohm_rqt_generate_messages_nodejs
[ 61%] Built target ohm_rqt_generate_messages_lisp
[100%] Built target remote
[100%] Built target ohm_rqt_generate_messages
