[  9%] Built target horizon2
[  9%] Built target std_msgs_generate_messages_eus
[ 16%] Built target health
[ 22%] Built target exploration
[ 32%] Built target horizon
[ 38%] Built target tiltscan
[ 38%] Built target std_msgs_generate_messages_cpp
[ 38%] Built target std_msgs_generate_messages_py
[ 38%] Built target std_msgs_generate_messages_nodejs
[ 38%] Built target std_msgs_generate_messages_lisp
[ 38%] Built target _ohm_rqt_generate_messages_check_deps_pu
[ 45%] Built target co2
[ 52%] Built target clock
[ 90%] Built target remote
[ 92%] Built target ohm_rqt_generate_messages_cpp
[ 93%] Built target ohm_rqt_generate_messages_nodejs
[ 96%] Built target ohm_rqt_generate_messages_eus
[ 97%] Built target ohm_rqt_generate_messages_lisp
[100%] Built target ohm_rqt_generate_messages_py
[100%] Built target ohm_rqt_generate_messages
