[  1%] [34m[1mGenerating src/horizon/moc_WidgetHorizon.cpp[0m
[  2%] [34m[1mGenerating ui_exploration.h[0m
[  4%] [34m[1mGenerating ui_tiltscan.h[0m
[35m[1mScanning dependencies of target std_msgs_generate_messages_eus[0m
[  5%] [34m[1mGenerating src/horizon2/moc_WidgetHorizon2.cpp[0m
[35m[1mScanning dependencies of target _ohm_rqt_generate_messages_check_deps_pu[0m
[  6%] [34m[1mGenerating ui_health_plugin.h[0m
[  8%] [34m[1mAutomatic RCC for src/remote/gui/icons/qt_res.qrc[0m
Widget 'lcdNumber48': Deprecated property QLCDNumber::numDigits encountered. It has been replaced by QLCDNumber::digitCount.
Widget 'lcdNumber24': Deprecated property QLCDNumber::numDigits encountered. It has been replaced by QLCDNumber::digitCount.
[  9%] [34m[1mGenerating src/tiltscan/moc_TiltScanPlugin.cpp[0m
[ 10%] [34m[1mGenerating src/exploration/moc_ExplorationPlugin.cpp[0m
[ 10%] Built target std_msgs_generate_messages_eus
[ 12%] [34m[1mGenerating src/health/moc_HealthPlugin.cpp[0m
[35m[1mScanning dependencies of target std_msgs_generate_messages_py[0m
/home/user/workspace/ros/src/ohm_teleop/ohm_rqt/src/horizon/WidgetHorizon.h:0: Note: No relevant classes found. No output generated.
/home/user/workspace/ros/src/ohm_teleop/ohm_rqt/src/horizon2/WidgetHorizon2.h:0: Note: No relevant classes found. No output generated.
[ 12%] Built target _ohm_rqt_generate_messages_check_deps_pu
[ 14%] [34m[1mGenerating src/horizon/moc_horizon.cpp[0m
[ 14%] [34m[1mGenerating src/remote/moc_RemotePlugin.cpp[0m
[ 14%] Built target std_msgs_generate_messages_py
[ 16%] [34m[1mGenerating src/horizon2/moc_horizon2.cpp[0m
[35m[1mScanning dependencies of target std_msgs_generate_messages_cpp[0m
[35m[1mScanning dependencies of target std_msgs_generate_messages_nodejs[0m
[ 16%] Built target std_msgs_generate_messages_cpp
[ 16%] Built target std_msgs_generate_messages_nodejs
[35m[1mScanning dependencies of target std_msgs_generate_messages_lisp[0m
[ 17%] [34m[1mGenerating ui_clock.h[0m
[ 17%] Built target std_msgs_generate_messages_lisp
Widget 'lcdNumber': Deprecated property QLCDNumber::numDigits encountered. It has been replaced by QLCDNumber::digitCount.
Widget 'lcdNumber_2': Deprecated property QLCDNumber::numDigits encountered. It has been replaced by QLCDNumber::digitCount.
[ 18%] [34m[1mGenerating ui_co2.h[0m
[ 20%] [34m[1mGenerating src/clock/moc_clock.cpp[0m
[ 21%] [34m[1mGenerating src/co2/moc_CO2Plugin.cpp[0m
[35m[1mScanning dependencies of target exploration[0m
[35m[1mScanning dependencies of target health[0m
[ 22%] [32mBuilding CXX object CMakeFiles/exploration.dir/src/exploration/ExplorationPlugin.cpp.o[0m
[35m[1mScanning dependencies of target tiltscan[0m
[ 24%] [32mBuilding CXX object CMakeFiles/health.dir/src/health/HealthPlugin.cpp.o[0m
[35m[1mScanning dependencies of target horizon2[0m
[ 25%] [32mBuilding CXX object CMakeFiles/tiltscan.dir/src/tiltscan/TiltScanPlugin.cpp.o[0m
[ 26%] [32mBuilding CXX object CMakeFiles/horizon2.dir/src/horizon2/horizon2.cpp.o[0m
[35m[1mScanning dependencies of target horizon[0m
[ 28%] [34m[1mGenerating src/remote/gui/moc_WidgetMain.cpp[0m
[35m[1mScanning dependencies of target co2[0m
[35m[1mScanning dependencies of target clock[0m
[ 29%] [32mBuilding CXX object CMakeFiles/horizon.dir/src/horizon/horizon.cpp.o[0m
[ 30%] [32mBuilding CXX object CMakeFiles/co2.dir/src/co2/CO2Plugin.cpp.o[0m
[ 32%] [32mBuilding CXX object CMakeFiles/clock.dir/src/clock/clock.cpp.o[0m
[ 33%] [34m[1mGenerating src/remote/gui/moc_Hud.cpp[0m
[ 34%] [34m[1mGenerating ui_main.h[0m
[35m[1mScanning dependencies of target remote[0m
[ 36%] [32mBuilding CXX object CMakeFiles/remote.dir/src/remote/RemotePlugin.cpp.o[0m
In file included from [01m[K/home/user/workspace/ros/src/ohm_teleop/ohm_rqt/src/health/HealthPlugin.cpp:8[m[K:
[01m[K/home/user/workspace/ros/src/ohm_teleop/ohm_rqt/src/health/HealthPlugin.h:19:10:[m[K [01;31m[Kfatal error: [m[Kohm_rqt/pu.h: No such file or directory
   19 | #include [01;31m[K"ohm_rqt/pu.h"[m[K
      |          [01;31m[K^~~~~~~~~~~~~~[m[K
compilation terminated.
make[2]: *** [CMakeFiles/health.dir/build.make:71: CMakeFiles/health.dir/src/health/HealthPlugin.cpp.o] Error 1
make[1]: *** [CMakeFiles/Makefile2:824: CMakeFiles/health.dir/all] Error 2
make[1]: *** Waiting for unfinished jobs....
[ 37%] [32mBuilding CXX object CMakeFiles/remote.dir/src/remote/gui/WidgetMain.cpp.o[0m
[ 38%] [32mBuilding CXX object CMakeFiles/tiltscan.dir/src/tiltscan/moc_TiltScanPlugin.cpp.o[0m
[ 40%] [32mBuilding CXX object CMakeFiles/co2.dir/src/co2/moc_CO2Plugin.cpp.o[0m
[ 41%] [32mBuilding CXX object CMakeFiles/exploration.dir/src/exploration/moc_ExplorationPlugin.cpp.o[0m
[ 42%] [32mBuilding CXX object CMakeFiles/horizon.dir/src/horizon/WidgetHorizon.cpp.o[0m
[ 44%] [32mBuilding CXX object CMakeFiles/clock.dir/src/clock/moc_clock.cpp.o[0m
[ 45%] [32mBuilding CXX object CMakeFiles/horizon2.dir/src/horizon2/WidgetHorizon2.cpp.o[0m
[ 46%] [32mBuilding CXX object CMakeFiles/horizon.dir/src/horizon/moc_horizon.cpp.o[0m
[ 48%] [32mBuilding CXX object CMakeFiles/horizon2.dir/src/horizon2/moc_horizon2.cpp.o[0m
[ 49%] [32mBuilding CXX object CMakeFiles/horizon2.dir/src/horizon2/moc_WidgetHorizon2.cpp.o[0m
[ 50%] [32mBuilding CXX object CMakeFiles/horizon.dir/src/horizon/moc_WidgetHorizon.cpp.o[0m
[ 52%] [32mBuilding CXX object CMakeFiles/remote.dir/src/remote/Communication.cpp.o[0m
[ 53%] [32mBuilding CXX object CMakeFiles/remote.dir/src/remote/gui/Hud.cpp.o[0m
[ 54%] [32m[1mLinking CXX shared library /home/user/workspace/ros/devel/.private/ohm_rqt/lib/libtiltscan.so[0m
[ 54%] Built target tiltscan
[ 56%] [32mBuilding CXX object CMakeFiles/remote.dir/src/remote/gui/PerspectiveModel.cpp.o[0m
[ 57%] [32m[1mLinking CXX shared library /home/user/workspace/ros/devel/.private/ohm_rqt/lib/libco2.so[0m
[ 58%] [32m[1mLinking CXX shared library /home/user/workspace/ros/devel/.private/ohm_rqt/lib/libclock.so[0m
[ 58%] Built target clock
[ 60%] [32mBuilding CXX object CMakeFiles/remote.dir/src/remote/utils/SuperImageSubscriber.cpp.o[0m
[ 61%] [32m[1mLinking CXX shared library /home/user/workspace/ros/devel/.private/ohm_rqt/lib/libexploration.so[0m
[ 61%] Built target co2
[ 62%] [32mBuilding CXX object CMakeFiles/remote.dir/src/remote/MapperController.cpp.o[0m
[ 62%] Built target exploration
[ 64%] [32mBuilding CXX object CMakeFiles/remote.dir/src/remote/mappers/MapperBase.cpp.o[0m
[ 65%] [32m[1mLinking CXX shared library /home/user/workspace/ros/devel/.private/ohm_rqt/lib/libhorizon.so[0m
[ 65%] Built target horizon
[ 66%] [32mBuilding CXX object CMakeFiles/remote.dir/src/remote/mappers/MapperArm.cpp.o[0m
[ 68%] [32m[1mLinking CXX shared library /home/user/workspace/ros/devel/.private/ohm_rqt/lib/libhorizon2.so[0m
[ 68%] Built target horizon2
[ 69%] [32mBuilding CXX object CMakeFiles/remote.dir/src/remote/mappers/MapperDrive.cpp.o[0m
[ 70%] [32mBuilding CXX object CMakeFiles/remote.dir/src/remote/mappers/MapperDriveReverse.cpp.o[0m
[ 72%] [32mBuilding CXX object CMakeFiles/remote.dir/src/remote/mappers/MapperHud.cpp.o[0m
[ 73%] [32mBuilding CXX object CMakeFiles/remote.dir/src/remote/gui/menu/MenuItemBase.cpp.o[0m
[ 74%] [32mBuilding CXX object CMakeFiles/remote.dir/src/remote/gui/menu/MenuItemModeArm.cpp.o[0m
[ 76%] [32mBuilding CXX object CMakeFiles/remote.dir/src/remote/gui/menu/MenuItemModeDrive.cpp.o[0m
[ 77%] [32mBuilding CXX object CMakeFiles/remote.dir/src/remote/gui/menu/MenuItemModeDriveReverse.cpp.o[0m
[ 78%] [32mBuilding CXX object CMakeFiles/remote.dir/src/remote/gui/menu/MenuItemFlipperAscent.cpp.o[0m
[ 80%] [32mBuilding CXX object CMakeFiles/remote.dir/src/remote/gui/menu/MenuItemFlipperFlat.cpp.o[0m
[ 81%] [32mBuilding CXX object CMakeFiles/remote.dir/src/remote/gui/menu/MenuItemFlipperUp4.cpp.o[0m
[ 82%] [32mBuilding CXX object CMakeFiles/remote.dir/src/remote/moc_RemotePlugin.cpp.o[0m
[ 84%] [32mBuilding CXX object CMakeFiles/remote.dir/src/remote/gui/moc_WidgetMain.cpp.o[0m
[ 85%] [32mBuilding CXX object CMakeFiles/remote.dir/src/remote/gui/moc_Hud.cpp.o[0m
[ 86%] [32mBuilding CXX object CMakeFiles/remote.dir/remote_autogen/MBKWOVDKRC/qrc_qt_res.cpp.o[0m
[ 88%] [32m[1mLinking CXX shared library /home/user/workspace/ros/devel/.private/ohm_rqt/lib/libremote.so[0m
[ 88%] Built target remote
make: *** [Makefile:141: all] Error 2
