Symlinking /home/user/workspace/ros/devel/share/gennodejs/ros/ohm_rqt/_index.js
Symlinking /home/user/workspace/ros/devel/share/gennodejs/ros/ohm_rqt/msg/_index.js
Symlinking /home/user/workspace/ros/devel/share/gennodejs/ros/ohm_rqt/msg/pu.js
Symlinking /home/user/workspace/ros/devel/share/ohm_rqt/cmake/ohm_rqt-msg-paths.cmake
Symlinking /home/user/workspace/ros/devel/share/ohm_rqt/cmake/ohm_rqt-msg-extras.cmake
Symlinking /home/user/workspace/ros/devel/share/ohm_rqt/cmake/ohm_rqtConfig.cmake
Symlinking /home/user/workspace/ros/devel/share/ohm_rqt/cmake/ohm_rqtConfig-version.cmake
Symlinking /home/user/workspace/ros/devel/share/roseus/ros/ohm_rqt/manifest.l
Symlinking /home/user/workspace/ros/devel/share/roseus/ros/ohm_rqt/msg/pu.l
Symlinking /home/user/workspace/ros/devel/share/common-lisp/ros/ohm_rqt/msg/ohm_rqt-msg.asd
Symlinking /home/user/workspace/ros/devel/share/common-lisp/ros/ohm_rqt/msg/_package_pu.lisp
Symlinking /home/user/workspace/ros/devel/share/common-lisp/ros/ohm_rqt/msg/_package.lisp
Symlinking /home/user/workspace/ros/devel/share/common-lisp/ros/ohm_rqt/msg/pu.lisp
Symlinking /home/user/workspace/ros/devel/lib/libremote.so
Symlinking /home/user/workspace/ros/devel/lib/libclock.so
Symlinking /home/user/workspace/ros/devel/lib/libhorizon2.so
Symlinking /home/user/workspace/ros/devel/lib/libexploration.so
Symlinking /home/user/workspace/ros/devel/lib/libhorizon.so
Symlinking /home/user/workspace/ros/devel/lib/libco2.so
Symlinking /home/user/workspace/ros/devel/lib/libhealth.so
Symlinking /home/user/workspace/ros/devel/lib/libtiltscan.so
Symlinking /home/user/workspace/ros/devel/lib/python3/dist-packages/ohm_rqt/__init__.py
Symlinking /home/user/workspace/ros/devel/lib/python3/dist-packages/ohm_rqt/msg/_pu.py
Symlinking /home/user/workspace/ros/devel/lib/python3/dist-packages/ohm_rqt/msg/__init__.py
Symlinking /home/user/workspace/ros/devel/lib/pkgconfig/ohm_rqt.pc
Symlinking /home/user/workspace/ros/devel/include/ohm_rqt/pu.h
