[  6%] Built target exploration
[  8%] [32mBuilding CXX object CMakeFiles/health.dir/src/health/HealthPlugin.cpp.o[0m
[ 17%] Built target horizon2
[ 17%] Built target std_msgs_generate_messages_eus
[ 26%] Built target horizon
[ 33%] Built target tiltscan
[ 33%] Built target std_msgs_generate_messages_nodejs
[ 33%] Built target std_msgs_generate_messages_cpp
[ 33%] Built target std_msgs_generate_messages_py
[ 33%] Built target _ohm_rqt_generate_messages_check_deps_pu
[ 33%] Built target std_msgs_generate_messages_lisp
[ 37%] [32mBuilding CXX object CMakeFiles/health.dir/src/health/moc_HealthPlugin.cpp.o[0m
[ 41%] Built target clock
[35m[1mScanning dependencies of target ohm_rqt_generate_messages_py[0m
[35m[1mScanning dependencies of target ohm_rqt_generate_messages_eus[0m
[35m[1mScanning dependencies of target ohm_rqt_generate_messages_nodejs[0m
[ 80%] Built target remote
[35m[1mScanning dependencies of target ohm_rqt_generate_messages_cpp[0m
[ 81%] [34m[1mGenerating EusLisp code from ohm_rqt/pu.msg[0m
[ 82%] [34m[1mGenerating Python from MSG ohm_rqt/pu[0m
[35m[1mScanning dependencies of target ohm_rqt_generate_messages_lisp[0m
[ 89%] Built target co2
[ 90%] [34m[1mGenerating Javascript code from ohm_rqt/pu.msg[0m
[ 92%] [34m[1mGenerating Lisp code from ohm_rqt/pu.msg[0m
[ 93%] [34m[1mGenerating C++ code from ohm_rqt/pu.msg[0m
[ 94%] [34m[1mGenerating EusLisp manifest code for ohm_rqt[0m
[ 94%] Built target ohm_rqt_generate_messages_lisp
[ 94%] Built target ohm_rqt_generate_messages_nodejs
[ 94%] Built target ohm_rqt_generate_messages_cpp
[ 96%] [34m[1mGenerating Python msg __init__.py for ohm_rqt[0m
[ 96%] Built target ohm_rqt_generate_messages_py
[ 96%] Built target ohm_rqt_generate_messages_eus
[35m[1mScanning dependencies of target ohm_rqt_generate_messages[0m
[ 96%] Built target ohm_rqt_generate_messages
[ 97%] [32m[1mLinking CXX shared library /home/user/workspace/ros/devel/.private/ohm_rqt/lib/libhealth.so[0m
[100%] Built target health
