Not searching for unused variables given on the command line.
CMake Warning (dev) at CMakeLists.txt:2 (project):
  Policy CMP0048 is not set: project() command manages VERSION variables.
  Run "cmake --help-policy CMP0048" for policy details.  Use the cmake_policy
  command to set the policy and suppress this warning.

  The following variable(s) would be set to empty:

    CMAKE_PROJECT_VERSION
    CMAKE_PROJECT_VERSION_MAJOR
    CMAKE_PROJECT_VERSION_MINOR
    CMAKE_PROJECT_VERSION_PATCH
This warning is for project developers.  Use -Wno-dev to suppress it.

[36m--[0m Using CATKIN_DEVEL_PREFIX: /home/user/workspace/ros/devel/.private/ohm_augment_objects
[36m--[0m Using CMAKE_PREFIX_PATH: /home/user/workspace/ros/devel;/opt/ros/noetic
[36m--[0m This workspace overlays: /home/user/workspace/ros/devel;/opt/ros/noetic
[36m--[0m Found PythonInterp: /usr/bin/python3 (found suitable version "3.8.10", minimum required is "3")
[36m--[0m Using PYTHON_EXECUTABLE: /usr/bin/python3
[36m--[0m Using Debian Python package layout
[36m--[0m Using empy: /usr/lib/python3/dist-packages/em.py
[36m--[0m Using CATKIN_ENABLE_TESTING: ON
[36m--[0m Call enable_testing()
[36m--[0m Using CATKIN_TEST_RESULTS_DIR: /home/user/workspace/ros/build/ohm_augment_objects/test_results
[36m--[0m Forcing gtest/gmock from source, though one was otherwise available.
[36m--[0m Found gtest sources under '/usr/src/googletest': gtests will be built
[36m--[0m Found gmock sources under '/usr/src/googletest': gmock will be built
[36m--[0m Found PythonInterp: /usr/bin/python3 (found version "3.8.10")
[36m--[0m Using Python nosetests: /usr/bin/nosetests3
[36m--[0m catkin 0.8.10
[36m--[0m BUILD_SHARED_LIBS is on
[31m[1mCMake Error[0m at /usr/share/cmake-3.16/Modules/FindQt4.cmake:1314 (message):
  Found unsuitable Qt version "5.12.8" from /usr/bin/qmake, this code
  requires Qt 4.x
[36mCall Stack (most recent call first):[0m
  CMakeLists.txt:19 (find_package)


[36m--[0m Configuring incomplete, errors occurred!
See also "/home/user/workspace/ros/build/ohm_augment_objects/CMakeFiles/CMakeOutput.log".
See also "/home/user/workspace/ros/build/ohm_augment_objects/CMakeFiles/CMakeError.log".
