[35m[1mScanning dependencies of target ohm_actors_msgs_generate_messages_nodejs[0m
[35m[1mScanning dependencies of target ohm_teleop_msgs_generate_messages_eus[0m
[35m[1mScanning dependencies of target ohm_teleop_msgs_generate_messages_py[0m
[35m[1mScanning dependencies of target std_msgs_generate_messages_eus[0m
[35m[1mScanning dependencies of target ohm_actors_msgs_generate_messages_eus[0m
[35m[1mScanning dependencies of target rosgraph_msgs_generate_messages_eus[0m
[35m[1mScanning dependencies of target roscpp_generate_messages_nodejs[0m
[35m[1mScanning dependencies of target rosgraph_msgs_generate_messages_cpp[0m
[  0%] Built target rosgraph_msgs_generate_messages_eus
[  0%] Built target ohm_teleop_msgs_generate_messages_eus
[  0%] Built target ohm_actors_msgs_generate_messages_eus
[  0%] Built target roscpp_generate_messages_nodejs
[  0%] Built target ohm_actors_msgs_generate_messages_nodejs
[  0%] Built target rosgraph_msgs_generate_messages_cpp
[  0%] Built target ohm_teleop_msgs_generate_messages_py
[  0%] Built target std_msgs_generate_messages_eus
[35m[1mScanning dependencies of target roscpp_generate_messages_eus[0m
[35m[1mScanning dependencies of target roscpp_generate_messages_cpp[0m
[35m[1mScanning dependencies of target std_msgs_generate_messages_lisp[0m
[35m[1mScanning dependencies of target rosgraph_msgs_generate_messages_lisp[0m
[35m[1mScanning dependencies of target ohm_teleop_msgs_generate_messages_nodejs[0m
[35m[1mScanning dependencies of target rosgraph_msgs_generate_messages_py[0m
[35m[1mScanning dependencies of target ohm_teleop_msgs_generate_messages_lisp[0m
[35m[1mScanning dependencies of target rosgraph_msgs_generate_messages_nodejs[0m
[  0%] Built target rosgraph_msgs_generate_messages_lisp
[  0%] Built target ohm_teleop_msgs_generate_messages_lisp
[  0%] Built target rosgraph_msgs_generate_messages_py
[  0%] Built target std_msgs_generate_messages_lisp
[  0%] Built target roscpp_generate_messages_cpp
[  0%] Built target roscpp_generate_messages_eus
[  0%] Built target ohm_teleop_msgs_generate_messages_nodejs
[  0%] Built target rosgraph_msgs_generate_messages_nodejs
[35m[1mScanning dependencies of target ohm_actors_msgs_generate_messages_py[0m
[35m[1mScanning dependencies of target ohm_actors_msgs_generate_messages_lisp[0m
[35m[1mScanning dependencies of target std_msgs_generate_messages_cpp[0m
[35m[1mScanning dependencies of target roscpp_generate_messages_py[0m
[35m[1mScanning dependencies of target std_msgs_generate_messages_py[0m
[35m[1mScanning dependencies of target std_msgs_generate_messages_nodejs[0m
[35m[1mScanning dependencies of target ohm_teleop_msgs_generate_messages_cpp[0m
[35m[1mScanning dependencies of target roscpp_generate_messages_lisp[0m
[  0%] Built target ohm_actors_msgs_generate_messages_py
[  0%] Built target roscpp_generate_messages_py
[  0%] Built target std_msgs_generate_messages_cpp
[  0%] Built target std_msgs_generate_messages_py
[  0%] Built target std_msgs_generate_messages_nodejs
[  0%] Built target ohm_actors_msgs_generate_messages_lisp
[  0%] Built target ohm_teleop_msgs_generate_messages_cpp
[  0%] Built target roscpp_generate_messages_lisp
[35m[1mScanning dependencies of target ohm_joy_rough_node_autogen[0m
[35m[1mScanning dependencies of target ohm_actors_msgs_generate_messages_cpp[0m
[  2%] Built target ohm_actors_msgs_generate_messages_cpp
[  2%] [34m[1mAutomatic MOC for target ohm_joy_rough_node[0m
[35m[1mScanning dependencies of target ohm_joy_node_autogen[0m
[35m[1mScanning dependencies of target ohm_joy_advanced_autogen[0m
[35m[1mScanning dependencies of target ohm_joy_config_autogen[0m
[  6%] [34m[1mAutomatic MOC for target ohm_joy_advanced[0m
[  6%] [34m[1mAutomatic MOC for target ohm_joy_config[0m
[  8%] [34m[1mAutomatic MOC for target ohm_joy_node[0m
[  8%] Built target ohm_joy_rough_node_autogen
[35m[1mScanning dependencies of target ohm_joy_rough_node[0m
[  8%] Built target ohm_joy_advanced_autogen
[  8%] Built target ohm_joy_config_autogen
[  8%] Built target ohm_joy_node_autogen
[ 10%] [32mBuilding CXX object CMakeFiles/ohm_joy_rough_node.dir/ohm_joy_rough_node_autogen/mocs_compilation.cpp.o[0m
[ 13%] [32mBuilding CXX object CMakeFiles/ohm_joy_rough_node.dir/src/ohm_joy_rough_node.cpp.o[0m
[ 17%] [34m[1mGenerating ui_JoyConfigInputWidget.h[0m
[ 17%] [34m[1mGenerating ui_JoyConfigInputWidget.h[0m
[ 19%] [34m[1mGenerating src/moc_JoyConfig.cpp[0m
[ 21%] [34m[1mGenerating src/moc_JoyConfig.cpp[0m
[ 23%] [34m[1mGenerating ui_JoyConfig.h[0m
[ 26%] [34m[1mGenerating src/moc_JoyConfigInputWidget.cpp[0m
[ 28%] [34m[1mGenerating src/moc_JoyConfigInputWidget.cpp[0m
[ 30%] [34m[1mGenerating ui_JoyConfig.h[0m
[35m[1mScanning dependencies of target ohm_joy_node[0m
[35m[1mScanning dependencies of target ohm_joy_config[0m
[ 32%] [32mBuilding CXX object CMakeFiles/ohm_joy_node.dir/ohm_joy_node_autogen/mocs_compilation.cpp.o[0m
[ 34%] [32mBuilding CXX object CMakeFiles/ohm_joy_node.dir/src/ohm_joy_node.cpp.o[0m
[ 36%] [32mBuilding CXX object CMakeFiles/ohm_joy_node.dir/src/JoyMapper.cpp.o[0m
[ 41%] [32mBuilding CXX object CMakeFiles/ohm_joy_node.dir/src/JoyConfigInputWidget.cpp.o[0m
[ 41%] [32mBuilding CXX object CMakeFiles/ohm_joy_node.dir/src/JoyConfig.cpp.o[0m
[ 43%] [32mBuilding CXX object CMakeFiles/ohm_joy_node.dir/src/moc_JoyConfig.cpp.o[0m
[ 45%] [32mBuilding CXX object CMakeFiles/ohm_joy_node.dir/src/moc_JoyConfigInputWidget.cpp.o[0m
[ 47%] [32mBuilding CXX object CMakeFiles/ohm_joy_config.dir/ohm_joy_config_autogen/mocs_compilation.cpp.o[0m
[ 50%] [32mBuilding CXX object CMakeFiles/ohm_joy_config.dir/src/ohm_joy_config.cpp.o[0m
[ 52%] [32mBuilding CXX object CMakeFiles/ohm_joy_config.dir/src/JoyConfig.cpp.o[0m
[ 54%] [32mBuilding CXX object CMakeFiles/ohm_joy_config.dir/src/JoyConfigInputWidget.cpp.o[0m
[ 56%] [32mBuilding CXX object CMakeFiles/ohm_joy_config.dir/src/moc_JoyConfig.cpp.o[0m
[ 58%] [32m[1mLinking CXX executable /home/user/workspace/ros/devel/.private/ohm_joy/lib/ohm_joy/ohm_joy_rough_node[0m
[ 60%] [32mBuilding CXX object CMakeFiles/ohm_joy_config.dir/src/moc_JoyConfigInputWidget.cpp.o[0m
[ 60%] Built target ohm_joy_rough_node
[35m[1mScanning dependencies of target ohm_joy_advanced[0m
[ 63%] [32mBuilding CXX object CMakeFiles/ohm_joy_advanced.dir/ohm_joy_advanced_autogen/mocs_compilation.cpp.o[0m
[ 65%] [32mBuilding CXX object CMakeFiles/ohm_joy_advanced.dir/src/ohm_joy_advanced_node.cpp.o[0m
[ 67%] [32mBuilding CXX object CMakeFiles/ohm_joy_advanced.dir/src/JoyMapper.cpp.o[0m
[ 69%] [32mBuilding CXX object CMakeFiles/ohm_joy_advanced.dir/src/plugins/JoyToVel.cpp.o[0m
[ 71%] [32mBuilding CXX object CMakeFiles/ohm_joy_advanced.dir/src/plugins/JoyToFlipper.cpp.o[0m
[ 73%] [32m[1mLinking CXX executable /home/user/workspace/ros/devel/.private/ohm_joy/lib/ohm_joy/ohm_joy_node[0m
[ 73%] Built target ohm_joy_node
[ 76%] [32mBuilding CXX object CMakeFiles/ohm_joy_advanced.dir/src/plugins/JoyToManipulator.cpp.o[0m
[ 78%] [32mBuilding CXX object CMakeFiles/ohm_joy_advanced.dir/src/plugins/JoyToSensorhead.cpp.o[0m
[ 80%] [32mBuilding CXX object CMakeFiles/ohm_joy_advanced.dir/src/JoyConfig.cpp.o[0m
[ 82%] [32m[1mLinking CXX executable /home/user/workspace/ros/devel/.private/ohm_joy/lib/ohm_joy/ohm_joy_config[0m
[ 82%] Built target ohm_joy_config
[ 84%] [32mBuilding CXX object CMakeFiles/ohm_joy_advanced.dir/src/JoyConfigInputWidget.cpp.o[0m
[ 86%] [32mBuilding CXX object CMakeFiles/ohm_joy_advanced.dir/src/moc_JoyConfig.cpp.o[0m
[ 89%] [32mBuilding CXX object CMakeFiles/ohm_joy_advanced.dir/src/moc_JoyConfigInputWidget.cpp.o[0m
[ 91%] [32m[1mLinking CXX executable /home/user/workspace/ros/devel/.private/ohm_joy/lib/ohm_joy/ohm_joy_advanced[0m
[100%] Built target ohm_joy_advanced
