[  0%] Built target std_msgs_generate_messages_eus
[  0%] Built target rosgraph_msgs_generate_messages_eus
[  0%] Built target rosgraph_msgs_generate_messages_cpp
[  0%] Built target ohm_actors_msgs_generate_messages_eus
[  0%] Built target ohm_teleop_msgs_generate_messages_eus
[  0%] Built target ohm_actors_msgs_generate_messages_nodejs
[  0%] Built target ohm_teleop_msgs_generate_messages_py
[  0%] Built target roscpp_generate_messages_nodejs
[  0%] Built target roscpp_generate_messages_cpp
[  0%] Built target rosgraph_msgs_generate_messages_lisp
[  0%] Built target std_msgs_generate_messages_lisp
[  0%] Built target ohm_teleop_msgs_generate_messages_lisp
[  0%] Built target ohm_teleop_msgs_generate_messages_nodejs
[  0%] Built target rosgraph_msgs_generate_messages_nodejs
[  0%] Built target roscpp_generate_messages_eus
[  0%] Built target rosgraph_msgs_generate_messages_py
[  0%] Built target std_msgs_generate_messages_py
[  0%] Built target roscpp_generate_messages_py
[  0%] Built target ohm_actors_msgs_generate_messages_py
[  0%] Built target ohm_actors_msgs_generate_messages_lisp
[  0%] Built target std_msgs_generate_messages_nodejs
[  0%] Built target ohm_teleop_msgs_generate_messages_cpp
[  0%] Built target std_msgs_generate_messages_cpp
[  0%] Built target roscpp_generate_messages_lisp
[  2%] [34m[1mAutomatic MOC for target ohm_joy_rough_node[0m
[  2%] Built target ohm_actors_msgs_generate_messages_cpp
[  2%] Built target ohm_joy_rough_node_autogen
[  6%] [34m[1mAutomatic MOC for target ohm_joy_node[0m
[  6%] [34m[1mAutomatic MOC for target ohm_joy_advanced[0m
[  8%] [34m[1mAutomatic MOC for target ohm_joy_config[0m
[  8%] Built target ohm_joy_config_autogen
[  8%] Built target ohm_joy_advanced_autogen
[  8%] Built target ohm_joy_node_autogen
[ 15%] Built target ohm_joy_rough_node
[ 41%] Built target ohm_joy_node
[ 84%] Built target ohm_joy_config
[100%] Built target ohm_joy_advanced
