Not searching for unused variables given on the command line.
[36m--[0m Using CATKIN_DEVEL_PREFIX: /home/user/workspace/ros/devel/.private/slam_toolbox
[36m--[0m Using CMAKE_PREFIX_PATH: /home/user/workspace/ros/devel;/opt/ros/noetic
[36m--[0m This workspace overlays: /home/user/workspace/ros/devel;/opt/ros/noetic
[36m--[0m Using PYTHON_EXECUTABLE: /usr/bin/python3
[36m--[0m Using Debian Python package layout
[36m--[0m Using empy: /usr/lib/python3/dist-packages/em.py
[36m--[0m Using CATKIN_ENABLE_TESTING: ON
[36m--[0m Call enable_testing()
[36m--[0m Using CATKIN_TEST_RESULTS_DIR: /home/user/workspace/ros/build/slam_toolbox/test_results
[36m--[0m Found gmock: gmock and gtests will be built
[36m--[0m Using Python nosetests: /usr/bin/nosetests3
[36m--[0m catkin 0.8.10
[36m--[0m BUILD_SHARED_LIBS is on
[36m--[0m Using CATKIN_DEVEL_PREFIX: /home/user/workspace/ros/devel/.private/slam_toolbox
[36m--[0m Using CMAKE_PREFIX_PATH: /home/user/workspace/ros/devel;/opt/ros/noetic
[36m--[0m This workspace overlays: /home/user/workspace/ros/devel;/opt/ros/noetic
[36m--[0m Using PYTHON_EXECUTABLE: /usr/bin/python3
[36m--[0m Using Debian Python package layout
[36m--[0m Using empy: /usr/lib/python3/dist-packages/em.py
[36m--[0m Using CATKIN_ENABLE_TESTING: ON
[36m--[0m Call enable_testing()
[36m--[0m Using CATKIN_TEST_RESULTS_DIR: /home/user/workspace/ros/build/slam_toolbox/test_results
[36m--[0m Found gmock: gmock and gtests will be built
[36m--[0m Using Python nosetests: /usr/bin/nosetests3
[36m--[0m catkin 0.8.10
[36m--[0m BUILD_SHARED_LIBS is on
[36m--[0m Using these message generators: gencpp;geneus;genlisp;gennodejs;genpy
[36m--[0m Found PkgConfig: /usr/bin/pkg-config (found version "0.29.1")
[36m--[0m Found CSPARSE: /usr/include/suitesparse
[36m--[0m Found CHOLMOD: /usr/include/suitesparse
[36m--[0m Looking for sgemm_
[36m--[0m Looking for sgemm_ - not found
[36m--[0m Looking for sgemm_
[36m--[0m Looking for sgemm_ - found
[36m--[0m Found BLAS: /usr/lib/x86_64-linux-gnu/libblas.so
[36m--[0m Looking for cheev_
[36m--[0m Looking for cheev_ - not found
[36m--[0m Looking for cheev_
[36m--[0m Looking for cheev_ - found
[36m--[0m A library with LAPACK API found.
[31m[1mCMake Error[0m at /home/user/workspace/ros/src/slam_toolbox/slam_toolbox/CMakeLists.txt:41 (find_package):
  By not providing "FindCeres.cmake" in CMAKE_MODULE_PATH this project has
  asked CMake to find a package configuration file provided by "Ceres", but
  CMake did not find one.

  Could not find a package configuration file provided by "Ceres" with any of
  the following names:

    CeresConfig.cmake
    ceres-config.cmake

  Add the installation prefix of "Ceres" to CMAKE_PREFIX_PATH or set
  "Ceres_DIR" to a directory containing one of the above files.  If "Ceres"
  provides a separate development package or SDK, be sure it has been
  installed.


[36m--[0m Configuring incomplete, errors occurred!
See also "/home/user/workspace/ros/build/slam_toolbox/CMakeFiles/CMakeOutput.log".
See also "/home/user/workspace/ros/build/slam_toolbox/CMakeFiles/CMakeError.log".
