Not searching for unused variables given on the command line.
[36m--[0m Using CATKIN_DEVEL_PREFIX: /home/user/workspace/ros/devel/.private/slam_toolbox
[36m--[0m Using CMAKE_PREFIX_PATH: /home/user/workspace/ros/devel;/opt/ros/noetic
[36m--[0m This workspace overlays: /home/user/workspace/ros/devel;/opt/ros/noetic
[36m--[0m Using PYTHON_EXECUTABLE: /usr/bin/python3
[36m--[0m Using Debian Python package layout
[36m--[0m Using empy: /usr/lib/python3/dist-packages/em.py
[36m--[0m Using CATKIN_ENABLE_TESTING: ON
[36m--[0m Call enable_testing()
[36m--[0m Using CATKIN_TEST_RESULTS_DIR: /home/user/workspace/ros/build/slam_toolbox/test_results
[36m--[0m Found gmock: gmock and gtests will be built
[36m--[0m Using Python nosetests: /usr/bin/nosetests3
[36m--[0m catkin 0.8.10
[36m--[0m BUILD_SHARED_LIBS is on
[36m--[0m Using CATKIN_DEVEL_PREFIX: /home/user/workspace/ros/devel/.private/slam_toolbox
[36m--[0m Using CMAKE_PREFIX_PATH: /home/user/workspace/ros/devel;/opt/ros/noetic
[36m--[0m This workspace overlays: /home/user/workspace/ros/devel;/opt/ros/noetic
[36m--[0m Using PYTHON_EXECUTABLE: /usr/bin/python3
[36m--[0m Using Debian Python package layout
[36m--[0m Using empy: /usr/lib/python3/dist-packages/em.py
[36m--[0m Using CATKIN_ENABLE_TESTING: ON
[36m--[0m Call enable_testing()
[36m--[0m Using CATKIN_TEST_RESULTS_DIR: /home/user/workspace/ros/build/slam_toolbox/test_results
[36m--[0m Found gmock: gmock and gtests will be built
[36m--[0m Using Python nosetests: /usr/bin/nosetests3
[36m--[0m catkin 0.8.10
[36m--[0m BUILD_SHARED_LIBS is on
[36m--[0m Using these message generators: gencpp;geneus;genlisp;gennodejs;genpy
[36m--[0m A library with LAPACK API found.
[36m--[0m Found installed version of Eigen: /usr/lib/cmake/eigen3
[36m--[0m Found required Ceres dependency: Eigen version 3.3.7 in /usr/include/eigen3
[36m--[0m Found required Ceres dependency: glog
[36m--[0m Found installed version of gflags: /usr/lib/x86_64-linux-gnu/cmake/gflags
[36m--[0m Detected gflags version: 2.2.2
[36m--[0m Found required Ceres dependency: gflags
[36m--[0m Found Ceres version: 1.14.0 installed in: /usr with components: [EigenSparse, SparseLinearAlgebraLibrary, LAPACK, SuiteSparse, CXSparse, SchurSpecializations, OpenMP, Multithreading]
[36m--[0m Configuring done
[36m--[0m Generating done
[36m--[0m Build files have been written to: /home/user/workspace/ros/build/slam_toolbox
