Linked: (/home/user/workspace/ros/devel/.private/ohm_sensors_gripper2/share/gennodejs/ros/ohm_sensors_gripper2/_index.js, /home/user/workspace/ros/devel/share/gennodejs/ros/ohm_sensors_gripper2/_index.js)
Linked: (/home/user/workspace/ros/devel/.private/ohm_sensors_gripper2/share/gennodejs/ros/ohm_sensors_gripper2/msg/_index.js, /home/user/workspace/ros/devel/share/gennodejs/ros/ohm_sensors_gripper2/msg/_index.js)
Linked: (/home/user/workspace/ros/devel/.private/ohm_sensors_gripper2/share/gennodejs/ros/ohm_sensors_gripper2/msg/error_detection.js, /home/user/workspace/ros/devel/share/gennodejs/ros/ohm_sensors_gripper2/msg/error_detection.js)
Linked: (/home/user/workspace/ros/devel/.private/ohm_sensors_gripper2/share/gennodejs/ros/ohm_sensors_gripper2/msg/hall.js, /home/user/workspace/ros/devel/share/gennodejs/ros/ohm_sensors_gripper2/msg/hall.js)
Linked: (/home/user/workspace/ros/devel/.private/ohm_sensors_gripper2/share/gennodejs/ros/ohm_sensors_gripper2/msg/from_light_control.js, /home/user/workspace/ros/devel/share/gennodejs/ros/ohm_sensors_gripper2/msg/from_light_control.js)
Linked: (/home/user/workspace/ros/devel/.private/ohm_sensors_gripper2/share/gennodejs/ros/ohm_sensors_gripper2/msg/tof_sensor.js, /home/user/workspace/ros/devel/share/gennodejs/ros/ohm_sensors_gripper2/msg/tof_sensor.js)
Linked: (/home/user/workspace/ros/devel/.private/ohm_sensors_gripper2/share/gennodejs/ros/ohm_sensors_gripper2/msg/to_light_control.js, /home/user/workspace/ros/devel/share/gennodejs/ros/ohm_sensors_gripper2/msg/to_light_control.js)
Linked: (/home/user/workspace/ros/devel/.private/ohm_sensors_gripper2/share/roseus/ros/ohm_sensors_gripper2/manifest.l, /home/user/workspace/ros/devel/share/roseus/ros/ohm_sensors_gripper2/manifest.l)
Linked: (/home/user/workspace/ros/devel/.private/ohm_sensors_gripper2/share/roseus/ros/ohm_sensors_gripper2/msg/tof_sensor.l, /home/user/workspace/ros/devel/share/roseus/ros/ohm_sensors_gripper2/msg/tof_sensor.l)
Linked: (/home/user/workspace/ros/devel/.private/ohm_sensors_gripper2/share/roseus/ros/ohm_sensors_gripper2/msg/from_light_control.l, /home/user/workspace/ros/devel/share/roseus/ros/ohm_sensors_gripper2/msg/from_light_control.l)
Linked: (/home/user/workspace/ros/devel/.private/ohm_sensors_gripper2/share/roseus/ros/ohm_sensors_gripper2/msg/hall.l, /home/user/workspace/ros/devel/share/roseus/ros/ohm_sensors_gripper2/msg/hall.l)
Linked: (/home/user/workspace/ros/devel/.private/ohm_sensors_gripper2/share/roseus/ros/ohm_sensors_gripper2/msg/to_light_control.l, /home/user/workspace/ros/devel/share/roseus/ros/ohm_sensors_gripper2/msg/to_light_control.l)
Linked: (/home/user/workspace/ros/devel/.private/ohm_sensors_gripper2/share/roseus/ros/ohm_sensors_gripper2/msg/error_detection.l, /home/user/workspace/ros/devel/share/roseus/ros/ohm_sensors_gripper2/msg/error_detection.l)
Linked: (/home/user/workspace/ros/devel/.private/ohm_sensors_gripper2/share/common-lisp/ros/ohm_sensors_gripper2/msg/_package_tof_sensor.lisp, /home/user/workspace/ros/devel/share/common-lisp/ros/ohm_sensors_gripper2/msg/_package_tof_sensor.lisp)
Linked: (/home/user/workspace/ros/devel/.private/ohm_sensors_gripper2/share/common-lisp/ros/ohm_sensors_gripper2/msg/_package_error_detection.lisp, /home/user/workspace/ros/devel/share/common-lisp/ros/ohm_sensors_gripper2/msg/_package_error_detection.lisp)
Linked: (/home/user/workspace/ros/devel/.private/ohm_sensors_gripper2/share/common-lisp/ros/ohm_sensors_gripper2/msg/_package_to_light_control.lisp, /home/user/workspace/ros/devel/share/common-lisp/ros/ohm_sensors_gripper2/msg/_package_to_light_control.lisp)
Linked: (/home/user/workspace/ros/devel/.private/ohm_sensors_gripper2/share/common-lisp/ros/ohm_sensors_gripper2/msg/tof_sensor.lisp, /home/user/workspace/ros/devel/share/common-lisp/ros/ohm_sensors_gripper2/msg/tof_sensor.lisp)
Linked: (/home/user/workspace/ros/devel/.private/ohm_sensors_gripper2/share/common-lisp/ros/ohm_sensors_gripper2/msg/ohm_sensors_gripper2-msg.asd, /home/user/workspace/ros/devel/share/common-lisp/ros/ohm_sensors_gripper2/msg/ohm_sensors_gripper2-msg.asd)
Linked: (/home/user/workspace/ros/devel/.private/ohm_sensors_gripper2/share/common-lisp/ros/ohm_sensors_gripper2/msg/_package_hall.lisp, /home/user/workspace/ros/devel/share/common-lisp/ros/ohm_sensors_gripper2/msg/_package_hall.lisp)
Linked: (/home/user/workspace/ros/devel/.private/ohm_sensors_gripper2/share/common-lisp/ros/ohm_sensors_gripper2/msg/error_detection.lisp, /home/user/workspace/ros/devel/share/common-lisp/ros/ohm_sensors_gripper2/msg/error_detection.lisp)
Linked: (/home/user/workspace/ros/devel/.private/ohm_sensors_gripper2/share/common-lisp/ros/ohm_sensors_gripper2/msg/to_light_control.lisp, /home/user/workspace/ros/devel/share/common-lisp/ros/ohm_sensors_gripper2/msg/to_light_control.lisp)
Linked: (/home/user/workspace/ros/devel/.private/ohm_sensors_gripper2/share/common-lisp/ros/ohm_sensors_gripper2/msg/_package_from_light_control.lisp, /home/user/workspace/ros/devel/share/common-lisp/ros/ohm_sensors_gripper2/msg/_package_from_light_control.lisp)
Linked: (/home/user/workspace/ros/devel/.private/ohm_sensors_gripper2/share/common-lisp/ros/ohm_sensors_gripper2/msg/_package.lisp, /home/user/workspace/ros/devel/share/common-lisp/ros/ohm_sensors_gripper2/msg/_package.lisp)
Linked: (/home/user/workspace/ros/devel/.private/ohm_sensors_gripper2/share/common-lisp/ros/ohm_sensors_gripper2/msg/from_light_control.lisp, /home/user/workspace/ros/devel/share/common-lisp/ros/ohm_sensors_gripper2/msg/from_light_control.lisp)
Linked: (/home/user/workspace/ros/devel/.private/ohm_sensors_gripper2/share/common-lisp/ros/ohm_sensors_gripper2/msg/hall.lisp, /home/user/workspace/ros/devel/share/common-lisp/ros/ohm_sensors_gripper2/msg/hall.lisp)
Linked: (/home/user/workspace/ros/devel/.private/ohm_sensors_gripper2/share/ohm_sensors_gripper2/cmake/ohm_sensors_gripper2Config-version.cmake, /home/user/workspace/ros/devel/share/ohm_sensors_gripper2/cmake/ohm_sensors_gripper2Config-version.cmake)
Linked: (/home/user/workspace/ros/devel/.private/ohm_sensors_gripper2/share/ohm_sensors_gripper2/cmake/ohm_sensors_gripper2Config.cmake, /home/user/workspace/ros/devel/share/ohm_sensors_gripper2/cmake/ohm_sensors_gripper2Config.cmake)
Linked: (/home/user/workspace/ros/devel/.private/ohm_sensors_gripper2/share/ohm_sensors_gripper2/cmake/ohm_sensors_gripper2-msg-extras.cmake, /home/user/workspace/ros/devel/share/ohm_sensors_gripper2/cmake/ohm_sensors_gripper2-msg-extras.cmake)
Linked: (/home/user/workspace/ros/devel/.private/ohm_sensors_gripper2/share/ohm_sensors_gripper2/cmake/ohm_sensors_gripper2-msg-paths.cmake, /home/user/workspace/ros/devel/share/ohm_sensors_gripper2/cmake/ohm_sensors_gripper2-msg-paths.cmake)
Linked: (/home/user/workspace/ros/devel/.private/ohm_sensors_gripper2/share/ohm_sensors_gripper2/docs/SensorConfig-usage.dox, /home/user/workspace/ros/devel/share/ohm_sensors_gripper2/docs/SensorConfig-usage.dox)
Linked: (/home/user/workspace/ros/devel/.private/ohm_sensors_gripper2/share/ohm_sensors_gripper2/docs/SensorConfig.wikidoc, /home/user/workspace/ros/devel/share/ohm_sensors_gripper2/docs/SensorConfig.wikidoc)
Linked: (/home/user/workspace/ros/devel/.private/ohm_sensors_gripper2/share/ohm_sensors_gripper2/docs/SensorConfig.dox, /home/user/workspace/ros/devel/share/ohm_sensors_gripper2/docs/SensorConfig.dox)
Linked: (/home/user/workspace/ros/devel/.private/ohm_sensors_gripper2/lib/python3/dist-packages/ohm_sensors_gripper2/__init__.py, /home/user/workspace/ros/devel/lib/python3/dist-packages/ohm_sensors_gripper2/__init__.py)
Linked: (/home/user/workspace/ros/devel/.private/ohm_sensors_gripper2/lib/python3/dist-packages/ohm_sensors_gripper2/cfg/__init__.py, /home/user/workspace/ros/devel/lib/python3/dist-packages/ohm_sensors_gripper2/cfg/__init__.py)
Linked: (/home/user/workspace/ros/devel/.private/ohm_sensors_gripper2/lib/python3/dist-packages/ohm_sensors_gripper2/cfg/SensorConfig.py, /home/user/workspace/ros/devel/lib/python3/dist-packages/ohm_sensors_gripper2/cfg/SensorConfig.py)
Linked: (/home/user/workspace/ros/devel/.private/ohm_sensors_gripper2/lib/python3/dist-packages/ohm_sensors_gripper2/msg/_error_detection.py, /home/user/workspace/ros/devel/lib/python3/dist-packages/ohm_sensors_gripper2/msg/_error_detection.py)
Linked: (/home/user/workspace/ros/devel/.private/ohm_sensors_gripper2/lib/python3/dist-packages/ohm_sensors_gripper2/msg/_from_light_control.py, /home/user/workspace/ros/devel/lib/python3/dist-packages/ohm_sensors_gripper2/msg/_from_light_control.py)
Linked: (/home/user/workspace/ros/devel/.private/ohm_sensors_gripper2/lib/python3/dist-packages/ohm_sensors_gripper2/msg/_to_light_control.py, /home/user/workspace/ros/devel/lib/python3/dist-packages/ohm_sensors_gripper2/msg/_to_light_control.py)
Linked: (/home/user/workspace/ros/devel/.private/ohm_sensors_gripper2/lib/python3/dist-packages/ohm_sensors_gripper2/msg/_hall.py, /home/user/workspace/ros/devel/lib/python3/dist-packages/ohm_sensors_gripper2/msg/_hall.py)
Linked: (/home/user/workspace/ros/devel/.private/ohm_sensors_gripper2/lib/python3/dist-packages/ohm_sensors_gripper2/msg/__init__.py, /home/user/workspace/ros/devel/lib/python3/dist-packages/ohm_sensors_gripper2/msg/__init__.py)
Linked: (/home/user/workspace/ros/devel/.private/ohm_sensors_gripper2/lib/python3/dist-packages/ohm_sensors_gripper2/msg/_tof_sensor.py, /home/user/workspace/ros/devel/lib/python3/dist-packages/ohm_sensors_gripper2/msg/_tof_sensor.py)
Linked: (/home/user/workspace/ros/devel/.private/ohm_sensors_gripper2/lib/pkgconfig/ohm_sensors_gripper2.pc, /home/user/workspace/ros/devel/lib/pkgconfig/ohm_sensors_gripper2.pc)
Linked: (/home/user/workspace/ros/devel/.private/ohm_sensors_gripper2/lib/ohm_sensors_gripper2/light_control_node, /home/user/workspace/ros/devel/lib/ohm_sensors_gripper2/light_control_node)
Linked: (/home/user/workspace/ros/devel/.private/ohm_sensors_gripper2/lib/ohm_sensors_gripper2/serial_node, /home/user/workspace/ros/devel/lib/ohm_sensors_gripper2/serial_node)
Linked: (/home/user/workspace/ros/devel/.private/ohm_sensors_gripper2/include/ohm_sensors_gripper2/tof_sensor.h, /home/user/workspace/ros/devel/include/ohm_sensors_gripper2/tof_sensor.h)
Linked: (/home/user/workspace/ros/devel/.private/ohm_sensors_gripper2/include/ohm_sensors_gripper2/error_detection.h, /home/user/workspace/ros/devel/include/ohm_sensors_gripper2/error_detection.h)
Linked: (/home/user/workspace/ros/devel/.private/ohm_sensors_gripper2/include/ohm_sensors_gripper2/from_light_control.h, /home/user/workspace/ros/devel/include/ohm_sensors_gripper2/from_light_control.h)
Linked: (/home/user/workspace/ros/devel/.private/ohm_sensors_gripper2/include/ohm_sensors_gripper2/to_light_control.h, /home/user/workspace/ros/devel/include/ohm_sensors_gripper2/to_light_control.h)
Linked: (/home/user/workspace/ros/devel/.private/ohm_sensors_gripper2/include/ohm_sensors_gripper2/SensorConfig.h, /home/user/workspace/ros/devel/include/ohm_sensors_gripper2/SensorConfig.h)
Linked: (/home/user/workspace/ros/devel/.private/ohm_sensors_gripper2/include/ohm_sensors_gripper2/hall.h, /home/user/workspace/ros/devel/include/ohm_sensors_gripper2/hall.h)
