Symlinking /home/user/workspace/ros/devel/share/gennodejs/ros/ohm_sensors_gripper2/_index.js
Symlinking /home/user/workspace/ros/devel/share/gennodejs/ros/ohm_sensors_gripper2/msg/_index.js
Symlinking /home/user/workspace/ros/devel/share/gennodejs/ros/ohm_sensors_gripper2/msg/error_detection.js
Symlinking /home/user/workspace/ros/devel/share/gennodejs/ros/ohm_sensors_gripper2/msg/hall.js
Symlinking /home/user/workspace/ros/devel/share/gennodejs/ros/ohm_sensors_gripper2/msg/from_light_control.js
Symlinking /home/user/workspace/ros/devel/share/gennodejs/ros/ohm_sensors_gripper2/msg/tof_sensor.js
Symlinking /home/user/workspace/ros/devel/share/gennodejs/ros/ohm_sensors_gripper2/msg/to_light_control.js
Symlinking /home/user/workspace/ros/devel/share/roseus/ros/ohm_sensors_gripper2/manifest.l
Symlinking /home/user/workspace/ros/devel/share/roseus/ros/ohm_sensors_gripper2/msg/tof_sensor.l
Symlinking /home/user/workspace/ros/devel/share/roseus/ros/ohm_sensors_gripper2/msg/from_light_control.l
Symlinking /home/user/workspace/ros/devel/share/roseus/ros/ohm_sensors_gripper2/msg/hall.l
Symlinking /home/user/workspace/ros/devel/share/roseus/ros/ohm_sensors_gripper2/msg/to_light_control.l
Symlinking /home/user/workspace/ros/devel/share/roseus/ros/ohm_sensors_gripper2/msg/error_detection.l
Symlinking /home/user/workspace/ros/devel/share/common-lisp/ros/ohm_sensors_gripper2/msg/_package_tof_sensor.lisp
Symlinking /home/user/workspace/ros/devel/share/common-lisp/ros/ohm_sensors_gripper2/msg/_package_error_detection.lisp
Symlinking /home/user/workspace/ros/devel/share/common-lisp/ros/ohm_sensors_gripper2/msg/_package_to_light_control.lisp
Symlinking /home/user/workspace/ros/devel/share/common-lisp/ros/ohm_sensors_gripper2/msg/tof_sensor.lisp
Symlinking /home/user/workspace/ros/devel/share/common-lisp/ros/ohm_sensors_gripper2/msg/ohm_sensors_gripper2-msg.asd
Symlinking /home/user/workspace/ros/devel/share/common-lisp/ros/ohm_sensors_gripper2/msg/_package_hall.lisp
Symlinking /home/user/workspace/ros/devel/share/common-lisp/ros/ohm_sensors_gripper2/msg/error_detection.lisp
Symlinking /home/user/workspace/ros/devel/share/common-lisp/ros/ohm_sensors_gripper2/msg/to_light_control.lisp
Symlinking /home/user/workspace/ros/devel/share/common-lisp/ros/ohm_sensors_gripper2/msg/_package_from_light_control.lisp
Symlinking /home/user/workspace/ros/devel/share/common-lisp/ros/ohm_sensors_gripper2/msg/_package.lisp
Symlinking /home/user/workspace/ros/devel/share/common-lisp/ros/ohm_sensors_gripper2/msg/from_light_control.lisp
Symlinking /home/user/workspace/ros/devel/share/common-lisp/ros/ohm_sensors_gripper2/msg/hall.lisp
Symlinking /home/user/workspace/ros/devel/share/ohm_sensors_gripper2/cmake/ohm_sensors_gripper2Config-version.cmake
Symlinking /home/user/workspace/ros/devel/share/ohm_sensors_gripper2/cmake/ohm_sensors_gripper2Config.cmake
Symlinking /home/user/workspace/ros/devel/share/ohm_sensors_gripper2/cmake/ohm_sensors_gripper2-msg-extras.cmake
Symlinking /home/user/workspace/ros/devel/share/ohm_sensors_gripper2/cmake/ohm_sensors_gripper2-msg-paths.cmake
Symlinking /home/user/workspace/ros/devel/share/ohm_sensors_gripper2/docs/SensorConfig-usage.dox
Symlinking /home/user/workspace/ros/devel/share/ohm_sensors_gripper2/docs/SensorConfig.wikidoc
Symlinking /home/user/workspace/ros/devel/share/ohm_sensors_gripper2/docs/SensorConfig.dox
Symlinking /home/user/workspace/ros/devel/lib/python3/dist-packages/ohm_sensors_gripper2/__init__.py
Symlinking /home/user/workspace/ros/devel/lib/python3/dist-packages/ohm_sensors_gripper2/cfg/__init__.py
Symlinking /home/user/workspace/ros/devel/lib/python3/dist-packages/ohm_sensors_gripper2/cfg/SensorConfig.py
Symlinking /home/user/workspace/ros/devel/lib/python3/dist-packages/ohm_sensors_gripper2/msg/_error_detection.py
Symlinking /home/user/workspace/ros/devel/lib/python3/dist-packages/ohm_sensors_gripper2/msg/_from_light_control.py
Symlinking /home/user/workspace/ros/devel/lib/python3/dist-packages/ohm_sensors_gripper2/msg/_to_light_control.py
Symlinking /home/user/workspace/ros/devel/lib/python3/dist-packages/ohm_sensors_gripper2/msg/_hall.py
Symlinking /home/user/workspace/ros/devel/lib/python3/dist-packages/ohm_sensors_gripper2/msg/__init__.py
Symlinking /home/user/workspace/ros/devel/lib/python3/dist-packages/ohm_sensors_gripper2/msg/_tof_sensor.py
Symlinking /home/user/workspace/ros/devel/lib/pkgconfig/ohm_sensors_gripper2.pc
Symlinking /home/user/workspace/ros/devel/lib/ohm_sensors_gripper2/light_control_node
Symlinking /home/user/workspace/ros/devel/lib/ohm_sensors_gripper2/serial_node
Symlinking /home/user/workspace/ros/devel/include/ohm_sensors_gripper2/tof_sensor.h
Symlinking /home/user/workspace/ros/devel/include/ohm_sensors_gripper2/error_detection.h
Symlinking /home/user/workspace/ros/devel/include/ohm_sensors_gripper2/from_light_control.h
Symlinking /home/user/workspace/ros/devel/include/ohm_sensors_gripper2/to_light_control.h
Symlinking /home/user/workspace/ros/devel/include/ohm_sensors_gripper2/SensorConfig.h
Symlinking /home/user/workspace/ros/devel/include/ohm_sensors_gripper2/hall.h
