Symlinking /home/user/workspace/ros/devel/share/gennodejs/ros/ohm_robotarm/_index.js
Symlinking /home/user/workspace/ros/devel/share/gennodejs/ros/ohm_robotarm/msg/_index.js
Symlinking /home/user/workspace/ros/devel/share/gennodejs/ros/ohm_robotarm/msg/DriveState.js
Symlinking /home/user/workspace/ros/devel/share/ohm_robotarm/cmake/ohm_robotarmConfig.cmake
Symlinking /home/user/workspace/ros/devel/share/ohm_robotarm/cmake/ohm_robotarm-msg-extras.cmake
Symlinking /home/user/workspace/ros/devel/share/ohm_robotarm/cmake/ohm_robotarmConfig-version.cmake
Symlinking /home/user/workspace/ros/devel/share/ohm_robotarm/cmake/ohm_robotarm-msg-paths.cmake
Symlinking /home/user/workspace/ros/devel/share/roseus/ros/ohm_robotarm/manifest.l
Symlinking /home/user/workspace/ros/devel/share/roseus/ros/ohm_robotarm/msg/DriveState.l
Symlinking /home/user/workspace/ros/devel/share/common-lisp/ros/ohm_robotarm/msg/_package_DriveState.lisp
Symlinking /home/user/workspace/ros/devel/share/common-lisp/ros/ohm_robotarm/msg/ohm_robotarm-msg.asd
Symlinking /home/user/workspace/ros/devel/share/common-lisp/ros/ohm_robotarm/msg/DriveState.lisp
Symlinking /home/user/workspace/ros/devel/share/common-lisp/ros/ohm_robotarm/msg/_package.lisp
Symlinking /home/user/workspace/ros/devel/lib/ohm_robotarm/moveit_control_interface
Symlinking /home/user/workspace/ros/devel/lib/ohm_robotarm/joint_state_publisher
Symlinking /home/user/workspace/ros/devel/lib/ohm_robotarm/dynamixel_drives
Symlinking /home/user/workspace/ros/devel/lib/ohm_robotarm/gripper_interface
Symlinking /home/user/workspace/ros/devel/lib/ohm_robotarm/elmo_drives
Symlinking /home/user/workspace/ros/devel/lib/ohm_robotarm/sim_drives
Symlinking /home/user/workspace/ros/devel/lib/python3/dist-packages/ohm_robotarm/__init__.py
Symlinking /home/user/workspace/ros/devel/lib/python3/dist-packages/ohm_robotarm/msg/_DriveState.py
Symlinking /home/user/workspace/ros/devel/lib/python3/dist-packages/ohm_robotarm/msg/__init__.py
Symlinking /home/user/workspace/ros/devel/lib/pkgconfig/ohm_robotarm.pc
Symlinking /home/user/workspace/ros/devel/include/ohm_robotarm/DriveState.h
