[35m[1mScanning dependencies of target _ohm_robotarm_generate_messages_check_deps_DriveState[0m
[35m[1mScanning dependencies of target std_msgs_generate_messages_nodejs[0m
[  0%] Built target _ohm_robotarm_generate_messages_check_deps_DriveState
[  0%] Built target std_msgs_generate_messages_nodejs
[35m[1mScanning dependencies of target trajectory_msgs_generate_messages_py[0m
[35m[1mScanning dependencies of target rosgraph_msgs_generate_messages_cpp[0m
[  0%] Built target trajectory_msgs_generate_messages_py
[  0%] Built target rosgraph_msgs_generate_messages_cpp
[35m[1mScanning dependencies of target shape_msgs_generate_messages_lisp[0m
[  0%] Built target shape_msgs_generate_messages_lisp
[35m[1mScanning dependencies of target trajectory_msgs_generate_messages_cpp[0m
[  0%] Built target trajectory_msgs_generate_messages_cpp
[35m[1mScanning dependencies of target actionlib_msgs_generate_messages_lisp[0m
[35m[1mScanning dependencies of target actionlib_msgs_generate_messages_nodejs[0m
[  0%] Built target actionlib_msgs_generate_messages_lisp
[  0%] Built target actionlib_msgs_generate_messages_nodejs
[35m[1mScanning dependencies of target tf_generate_messages_py[0m
[  0%] Built target tf_generate_messages_py
[35m[1mScanning dependencies of target control_msgs_generate_messages_nodejs[0m
[  0%] Built target control_msgs_generate_messages_nodejs
[35m[1mScanning dependencies of target trajectory_msgs_generate_messages_nodejs[0m
[  0%] Built target trajectory_msgs_generate_messages_nodejs
[35m[1mScanning dependencies of target control_msgs_generate_messages_eus[0m
[  0%] Built target control_msgs_generate_messages_eus
[35m[1mScanning dependencies of target tf_generate_messages_cpp[0m
[  0%] Built target tf_generate_messages_cpp
[35m[1mScanning dependencies of target control_msgs_generate_messages_cpp[0m
[  0%] Built target control_msgs_generate_messages_cpp
[35m[1mScanning dependencies of target moveit_msgs_generate_messages_nodejs[0m
[  0%] Built target moveit_msgs_generate_messages_nodejs
[35m[1mScanning dependencies of target ohm_can_interface_generate_messages_py[0m
[  0%] Built target ohm_can_interface_generate_messages_py
[35m[1mScanning dependencies of target controller_manager_msgs_generate_messages_eus[0m
[  0%] Built target controller_manager_msgs_generate_messages_eus
[35m[1mScanning dependencies of target actionlib_msgs_generate_messages_cpp[0m
[  0%] Built target actionlib_msgs_generate_messages_cpp
[35m[1mScanning dependencies of target controller_manager_msgs_generate_messages_py[0m
[  0%] Built target controller_manager_msgs_generate_messages_py
[35m[1mScanning dependencies of target ohm_can_interface_generate_messages_nodejs[0m
[  0%] Built target ohm_can_interface_generate_messages_nodejs
[35m[1mScanning dependencies of target octomap_msgs_generate_messages_lisp[0m
[  0%] Built target octomap_msgs_generate_messages_lisp
[35m[1mScanning dependencies of target ohm_can_interface_generate_messages_lisp[0m
[35m[1mScanning dependencies of target ohm_can_interface_generate_messages_cpp[0m
[  0%] Built target ohm_can_interface_generate_messages_lisp
[  0%] Built target ohm_can_interface_generate_messages_cpp
[35m[1mScanning dependencies of target control_msgs_generate_messages_lisp[0m
[  0%] Built target control_msgs_generate_messages_lisp
[35m[1mScanning dependencies of target rosgraph_msgs_generate_messages_eus[0m
[35m[1mScanning dependencies of target actionlib_generate_messages_nodejs[0m
[  0%] Built target rosgraph_msgs_generate_messages_eus
[  0%] Built target actionlib_generate_messages_nodejs
[35m[1mScanning dependencies of target std_srvs_generate_messages_py[0m
[  0%] Built target std_srvs_generate_messages_py
[35m[1mScanning dependencies of target roscpp_generate_messages_nodejs[0m
[  0%] Built target roscpp_generate_messages_nodejs
[35m[1mScanning dependencies of target geometry_msgs_generate_messages_py[0m
[  0%] Built target geometry_msgs_generate_messages_py
[35m[1mScanning dependencies of target sensor_msgs_generate_messages_py[0m
[  0%] Built target sensor_msgs_generate_messages_py
[35m[1mScanning dependencies of target tf2_msgs_generate_messages_eus[0m
[  0%] Built target tf2_msgs_generate_messages_eus
[35m[1mScanning dependencies of target geometry_msgs_generate_messages_cpp[0m
[  0%] Built target geometry_msgs_generate_messages_cpp
[35m[1mScanning dependencies of target trajectory_msgs_generate_messages_lisp[0m
[35m[1mScanning dependencies of target geometry_msgs_generate_messages_nodejs[0m
[  0%] Built target trajectory_msgs_generate_messages_lisp
[  0%] Built target geometry_msgs_generate_messages_nodejs
[35m[1mScanning dependencies of target roscpp_generate_messages_eus[0m
[35m[1mScanning dependencies of target dynamic_reconfigure_generate_messages_eus[0m
[  0%] Built target dynamic_reconfigure_generate_messages_eus
[  0%] Built target roscpp_generate_messages_eus
[35m[1mScanning dependencies of target roscpp_generate_messages_py[0m
[35m[1mScanning dependencies of target sensor_msgs_generate_messages_nodejs[0m
[  0%] Built target sensor_msgs_generate_messages_nodejs
[  0%] Built target roscpp_generate_messages_py
[35m[1mScanning dependencies of target roscpp_generate_messages_cpp[0m
[35m[1mScanning dependencies of target controller_manager_msgs_generate_messages_lisp[0m
[  0%] Built target roscpp_generate_messages_cpp
[  0%] Built target controller_manager_msgs_generate_messages_lisp
[35m[1mScanning dependencies of target shape_msgs_generate_messages_nodejs[0m
[35m[1mScanning dependencies of target rosgraph_msgs_generate_messages_lisp[0m
[  0%] Built target shape_msgs_generate_messages_nodejs
[  0%] Built target rosgraph_msgs_generate_messages_lisp
[35m[1mScanning dependencies of target visualization_msgs_generate_messages_cpp[0m
[  0%] Built target visualization_msgs_generate_messages_cpp
[35m[1mScanning dependencies of target tf_generate_messages_eus[0m
[  0%] Built target tf_generate_messages_eus
[35m[1mScanning dependencies of target trajectory_msgs_generate_messages_eus[0m
[  0%] Built target trajectory_msgs_generate_messages_eus
[35m[1mScanning dependencies of target std_srvs_generate_messages_cpp[0m
[  0%] Built target std_srvs_generate_messages_cpp
[35m[1mScanning dependencies of target actionlib_generate_messages_lisp[0m
[  0%] Built target actionlib_generate_messages_lisp
[35m[1mScanning dependencies of target ohm_can_interface_generate_messages_eus[0m
[  0%] Built target ohm_can_interface_generate_messages_eus
[35m[1mScanning dependencies of target std_msgs_generate_messages_eus[0m
[35m[1mScanning dependencies of target actionlib_generate_messages_cpp[0m
[  0%] Built target std_msgs_generate_messages_eus
[  0%] Built target actionlib_generate_messages_cpp
[35m[1mScanning dependencies of target rosgraph_msgs_generate_messages_nodejs[0m
[35m[1mScanning dependencies of target controller_manager_msgs_generate_messages_cpp[0m
[35m[1mScanning dependencies of target object_recognition_msgs_generate_messages_py[0m
[  0%] Built target object_recognition_msgs_generate_messages_py
[  0%] Built target rosgraph_msgs_generate_messages_nodejs
[  0%] Built target controller_manager_msgs_generate_messages_cpp
[35m[1mScanning dependencies of target std_msgs_generate_messages_cpp[0m
[35m[1mScanning dependencies of target actionlib_generate_messages_py[0m
[  0%] Built target std_msgs_generate_messages_cpp
[35m[1mScanning dependencies of target sensor_msgs_generate_messages_cpp[0m
[  0%] Built target sensor_msgs_generate_messages_cpp
[  0%] Built target actionlib_generate_messages_py
[35m[1mScanning dependencies of target ohm_actors_msgs_generate_messages_eus[0m
[35m[1mScanning dependencies of target moveit_msgs_generate_messages_cpp[0m
[  0%] Built target ohm_actors_msgs_generate_messages_eus
[  0%] Built target moveit_msgs_generate_messages_cpp
[35m[1mScanning dependencies of target ohm_actors_msgs_generate_messages_lisp[0m
[  0%] Built target ohm_actors_msgs_generate_messages_lisp
[35m[1mScanning dependencies of target moveit_msgs_generate_messages_eus[0m
[35m[1mScanning dependencies of target actionlib_msgs_generate_messages_py[0m
[35m[1mScanning dependencies of target control_msgs_generate_messages_py[0m
[  0%] Built target moveit_msgs_generate_messages_eus
[  0%] Built target control_msgs_generate_messages_py
[  0%] Built target actionlib_msgs_generate_messages_py
[35m[1mScanning dependencies of target moveit_msgs_generate_messages_lisp[0m
[35m[1mScanning dependencies of target sensor_msgs_generate_messages_lisp[0m
[  0%] Built target moveit_msgs_generate_messages_lisp
[  0%] Built target sensor_msgs_generate_messages_lisp
[35m[1mScanning dependencies of target std_msgs_generate_messages_py[0m
[35m[1mScanning dependencies of target tf2_msgs_generate_messages_nodejs[0m
[35m[1mScanning dependencies of target moveit_msgs_generate_messages_py[0m
[  0%] Built target tf2_msgs_generate_messages_nodejs
[  0%] Built target std_msgs_generate_messages_py
[35m[1mScanning dependencies of target sensor_msgs_generate_messages_eus[0m
[  0%] Built target moveit_msgs_generate_messages_py
[35m[1mScanning dependencies of target shape_msgs_generate_messages_cpp[0m
[35m[1mScanning dependencies of target moveit_ros_manipulation_gencfg[0m
[  0%] Built target sensor_msgs_generate_messages_eus
[  0%] Built target shape_msgs_generate_messages_cpp
[  0%] Built target moveit_ros_manipulation_gencfg
[35m[1mScanning dependencies of target geometry_msgs_generate_messages_lisp[0m
[35m[1mScanning dependencies of target object_recognition_msgs_generate_messages_cpp[0m
[35m[1mScanning dependencies of target shape_msgs_generate_messages_eus[0m
[  0%] Built target geometry_msgs_generate_messages_lisp
[  0%] Built target shape_msgs_generate_messages_eus
[  0%] Built target object_recognition_msgs_generate_messages_cpp
[35m[1mScanning dependencies of target object_recognition_msgs_generate_messages_lisp[0m
[35m[1mScanning dependencies of target object_recognition_msgs_generate_messages_eus[0m
[  0%] Built target object_recognition_msgs_generate_messages_lisp
[  0%] Built target object_recognition_msgs_generate_messages_eus
[35m[1mScanning dependencies of target actionlib_msgs_generate_messages_eus[0m
[  0%] Built target actionlib_msgs_generate_messages_eus
[35m[1mScanning dependencies of target controller_manager_msgs_generate_messages_nodejs[0m
[35m[1mScanning dependencies of target object_recognition_msgs_generate_messages_nodejs[0m
[  0%] Built target controller_manager_msgs_generate_messages_nodejs
[  0%] Built target object_recognition_msgs_generate_messages_nodejs
[35m[1mScanning dependencies of target std_msgs_generate_messages_lisp[0m
[  0%] Built target std_msgs_generate_messages_lisp
[35m[1mScanning dependencies of target octomap_msgs_generate_messages_cpp[0m
[35m[1mScanning dependencies of target actionlib_generate_messages_eus[0m
[35m[1mScanning dependencies of target octomap_msgs_generate_messages_nodejs[0m
[35m[1mScanning dependencies of target dynamic_reconfigure_generate_messages_cpp[0m
[  0%] Built target octomap_msgs_generate_messages_cpp
[  0%] Built target actionlib_generate_messages_eus
[  0%] Built target octomap_msgs_generate_messages_nodejs
[  0%] Built target dynamic_reconfigure_generate_messages_cpp
[35m[1mScanning dependencies of target tf2_msgs_generate_messages_cpp[0m
[35m[1mScanning dependencies of target dynamic_reconfigure_generate_messages_lisp[0m
[35m[1mScanning dependencies of target dynamic_reconfigure_generate_messages_nodejs[0m
[  0%] Built target tf2_msgs_generate_messages_cpp
[  0%] Built target dynamic_reconfigure_generate_messages_lisp
[35m[1mScanning dependencies of target tf2_msgs_generate_messages_py[0m
[  0%] Built target dynamic_reconfigure_generate_messages_nodejs
[35m[1mScanning dependencies of target dynamic_reconfigure_gencfg[0m
[35m[1mScanning dependencies of target octomap_msgs_generate_messages_eus[0m
[  0%] Built target tf2_msgs_generate_messages_py
[  0%] Built target dynamic_reconfigure_gencfg
[  0%] Built target octomap_msgs_generate_messages_eus
[35m[1mScanning dependencies of target visualization_msgs_generate_messages_eus[0m
[35m[1mScanning dependencies of target visualization_msgs_generate_messages_lisp[0m
[35m[1mScanning dependencies of target rosgraph_msgs_generate_messages_py[0m
[35m[1mScanning dependencies of target visualization_msgs_generate_messages_nodejs[0m
[  0%] Built target visualization_msgs_generate_messages_eus
[  0%] Built target visualization_msgs_generate_messages_lisp
[  0%] Built target rosgraph_msgs_generate_messages_py
[  0%] Built target visualization_msgs_generate_messages_nodejs
[35m[1mScanning dependencies of target visualization_msgs_generate_messages_py[0m
[35m[1mScanning dependencies of target octomap_msgs_generate_messages_py[0m
[35m[1mScanning dependencies of target dynamic_reconfigure_generate_messages_py[0m
[  0%] Built target visualization_msgs_generate_messages_py
[  0%] Built target octomap_msgs_generate_messages_py
[  0%] Built target dynamic_reconfigure_generate_messages_py
[35m[1mScanning dependencies of target ohm_actors_msgs_generate_messages_py[0m
[35m[1mScanning dependencies of target tf2_msgs_generate_messages_lisp[0m
[35m[1mScanning dependencies of target tf_generate_messages_lisp[0m
[35m[1mScanning dependencies of target shape_msgs_generate_messages_py[0m
[  0%] Built target ohm_actors_msgs_generate_messages_py
[  0%] Built target tf_generate_messages_lisp
[  0%] Built target tf2_msgs_generate_messages_lisp
[  0%] Built target shape_msgs_generate_messages_py
[35m[1mScanning dependencies of target tf_generate_messages_nodejs[0m
[  0%] Built target tf_generate_messages_nodejs
[35m[1mScanning dependencies of target moveit_ros_planning_gencfg[0m
[  0%] Built target moveit_ros_planning_gencfg
[35m[1mScanning dependencies of target ohm_actors_msgs_generate_messages_cpp[0m
[  0%] Built target ohm_actors_msgs_generate_messages_cpp
[35m[1mScanning dependencies of target std_srvs_generate_messages_eus[0m
[35m[1mScanning dependencies of target roscpp_generate_messages_lisp[0m
[  0%] Built target std_srvs_generate_messages_eus
[  0%] Built target roscpp_generate_messages_lisp
[35m[1mScanning dependencies of target std_srvs_generate_messages_lisp[0m
[35m[1mScanning dependencies of target std_srvs_generate_messages_nodejs[0m
[35m[1mScanning dependencies of target ohm_actors_msgs_generate_messages_nodejs[0m
[  0%] Built target std_srvs_generate_messages_lisp
[  0%] Built target std_srvs_generate_messages_nodejs
[  0%] Built target ohm_actors_msgs_generate_messages_nodejs
[35m[1mScanning dependencies of target ohm_robotarm_generate_messages_cpp[0m
[35m[1mScanning dependencies of target geometry_msgs_generate_messages_eus[0m
[35m[1mScanning dependencies of target ohm_robotarm_generate_messages_lisp[0m
[  3%] [34m[1mGenerating C++ code from ohm_robotarm/DriveState.msg[0m
[  3%] Built target geometry_msgs_generate_messages_eus
[  7%] [34m[1mGenerating Lisp code from ohm_robotarm/DriveState.msg[0m
[35m[1mScanning dependencies of target ohm_robotarm_generate_messages_nodejs[0m
[ 11%] [34m[1mGenerating Javascript code from ohm_robotarm/DriveState.msg[0m
[35m[1mScanning dependencies of target ohm_robotarm_generate_messages_eus[0m
[ 15%] [34m[1mGenerating EusLisp code from ohm_robotarm/DriveState.msg[0m
[ 15%] Built target ohm_robotarm_generate_messages_lisp
[35m[1mScanning dependencies of target ohm_robotarm_generate_messages_py[0m
[ 15%] Built target ohm_robotarm_generate_messages_nodejs
[ 19%] [34m[1mGenerating Python from MSG ohm_robotarm/DriveState[0m
[ 23%] [34m[1mGenerating EusLisp manifest code for ohm_robotarm[0m
[ 23%] Built target ohm_robotarm_generate_messages_cpp
[ 26%] [34m[1mGenerating Python msg __init__.py for ohm_robotarm[0m
[ 26%] Built target ohm_robotarm_generate_messages_py
[ 26%] Built target ohm_robotarm_generate_messages_eus
[35m[1mScanning dependencies of target joint_state_publisher[0m
[ 30%] [32mBuilding CXX object CMakeFiles/joint_state_publisher.dir/src/joint_state_publisher.cpp.o[0m
[ 34%] [32mBuilding CXX object CMakeFiles/joint_state_publisher.dir/src/drive.cpp.o[0m
[35m[1mScanning dependencies of target elmo_drives[0m
[ 38%] [32mBuilding CXX object CMakeFiles/elmo_drives.dir/src/elmo_drives.cpp.o[0m
[ 42%] [32mBuilding CXX object CMakeFiles/elmo_drives.dir/src/drive.cpp.o[0m
[35m[1mScanning dependencies of target gripper_interface[0m
[35m[1mScanning dependencies of target sim_drives[0m
[ 46%] [32mBuilding CXX object CMakeFiles/gripper_interface.dir/src/gripper_interface.cpp.o[0m
[ 50%] [32mBuilding CXX object CMakeFiles/sim_drives.dir/src/sim_drives.cpp.o[0m
[ 53%] [32m[1mLinking CXX executable /home/user/workspace/ros/devel/.private/ohm_robotarm/lib/ohm_robotarm/joint_state_publisher[0m
[ 53%] Built target joint_state_publisher
[ 57%] [32mBuilding CXX object CMakeFiles/gripper_interface.dir/src/drive.cpp.o[0m
[35m[1mScanning dependencies of target moveit_control_interface[0m
[ 61%] [32mBuilding CXX object CMakeFiles/moveit_control_interface.dir/src/moveit_control_interface.cpp.o[0m
[ 65%] [32mBuilding CXX object CMakeFiles/moveit_control_interface.dir/src/moveit_interface_control_loop.cpp.o[0m
[ 69%] [32mBuilding CXX object CMakeFiles/sim_drives.dir/src/drive.cpp.o[0m
[ 73%] [32m[1mLinking CXX executable /home/user/workspace/ros/devel/.private/ohm_robotarm/lib/ohm_robotarm/elmo_drives[0m
[ 73%] Built target elmo_drives
[35m[1mScanning dependencies of target dynamixel_drives[0m
[ 76%] [32mBuilding CXX object CMakeFiles/dynamixel_drives.dir/src/dynamixel_drives.cpp.o[0m
[ 80%] [32mBuilding CXX object CMakeFiles/dynamixel_drives.dir/src/serial_rs232.cpp.o[0m
[ 84%] [32m[1mLinking CXX executable /home/user/workspace/ros/devel/.private/ohm_robotarm/lib/ohm_robotarm/gripper_interface[0m
[ 84%] Built target gripper_interface
[35m[1mScanning dependencies of target ohm_robotarm_generate_messages[0m
[ 84%] Built target ohm_robotarm_generate_messages
[ 88%] [32mBuilding CXX object CMakeFiles/dynamixel_drives.dir/src/drive.cpp.o[0m
[ 92%] [32m[1mLinking CXX executable /home/user/workspace/ros/devel/.private/ohm_robotarm/lib/ohm_robotarm/sim_drives[0m
[ 92%] Built target sim_drives
[ 96%] [32m[1mLinking CXX executable /home/user/workspace/ros/devel/.private/ohm_robotarm/lib/ohm_robotarm/moveit_control_interface[0m
[ 96%] Built target moveit_control_interface
[100%] [32m[1mLinking CXX executable /home/user/workspace/ros/devel/.private/ohm_robotarm/lib/ohm_robotarm/dynamixel_drives[0m
[100%] Built target dynamixel_drives
