Linked: (/home/user/workspace/ros/devel/.private/ohm_teleop_msgs/share/gennodejs/ros/ohm_teleop_msgs/_index.js, /home/user/workspace/ros/devel/share/gennodejs/ros/ohm_teleop_msgs/_index.js)
Linked: (/home/user/workspace/ros/devel/.private/ohm_teleop_msgs/share/gennodejs/ros/ohm_teleop_msgs/srv/SetArmPredefinedPos.js, /home/user/workspace/ros/devel/share/gennodejs/ros/ohm_teleop_msgs/srv/SetArmPredefinedPos.js)
Linked: (/home/user/workspace/ros/devel/.private/ohm_teleop_msgs/share/gennodejs/ros/ohm_teleop_msgs/srv/BackwardDriving.js, /home/user/workspace/ros/devel/share/gennodejs/ros/ohm_teleop_msgs/srv/BackwardDriving.js)
Linked: (/home/user/workspace/ros/devel/.private/ohm_teleop_msgs/share/gennodejs/ros/ohm_teleop_msgs/srv/_index.js, /home/user/workspace/ros/devel/share/gennodejs/ros/ohm_teleop_msgs/srv/_index.js)
Linked: (/home/user/workspace/ros/devel/.private/ohm_teleop_msgs/share/gennodejs/ros/ohm_teleop_msgs/srv/SetRemoteProfile.js, /home/user/workspace/ros/devel/share/gennodejs/ros/ohm_teleop_msgs/srv/SetRemoteProfile.js)
Linked: (/home/user/workspace/ros/devel/.private/ohm_teleop_msgs/share/gennodejs/ros/ohm_teleop_msgs/srv/LimitTwist.js, /home/user/workspace/ros/devel/share/gennodejs/ros/ohm_teleop_msgs/srv/LimitTwist.js)
Linked: (/home/user/workspace/ros/devel/.private/ohm_teleop_msgs/share/gennodejs/ros/ohm_teleop_msgs/msg/_index.js, /home/user/workspace/ros/devel/share/gennodejs/ros/ohm_teleop_msgs/msg/_index.js)
Linked: (/home/user/workspace/ros/devel/.private/ohm_teleop_msgs/share/gennodejs/ros/ohm_teleop_msgs/msg/RemoteProfile.js, /home/user/workspace/ros/devel/share/gennodejs/ros/ohm_teleop_msgs/msg/RemoteProfile.js)
Linked: (/home/user/workspace/ros/devel/.private/ohm_teleop_msgs/share/gennodejs/ros/ohm_teleop_msgs/msg/Action.js, /home/user/workspace/ros/devel/share/gennodejs/ros/ohm_teleop_msgs/msg/Action.js)
Linked: (/home/user/workspace/ros/devel/.private/ohm_teleop_msgs/share/gennodejs/ros/ohm_teleop_msgs/msg/ArmCommand.js, /home/user/workspace/ros/devel/share/gennodejs/ros/ohm_teleop_msgs/msg/ArmCommand.js)
Linked: (/home/user/workspace/ros/devel/.private/ohm_teleop_msgs/share/gennodejs/ros/ohm_teleop_msgs/msg/FlipperSpeed.js, /home/user/workspace/ros/devel/share/gennodejs/ros/ohm_teleop_msgs/msg/FlipperSpeed.js)
Linked: (/home/user/workspace/ros/devel/.private/ohm_teleop_msgs/share/gennodejs/ros/ohm_teleop_msgs/msg/FlipperAngle.js, /home/user/workspace/ros/devel/share/gennodejs/ros/ohm_teleop_msgs/msg/FlipperAngle.js)
Linked: (/home/user/workspace/ros/devel/.private/ohm_teleop_msgs/share/ohm_teleop_msgs/cmake/ohm_teleop_msgs-msg-extras.cmake, /home/user/workspace/ros/devel/share/ohm_teleop_msgs/cmake/ohm_teleop_msgs-msg-extras.cmake)
Linked: (/home/user/workspace/ros/devel/.private/ohm_teleop_msgs/share/ohm_teleop_msgs/cmake/ohm_teleop_msgs-msg-paths.cmake, /home/user/workspace/ros/devel/share/ohm_teleop_msgs/cmake/ohm_teleop_msgs-msg-paths.cmake)
Linked: (/home/user/workspace/ros/devel/.private/ohm_teleop_msgs/share/ohm_teleop_msgs/cmake/ohm_teleop_msgsConfig.cmake, /home/user/workspace/ros/devel/share/ohm_teleop_msgs/cmake/ohm_teleop_msgsConfig.cmake)
Linked: (/home/user/workspace/ros/devel/.private/ohm_teleop_msgs/share/ohm_teleop_msgs/cmake/ohm_teleop_msgsConfig-version.cmake, /home/user/workspace/ros/devel/share/ohm_teleop_msgs/cmake/ohm_teleop_msgsConfig-version.cmake)
Linked: (/home/user/workspace/ros/devel/.private/ohm_teleop_msgs/share/roseus/ros/ohm_teleop_msgs/manifest.l, /home/user/workspace/ros/devel/share/roseus/ros/ohm_teleop_msgs/manifest.l)
Linked: (/home/user/workspace/ros/devel/.private/ohm_teleop_msgs/share/roseus/ros/ohm_teleop_msgs/srv/LimitTwist.l, /home/user/workspace/ros/devel/share/roseus/ros/ohm_teleop_msgs/srv/LimitTwist.l)
Linked: (/home/user/workspace/ros/devel/.private/ohm_teleop_msgs/share/roseus/ros/ohm_teleop_msgs/srv/SetArmPredefinedPos.l, /home/user/workspace/ros/devel/share/roseus/ros/ohm_teleop_msgs/srv/SetArmPredefinedPos.l)
Linked: (/home/user/workspace/ros/devel/.private/ohm_teleop_msgs/share/roseus/ros/ohm_teleop_msgs/srv/SetRemoteProfile.l, /home/user/workspace/ros/devel/share/roseus/ros/ohm_teleop_msgs/srv/SetRemoteProfile.l)
Linked: (/home/user/workspace/ros/devel/.private/ohm_teleop_msgs/share/roseus/ros/ohm_teleop_msgs/srv/BackwardDriving.l, /home/user/workspace/ros/devel/share/roseus/ros/ohm_teleop_msgs/srv/BackwardDriving.l)
Linked: (/home/user/workspace/ros/devel/.private/ohm_teleop_msgs/share/roseus/ros/ohm_teleop_msgs/msg/RemoteProfile.l, /home/user/workspace/ros/devel/share/roseus/ros/ohm_teleop_msgs/msg/RemoteProfile.l)
Linked: (/home/user/workspace/ros/devel/.private/ohm_teleop_msgs/share/roseus/ros/ohm_teleop_msgs/msg/FlipperSpeed.l, /home/user/workspace/ros/devel/share/roseus/ros/ohm_teleop_msgs/msg/FlipperSpeed.l)
Linked: (/home/user/workspace/ros/devel/.private/ohm_teleop_msgs/share/roseus/ros/ohm_teleop_msgs/msg/Action.l, /home/user/workspace/ros/devel/share/roseus/ros/ohm_teleop_msgs/msg/Action.l)
Linked: (/home/user/workspace/ros/devel/.private/ohm_teleop_msgs/share/roseus/ros/ohm_teleop_msgs/msg/ArmCommand.l, /home/user/workspace/ros/devel/share/roseus/ros/ohm_teleop_msgs/msg/ArmCommand.l)
Linked: (/home/user/workspace/ros/devel/.private/ohm_teleop_msgs/share/roseus/ros/ohm_teleop_msgs/msg/FlipperAngle.l, /home/user/workspace/ros/devel/share/roseus/ros/ohm_teleop_msgs/msg/FlipperAngle.l)
Linked: (/home/user/workspace/ros/devel/.private/ohm_teleop_msgs/share/common-lisp/ros/ohm_teleop_msgs/srv/_package_SetArmPredefinedPos.lisp, /home/user/workspace/ros/devel/share/common-lisp/ros/ohm_teleop_msgs/srv/_package_SetArmPredefinedPos.lisp)
Linked: (/home/user/workspace/ros/devel/.private/ohm_teleop_msgs/share/common-lisp/ros/ohm_teleop_msgs/srv/ohm_teleop_msgs-srv.asd, /home/user/workspace/ros/devel/share/common-lisp/ros/ohm_teleop_msgs/srv/ohm_teleop_msgs-srv.asd)
Linked: (/home/user/workspace/ros/devel/.private/ohm_teleop_msgs/share/common-lisp/ros/ohm_teleop_msgs/srv/LimitTwist.lisp, /home/user/workspace/ros/devel/share/common-lisp/ros/ohm_teleop_msgs/srv/LimitTwist.lisp)
Linked: (/home/user/workspace/ros/devel/.private/ohm_teleop_msgs/share/common-lisp/ros/ohm_teleop_msgs/srv/SetArmPredefinedPos.lisp, /home/user/workspace/ros/devel/share/common-lisp/ros/ohm_teleop_msgs/srv/SetArmPredefinedPos.lisp)
Linked: (/home/user/workspace/ros/devel/.private/ohm_teleop_msgs/share/common-lisp/ros/ohm_teleop_msgs/srv/_package_BackwardDriving.lisp, /home/user/workspace/ros/devel/share/common-lisp/ros/ohm_teleop_msgs/srv/_package_BackwardDriving.lisp)
Linked: (/home/user/workspace/ros/devel/.private/ohm_teleop_msgs/share/common-lisp/ros/ohm_teleop_msgs/srv/_package_LimitTwist.lisp, /home/user/workspace/ros/devel/share/common-lisp/ros/ohm_teleop_msgs/srv/_package_LimitTwist.lisp)
Linked: (/home/user/workspace/ros/devel/.private/ohm_teleop_msgs/share/common-lisp/ros/ohm_teleop_msgs/srv/_package_SetRemoteProfile.lisp, /home/user/workspace/ros/devel/share/common-lisp/ros/ohm_teleop_msgs/srv/_package_SetRemoteProfile.lisp)
Linked: (/home/user/workspace/ros/devel/.private/ohm_teleop_msgs/share/common-lisp/ros/ohm_teleop_msgs/srv/_package.lisp, /home/user/workspace/ros/devel/share/common-lisp/ros/ohm_teleop_msgs/srv/_package.lisp)
Linked: (/home/user/workspace/ros/devel/.private/ohm_teleop_msgs/share/common-lisp/ros/ohm_teleop_msgs/srv/SetRemoteProfile.lisp, /home/user/workspace/ros/devel/share/common-lisp/ros/ohm_teleop_msgs/srv/SetRemoteProfile.lisp)
Linked: (/home/user/workspace/ros/devel/.private/ohm_teleop_msgs/share/common-lisp/ros/ohm_teleop_msgs/srv/BackwardDriving.lisp, /home/user/workspace/ros/devel/share/common-lisp/ros/ohm_teleop_msgs/srv/BackwardDriving.lisp)
Linked: (/home/user/workspace/ros/devel/.private/ohm_teleop_msgs/share/common-lisp/ros/ohm_teleop_msgs/msg/FlipperAngle.lisp, /home/user/workspace/ros/devel/share/common-lisp/ros/ohm_teleop_msgs/msg/FlipperAngle.lisp)
Linked: (/home/user/workspace/ros/devel/.private/ohm_teleop_msgs/share/common-lisp/ros/ohm_teleop_msgs/msg/_package_FlipperSpeed.lisp, /home/user/workspace/ros/devel/share/common-lisp/ros/ohm_teleop_msgs/msg/_package_FlipperSpeed.lisp)
Linked: (/home/user/workspace/ros/devel/.private/ohm_teleop_msgs/share/common-lisp/ros/ohm_teleop_msgs/msg/ohm_teleop_msgs-msg.asd, /home/user/workspace/ros/devel/share/common-lisp/ros/ohm_teleop_msgs/msg/ohm_teleop_msgs-msg.asd)
Linked: (/home/user/workspace/ros/devel/.private/ohm_teleop_msgs/share/common-lisp/ros/ohm_teleop_msgs/msg/Action.lisp, /home/user/workspace/ros/devel/share/common-lisp/ros/ohm_teleop_msgs/msg/Action.lisp)
Linked: (/home/user/workspace/ros/devel/.private/ohm_teleop_msgs/share/common-lisp/ros/ohm_teleop_msgs/msg/_package_Action.lisp, /home/user/workspace/ros/devel/share/common-lisp/ros/ohm_teleop_msgs/msg/_package_Action.lisp)
Linked: (/home/user/workspace/ros/devel/.private/ohm_teleop_msgs/share/common-lisp/ros/ohm_teleop_msgs/msg/_package_ArmCommand.lisp, /home/user/workspace/ros/devel/share/common-lisp/ros/ohm_teleop_msgs/msg/_package_ArmCommand.lisp)
Linked: (/home/user/workspace/ros/devel/.private/ohm_teleop_msgs/share/common-lisp/ros/ohm_teleop_msgs/msg/ArmCommand.lisp, /home/user/workspace/ros/devel/share/common-lisp/ros/ohm_teleop_msgs/msg/ArmCommand.lisp)
Linked: (/home/user/workspace/ros/devel/.private/ohm_teleop_msgs/share/common-lisp/ros/ohm_teleop_msgs/msg/RemoteProfile.lisp, /home/user/workspace/ros/devel/share/common-lisp/ros/ohm_teleop_msgs/msg/RemoteProfile.lisp)
Linked: (/home/user/workspace/ros/devel/.private/ohm_teleop_msgs/share/common-lisp/ros/ohm_teleop_msgs/msg/FlipperSpeed.lisp, /home/user/workspace/ros/devel/share/common-lisp/ros/ohm_teleop_msgs/msg/FlipperSpeed.lisp)
Linked: (/home/user/workspace/ros/devel/.private/ohm_teleop_msgs/share/common-lisp/ros/ohm_teleop_msgs/msg/_package.lisp, /home/user/workspace/ros/devel/share/common-lisp/ros/ohm_teleop_msgs/msg/_package.lisp)
Linked: (/home/user/workspace/ros/devel/.private/ohm_teleop_msgs/share/common-lisp/ros/ohm_teleop_msgs/msg/_package_FlipperAngle.lisp, /home/user/workspace/ros/devel/share/common-lisp/ros/ohm_teleop_msgs/msg/_package_FlipperAngle.lisp)
Linked: (/home/user/workspace/ros/devel/.private/ohm_teleop_msgs/share/common-lisp/ros/ohm_teleop_msgs/msg/_package_RemoteProfile.lisp, /home/user/workspace/ros/devel/share/common-lisp/ros/ohm_teleop_msgs/msg/_package_RemoteProfile.lisp)
Linked: (/home/user/workspace/ros/devel/.private/ohm_teleop_msgs/lib/python3/dist-packages/ohm_teleop_msgs/__init__.py, /home/user/workspace/ros/devel/lib/python3/dist-packages/ohm_teleop_msgs/__init__.py)
Linked: (/home/user/workspace/ros/devel/.private/ohm_teleop_msgs/lib/python3/dist-packages/ohm_teleop_msgs/srv/_BackwardDriving.py, /home/user/workspace/ros/devel/lib/python3/dist-packages/ohm_teleop_msgs/srv/_BackwardDriving.py)
Linked: (/home/user/workspace/ros/devel/.private/ohm_teleop_msgs/lib/python3/dist-packages/ohm_teleop_msgs/srv/_LimitTwist.py, /home/user/workspace/ros/devel/lib/python3/dist-packages/ohm_teleop_msgs/srv/_LimitTwist.py)
Linked: (/home/user/workspace/ros/devel/.private/ohm_teleop_msgs/lib/python3/dist-packages/ohm_teleop_msgs/srv/_SetRemoteProfile.py, /home/user/workspace/ros/devel/lib/python3/dist-packages/ohm_teleop_msgs/srv/_SetRemoteProfile.py)
Linked: (/home/user/workspace/ros/devel/.private/ohm_teleop_msgs/lib/python3/dist-packages/ohm_teleop_msgs/srv/_SetArmPredefinedPos.py, /home/user/workspace/ros/devel/lib/python3/dist-packages/ohm_teleop_msgs/srv/_SetArmPredefinedPos.py)
Linked: (/home/user/workspace/ros/devel/.private/ohm_teleop_msgs/lib/python3/dist-packages/ohm_teleop_msgs/srv/__init__.py, /home/user/workspace/ros/devel/lib/python3/dist-packages/ohm_teleop_msgs/srv/__init__.py)
Linked: (/home/user/workspace/ros/devel/.private/ohm_teleop_msgs/lib/python3/dist-packages/ohm_teleop_msgs/msg/_RemoteProfile.py, /home/user/workspace/ros/devel/lib/python3/dist-packages/ohm_teleop_msgs/msg/_RemoteProfile.py)
Linked: (/home/user/workspace/ros/devel/.private/ohm_teleop_msgs/lib/python3/dist-packages/ohm_teleop_msgs/msg/_Action.py, /home/user/workspace/ros/devel/lib/python3/dist-packages/ohm_teleop_msgs/msg/_Action.py)
Linked: (/home/user/workspace/ros/devel/.private/ohm_teleop_msgs/lib/python3/dist-packages/ohm_teleop_msgs/msg/_FlipperAngle.py, /home/user/workspace/ros/devel/lib/python3/dist-packages/ohm_teleop_msgs/msg/_FlipperAngle.py)
Linked: (/home/user/workspace/ros/devel/.private/ohm_teleop_msgs/lib/python3/dist-packages/ohm_teleop_msgs/msg/__init__.py, /home/user/workspace/ros/devel/lib/python3/dist-packages/ohm_teleop_msgs/msg/__init__.py)
Linked: (/home/user/workspace/ros/devel/.private/ohm_teleop_msgs/lib/python3/dist-packages/ohm_teleop_msgs/msg/_FlipperSpeed.py, /home/user/workspace/ros/devel/lib/python3/dist-packages/ohm_teleop_msgs/msg/_FlipperSpeed.py)
Linked: (/home/user/workspace/ros/devel/.private/ohm_teleop_msgs/lib/python3/dist-packages/ohm_teleop_msgs/msg/_ArmCommand.py, /home/user/workspace/ros/devel/lib/python3/dist-packages/ohm_teleop_msgs/msg/_ArmCommand.py)
Linked: (/home/user/workspace/ros/devel/.private/ohm_teleop_msgs/lib/pkgconfig/ohm_teleop_msgs.pc, /home/user/workspace/ros/devel/lib/pkgconfig/ohm_teleop_msgs.pc)
Linked: (/home/user/workspace/ros/devel/.private/ohm_teleop_msgs/include/ohm_teleop_msgs/SetArmPredefinedPosRequest.h, /home/user/workspace/ros/devel/include/ohm_teleop_msgs/SetArmPredefinedPosRequest.h)
Linked: (/home/user/workspace/ros/devel/.private/ohm_teleop_msgs/include/ohm_teleop_msgs/SetArmPredefinedPos.h, /home/user/workspace/ros/devel/include/ohm_teleop_msgs/SetArmPredefinedPos.h)
Linked: (/home/user/workspace/ros/devel/.private/ohm_teleop_msgs/include/ohm_teleop_msgs/FlipperAngle.h, /home/user/workspace/ros/devel/include/ohm_teleop_msgs/FlipperAngle.h)
Linked: (/home/user/workspace/ros/devel/.private/ohm_teleop_msgs/include/ohm_teleop_msgs/SetArmPredefinedPosResponse.h, /home/user/workspace/ros/devel/include/ohm_teleop_msgs/SetArmPredefinedPosResponse.h)
Linked: (/home/user/workspace/ros/devel/.private/ohm_teleop_msgs/include/ohm_teleop_msgs/SetRemoteProfile.h, /home/user/workspace/ros/devel/include/ohm_teleop_msgs/SetRemoteProfile.h)
Linked: (/home/user/workspace/ros/devel/.private/ohm_teleop_msgs/include/ohm_teleop_msgs/SetRemoteProfileResponse.h, /home/user/workspace/ros/devel/include/ohm_teleop_msgs/SetRemoteProfileResponse.h)
Linked: (/home/user/workspace/ros/devel/.private/ohm_teleop_msgs/include/ohm_teleop_msgs/BackwardDrivingResponse.h, /home/user/workspace/ros/devel/include/ohm_teleop_msgs/BackwardDrivingResponse.h)
Linked: (/home/user/workspace/ros/devel/.private/ohm_teleop_msgs/include/ohm_teleop_msgs/FlipperSpeed.h, /home/user/workspace/ros/devel/include/ohm_teleop_msgs/FlipperSpeed.h)
Linked: (/home/user/workspace/ros/devel/.private/ohm_teleop_msgs/include/ohm_teleop_msgs/LimitTwist.h, /home/user/workspace/ros/devel/include/ohm_teleop_msgs/LimitTwist.h)
Linked: (/home/user/workspace/ros/devel/.private/ohm_teleop_msgs/include/ohm_teleop_msgs/BackwardDriving.h, /home/user/workspace/ros/devel/include/ohm_teleop_msgs/BackwardDriving.h)
Linked: (/home/user/workspace/ros/devel/.private/ohm_teleop_msgs/include/ohm_teleop_msgs/LimitTwistResponse.h, /home/user/workspace/ros/devel/include/ohm_teleop_msgs/LimitTwistResponse.h)
Linked: (/home/user/workspace/ros/devel/.private/ohm_teleop_msgs/include/ohm_teleop_msgs/RemoteProfile.h, /home/user/workspace/ros/devel/include/ohm_teleop_msgs/RemoteProfile.h)
Linked: (/home/user/workspace/ros/devel/.private/ohm_teleop_msgs/include/ohm_teleop_msgs/LimitTwistRequest.h, /home/user/workspace/ros/devel/include/ohm_teleop_msgs/LimitTwistRequest.h)
Linked: (/home/user/workspace/ros/devel/.private/ohm_teleop_msgs/include/ohm_teleop_msgs/Action.h, /home/user/workspace/ros/devel/include/ohm_teleop_msgs/Action.h)
Linked: (/home/user/workspace/ros/devel/.private/ohm_teleop_msgs/include/ohm_teleop_msgs/ArmCommand.h, /home/user/workspace/ros/devel/include/ohm_teleop_msgs/ArmCommand.h)
Linked: (/home/user/workspace/ros/devel/.private/ohm_teleop_msgs/include/ohm_teleop_msgs/SetRemoteProfileRequest.h, /home/user/workspace/ros/devel/include/ohm_teleop_msgs/SetRemoteProfileRequest.h)
Linked: (/home/user/workspace/ros/devel/.private/ohm_teleop_msgs/include/ohm_teleop_msgs/BackwardDrivingRequest.h, /home/user/workspace/ros/devel/include/ohm_teleop_msgs/BackwardDrivingRequest.h)
