Linked: (/home/user/workspace/ros/devel/.private/ohm_schroedi_mc/share/gennodejs/ros/ohm_schroedi_mc/_index.js, /home/user/workspace/ros/devel/share/gennodejs/ros/ohm_schroedi_mc/_index.js)
Linked: (/home/user/workspace/ros/devel/.private/ohm_schroedi_mc/share/gennodejs/ros/ohm_schroedi_mc/srv/FlipperPreset.js, /home/user/workspace/ros/devel/share/gennodejs/ros/ohm_schroedi_mc/srv/FlipperPreset.js)
Linked: (/home/user/workspace/ros/devel/.private/ohm_schroedi_mc/share/gennodejs/ros/ohm_schroedi_mc/srv/DriveCtrl.js, /home/user/workspace/ros/devel/share/gennodejs/ros/ohm_schroedi_mc/srv/DriveCtrl.js)
Linked: (/home/user/workspace/ros/devel/.private/ohm_schroedi_mc/share/gennodejs/ros/ohm_schroedi_mc/srv/_index.js, /home/user/workspace/ros/devel/share/gennodejs/ros/ohm_schroedi_mc/srv/_index.js)
Linked: (/home/user/workspace/ros/devel/.private/ohm_schroedi_mc/share/gennodejs/ros/ohm_schroedi_mc/msg/_index.js, /home/user/workspace/ros/devel/share/gennodejs/ros/ohm_schroedi_mc/msg/_index.js)
Linked: (/home/user/workspace/ros/devel/.private/ohm_schroedi_mc/share/gennodejs/ros/ohm_schroedi_mc/msg/mc_info.js, /home/user/workspace/ros/devel/share/gennodejs/ros/ohm_schroedi_mc/msg/mc_info.js)
Linked: (/home/user/workspace/ros/devel/.private/ohm_schroedi_mc/share/gennodejs/ros/ohm_schroedi_mc/msg/mc_ctrl.js, /home/user/workspace/ros/devel/share/gennodejs/ros/ohm_schroedi_mc/msg/mc_ctrl.js)
Linked: (/home/user/workspace/ros/devel/.private/ohm_schroedi_mc/share/gennodejs/ros/ohm_schroedi_mc/msg/VelRps.js, /home/user/workspace/ros/devel/share/gennodejs/ros/ohm_schroedi_mc/msg/VelRps.js)
Linked: (/home/user/workspace/ros/devel/.private/ohm_schroedi_mc/share/gennodejs/ros/ohm_schroedi_mc/msg/mc_ret.js, /home/user/workspace/ros/devel/share/gennodejs/ros/ohm_schroedi_mc/msg/mc_ret.js)
Linked: (/home/user/workspace/ros/devel/.private/ohm_schroedi_mc/share/roseus/ros/ohm_schroedi_mc/manifest.l, /home/user/workspace/ros/devel/share/roseus/ros/ohm_schroedi_mc/manifest.l)
Linked: (/home/user/workspace/ros/devel/.private/ohm_schroedi_mc/share/roseus/ros/ohm_schroedi_mc/srv/FlipperPreset.l, /home/user/workspace/ros/devel/share/roseus/ros/ohm_schroedi_mc/srv/FlipperPreset.l)
Linked: (/home/user/workspace/ros/devel/.private/ohm_schroedi_mc/share/roseus/ros/ohm_schroedi_mc/srv/DriveCtrl.l, /home/user/workspace/ros/devel/share/roseus/ros/ohm_schroedi_mc/srv/DriveCtrl.l)
Linked: (/home/user/workspace/ros/devel/.private/ohm_schroedi_mc/share/roseus/ros/ohm_schroedi_mc/msg/mc_ctrl.l, /home/user/workspace/ros/devel/share/roseus/ros/ohm_schroedi_mc/msg/mc_ctrl.l)
Linked: (/home/user/workspace/ros/devel/.private/ohm_schroedi_mc/share/roseus/ros/ohm_schroedi_mc/msg/mc_ret.l, /home/user/workspace/ros/devel/share/roseus/ros/ohm_schroedi_mc/msg/mc_ret.l)
Linked: (/home/user/workspace/ros/devel/.private/ohm_schroedi_mc/share/roseus/ros/ohm_schroedi_mc/msg/mc_info.l, /home/user/workspace/ros/devel/share/roseus/ros/ohm_schroedi_mc/msg/mc_info.l)
Linked: (/home/user/workspace/ros/devel/.private/ohm_schroedi_mc/share/roseus/ros/ohm_schroedi_mc/msg/VelRps.l, /home/user/workspace/ros/devel/share/roseus/ros/ohm_schroedi_mc/msg/VelRps.l)
Linked: (/home/user/workspace/ros/devel/.private/ohm_schroedi_mc/share/ohm_schroedi_mc/cmake/ohm_schroedi_mc-msg-extras.cmake, /home/user/workspace/ros/devel/share/ohm_schroedi_mc/cmake/ohm_schroedi_mc-msg-extras.cmake)
Linked: (/home/user/workspace/ros/devel/.private/ohm_schroedi_mc/share/ohm_schroedi_mc/cmake/ohm_schroedi_mc-msg-paths.cmake, /home/user/workspace/ros/devel/share/ohm_schroedi_mc/cmake/ohm_schroedi_mc-msg-paths.cmake)
Linked: (/home/user/workspace/ros/devel/.private/ohm_schroedi_mc/share/ohm_schroedi_mc/cmake/ohm_schroedi_mcConfig-version.cmake, /home/user/workspace/ros/devel/share/ohm_schroedi_mc/cmake/ohm_schroedi_mcConfig-version.cmake)
Linked: (/home/user/workspace/ros/devel/.private/ohm_schroedi_mc/share/ohm_schroedi_mc/cmake/ohm_schroedi_mcConfig.cmake, /home/user/workspace/ros/devel/share/ohm_schroedi_mc/cmake/ohm_schroedi_mcConfig.cmake)
Linked: (/home/user/workspace/ros/devel/.private/ohm_schroedi_mc/share/common-lisp/ros/ohm_schroedi_mc/srv/FlipperPreset.lisp, /home/user/workspace/ros/devel/share/common-lisp/ros/ohm_schroedi_mc/srv/FlipperPreset.lisp)
Linked: (/home/user/workspace/ros/devel/.private/ohm_schroedi_mc/share/common-lisp/ros/ohm_schroedi_mc/srv/_package_DriveCtrl.lisp, /home/user/workspace/ros/devel/share/common-lisp/ros/ohm_schroedi_mc/srv/_package_DriveCtrl.lisp)
Linked: (/home/user/workspace/ros/devel/.private/ohm_schroedi_mc/share/common-lisp/ros/ohm_schroedi_mc/srv/DriveCtrl.lisp, /home/user/workspace/ros/devel/share/common-lisp/ros/ohm_schroedi_mc/srv/DriveCtrl.lisp)
Linked: (/home/user/workspace/ros/devel/.private/ohm_schroedi_mc/share/common-lisp/ros/ohm_schroedi_mc/srv/_package.lisp, /home/user/workspace/ros/devel/share/common-lisp/ros/ohm_schroedi_mc/srv/_package.lisp)
Linked: (/home/user/workspace/ros/devel/.private/ohm_schroedi_mc/share/common-lisp/ros/ohm_schroedi_mc/srv/ohm_schroedi_mc-srv.asd, /home/user/workspace/ros/devel/share/common-lisp/ros/ohm_schroedi_mc/srv/ohm_schroedi_mc-srv.asd)
Linked: (/home/user/workspace/ros/devel/.private/ohm_schroedi_mc/share/common-lisp/ros/ohm_schroedi_mc/srv/_package_FlipperPreset.lisp, /home/user/workspace/ros/devel/share/common-lisp/ros/ohm_schroedi_mc/srv/_package_FlipperPreset.lisp)
Linked: (/home/user/workspace/ros/devel/.private/ohm_schroedi_mc/share/common-lisp/ros/ohm_schroedi_mc/msg/VelRps.lisp, /home/user/workspace/ros/devel/share/common-lisp/ros/ohm_schroedi_mc/msg/VelRps.lisp)
Linked: (/home/user/workspace/ros/devel/.private/ohm_schroedi_mc/share/common-lisp/ros/ohm_schroedi_mc/msg/mc_info.lisp, /home/user/workspace/ros/devel/share/common-lisp/ros/ohm_schroedi_mc/msg/mc_info.lisp)
Linked: (/home/user/workspace/ros/devel/.private/ohm_schroedi_mc/share/common-lisp/ros/ohm_schroedi_mc/msg/_package_mc_info.lisp, /home/user/workspace/ros/devel/share/common-lisp/ros/ohm_schroedi_mc/msg/_package_mc_info.lisp)
Linked: (/home/user/workspace/ros/devel/.private/ohm_schroedi_mc/share/common-lisp/ros/ohm_schroedi_mc/msg/_package_mc_ret.lisp, /home/user/workspace/ros/devel/share/common-lisp/ros/ohm_schroedi_mc/msg/_package_mc_ret.lisp)
Linked: (/home/user/workspace/ros/devel/.private/ohm_schroedi_mc/share/common-lisp/ros/ohm_schroedi_mc/msg/ohm_schroedi_mc-msg.asd, /home/user/workspace/ros/devel/share/common-lisp/ros/ohm_schroedi_mc/msg/ohm_schroedi_mc-msg.asd)
Linked: (/home/user/workspace/ros/devel/.private/ohm_schroedi_mc/share/common-lisp/ros/ohm_schroedi_mc/msg/_package_mc_ctrl.lisp, /home/user/workspace/ros/devel/share/common-lisp/ros/ohm_schroedi_mc/msg/_package_mc_ctrl.lisp)
Linked: (/home/user/workspace/ros/devel/.private/ohm_schroedi_mc/share/common-lisp/ros/ohm_schroedi_mc/msg/mc_ret.lisp, /home/user/workspace/ros/devel/share/common-lisp/ros/ohm_schroedi_mc/msg/mc_ret.lisp)
Linked: (/home/user/workspace/ros/devel/.private/ohm_schroedi_mc/share/common-lisp/ros/ohm_schroedi_mc/msg/_package.lisp, /home/user/workspace/ros/devel/share/common-lisp/ros/ohm_schroedi_mc/msg/_package.lisp)
Linked: (/home/user/workspace/ros/devel/.private/ohm_schroedi_mc/share/common-lisp/ros/ohm_schroedi_mc/msg/mc_ctrl.lisp, /home/user/workspace/ros/devel/share/common-lisp/ros/ohm_schroedi_mc/msg/mc_ctrl.lisp)
Linked: (/home/user/workspace/ros/devel/.private/ohm_schroedi_mc/share/common-lisp/ros/ohm_schroedi_mc/msg/_package_VelRps.lisp, /home/user/workspace/ros/devel/share/common-lisp/ros/ohm_schroedi_mc/msg/_package_VelRps.lisp)
Linked: (/home/user/workspace/ros/devel/.private/ohm_schroedi_mc/lib/librqt_flipper.so, /home/user/workspace/ros/devel/lib/librqt_flipper.so)
Linked: (/home/user/workspace/ros/devel/.private/ohm_schroedi_mc/lib/python3/dist-packages/ohm_schroedi_mc/__init__.py, /home/user/workspace/ros/devel/lib/python3/dist-packages/ohm_schroedi_mc/__init__.py)
Linked: (/home/user/workspace/ros/devel/.private/ohm_schroedi_mc/lib/python3/dist-packages/ohm_schroedi_mc/srv/_FlipperPreset.py, /home/user/workspace/ros/devel/lib/python3/dist-packages/ohm_schroedi_mc/srv/_FlipperPreset.py)
Linked: (/home/user/workspace/ros/devel/.private/ohm_schroedi_mc/lib/python3/dist-packages/ohm_schroedi_mc/srv/_DriveCtrl.py, /home/user/workspace/ros/devel/lib/python3/dist-packages/ohm_schroedi_mc/srv/_DriveCtrl.py)
Linked: (/home/user/workspace/ros/devel/.private/ohm_schroedi_mc/lib/python3/dist-packages/ohm_schroedi_mc/srv/__init__.py, /home/user/workspace/ros/devel/lib/python3/dist-packages/ohm_schroedi_mc/srv/__init__.py)
Linked: (/home/user/workspace/ros/devel/.private/ohm_schroedi_mc/lib/python3/dist-packages/ohm_schroedi_mc/msg/_mc_info.py, /home/user/workspace/ros/devel/lib/python3/dist-packages/ohm_schroedi_mc/msg/_mc_info.py)
Linked: (/home/user/workspace/ros/devel/.private/ohm_schroedi_mc/lib/python3/dist-packages/ohm_schroedi_mc/msg/_mc_ctrl.py, /home/user/workspace/ros/devel/lib/python3/dist-packages/ohm_schroedi_mc/msg/_mc_ctrl.py)
Linked: (/home/user/workspace/ros/devel/.private/ohm_schroedi_mc/lib/python3/dist-packages/ohm_schroedi_mc/msg/_mc_ret.py, /home/user/workspace/ros/devel/lib/python3/dist-packages/ohm_schroedi_mc/msg/_mc_ret.py)
Linked: (/home/user/workspace/ros/devel/.private/ohm_schroedi_mc/lib/python3/dist-packages/ohm_schroedi_mc/msg/__init__.py, /home/user/workspace/ros/devel/lib/python3/dist-packages/ohm_schroedi_mc/msg/__init__.py)
Linked: (/home/user/workspace/ros/devel/.private/ohm_schroedi_mc/lib/python3/dist-packages/ohm_schroedi_mc/msg/_VelRps.py, /home/user/workspace/ros/devel/lib/python3/dist-packages/ohm_schroedi_mc/msg/_VelRps.py)
Linked: (/home/user/workspace/ros/devel/.private/ohm_schroedi_mc/lib/pkgconfig/ohm_schroedi_mc.pc, /home/user/workspace/ros/devel/lib/pkgconfig/ohm_schroedi_mc.pc)
Linked: (/home/user/workspace/ros/devel/.private/ohm_schroedi_mc/lib/ohm_schroedi_mc/schroedi_fc, /home/user/workspace/ros/devel/lib/ohm_schroedi_mc/schroedi_fc)
Linked: (/home/user/workspace/ros/devel/.private/ohm_schroedi_mc/lib/ohm_schroedi_mc/schroedi_mc, /home/user/workspace/ros/devel/lib/ohm_schroedi_mc/schroedi_mc)
Linked: (/home/user/workspace/ros/devel/.private/ohm_schroedi_mc/include/ohm_schroedi_mc/VelRps.h, /home/user/workspace/ros/devel/include/ohm_schroedi_mc/VelRps.h)
Linked: (/home/user/workspace/ros/devel/.private/ohm_schroedi_mc/include/ohm_schroedi_mc/mc_ret.h, /home/user/workspace/ros/devel/include/ohm_schroedi_mc/mc_ret.h)
Linked: (/home/user/workspace/ros/devel/.private/ohm_schroedi_mc/include/ohm_schroedi_mc/DriveCtrlResponse.h, /home/user/workspace/ros/devel/include/ohm_schroedi_mc/DriveCtrlResponse.h)
Linked: (/home/user/workspace/ros/devel/.private/ohm_schroedi_mc/include/ohm_schroedi_mc/FlipperPreset.h, /home/user/workspace/ros/devel/include/ohm_schroedi_mc/FlipperPreset.h)
Linked: (/home/user/workspace/ros/devel/.private/ohm_schroedi_mc/include/ohm_schroedi_mc/FlipperPresetResponse.h, /home/user/workspace/ros/devel/include/ohm_schroedi_mc/FlipperPresetResponse.h)
Linked: (/home/user/workspace/ros/devel/.private/ohm_schroedi_mc/include/ohm_schroedi_mc/DriveCtrlRequest.h, /home/user/workspace/ros/devel/include/ohm_schroedi_mc/DriveCtrlRequest.h)
Linked: (/home/user/workspace/ros/devel/.private/ohm_schroedi_mc/include/ohm_schroedi_mc/mc_ctrl.h, /home/user/workspace/ros/devel/include/ohm_schroedi_mc/mc_ctrl.h)
Linked: (/home/user/workspace/ros/devel/.private/ohm_schroedi_mc/include/ohm_schroedi_mc/FlipperPresetRequest.h, /home/user/workspace/ros/devel/include/ohm_schroedi_mc/FlipperPresetRequest.h)
Linked: (/home/user/workspace/ros/devel/.private/ohm_schroedi_mc/include/ohm_schroedi_mc/DriveCtrl.h, /home/user/workspace/ros/devel/include/ohm_schroedi_mc/DriveCtrl.h)
Linked: (/home/user/workspace/ros/devel/.private/ohm_schroedi_mc/include/ohm_schroedi_mc/mc_info.h, /home/user/workspace/ros/devel/include/ohm_schroedi_mc/mc_info.h)
