[  0%] Built target std_msgs_generate_messages_nodejs
[  0%] Built target std_srvs_generate_messages_lisp
[  0%] Built target std_msgs_generate_messages_py
[  0%] Built target std_msgs_generate_messages_lisp
[  0%] Built target _ohm_schroedi_mc_generate_messages_check_deps_VelRps
[  0%] Built target _ohm_schroedi_mc_generate_messages_check_deps_mc_ctrl
[  0%] Built target _ohm_schroedi_mc_generate_messages_check_deps_mc_info
[  0%] Built target _ohm_schroedi_mc_generate_messages_check_deps_DriveCtrl
[  0%] Built target _ohm_schroedi_mc_generate_messages_check_deps_FlipperPreset
[  0%] Built target _ohm_schroedi_mc_generate_messages_check_deps_mc_ret
[  0%] Built target std_msgs_generate_messages_eus
[  0%] Built target std_msgs_generate_messages_cpp
[  0%] Built target bond_generate_messages_py
[  0%] Built target ohm_power_unit_generate_messages_lisp
[  0%] Built target ohm_power_unit_generate_messages_py
[  0%] Built target ohm_power_unit_generate_messages_cpp
[  0%] Built target bond_generate_messages_nodejs
[  0%] Built target bond_generate_messages_lisp
[  0%] Built target ohm_power_unit_generate_messages_nodejs
[  0%] Built target bond_generate_messages_eus
[  0%] Built target nodelet_generate_messages_cpp
[  0%] Built target tf_generate_messages_nodejs
[  0%] Built target nodelet_generate_messages_nodejs
[  0%] Built target nodelet_generate_messages_eus
[  0%] Built target rosgraph_msgs_generate_messages_nodejs
[  0%] Built target actionlib_generate_messages_cpp
[  0%] Built target ohm_power_unit_generate_messages_eus
[  0%] Built target actionlib_msgs_generate_messages_py
[  0%] Built target geometry_msgs_generate_messages_lisp
[  0%] Built target ohm_teleop_msgs_generate_messages_nodejs
[  0%] Built target actionlib_msgs_generate_messages_eus
[  0%] Built target tf_generate_messages_cpp
[  0%] Built target rosgraph_msgs_generate_messages_lisp
[  0%] Built target tf_generate_messages_eus
[  0%] Built target std_srvs_generate_messages_py
[  0%] Built target tf2_msgs_generate_messages_cpp
[  0%] Built target rosgraph_msgs_generate_messages_eus
[  0%] Built target roscpp_generate_messages_py
[  0%] Built target roscpp_generate_messages_eus
[  0%] Built target nodelet_generate_messages_lisp
[  0%] Built target geometry_msgs_generate_messages_eus
[  0%] Built target roscpp_generate_messages_cpp
[  0%] Built target geometry_msgs_generate_messages_py
[  0%] Built target tf2_msgs_generate_messages_eus
[  0%] Built target rosgraph_msgs_generate_messages_py
[  0%] Built target sensor_msgs_generate_messages_py
[  0%] Built target roscpp_generate_messages_lisp
[  0%] Built target actionlib_generate_messages_lisp
[  0%] Built target ohm_teleop_msgs_generate_messages_cpp
[  0%] Built target tf_generate_messages_lisp
[  0%] Built target geometry_msgs_generate_messages_cpp
[  0%] Built target bond_generate_messages_cpp
[  0%] Built target roscpp_generate_messages_nodejs
[  0%] Built target geometry_msgs_generate_messages_nodejs
[  0%] Built target tf2_msgs_generate_messages_py
[  0%] Built target std_srvs_generate_messages_cpp
[  0%] Built target nodelet_generate_messages_py
[  0%] Built target std_srvs_generate_messages_nodejs
[  0%] Built target sensor_msgs_generate_messages_eus
[  0%] Built target sensor_msgs_generate_messages_cpp
[  0%] Built target sensor_msgs_generate_messages_nodejs
[  0%] Built target sensor_msgs_generate_messages_lisp
[  0%] Built target actionlib_generate_messages_eus
[  0%] Built target actionlib_msgs_generate_messages_cpp
[  0%] Built target rosgraph_msgs_generate_messages_cpp
[  0%] Built target actionlib_generate_messages_nodejs
[  0%] Built target tf_generate_messages_py
[  0%] Built target actionlib_generate_messages_py
[  0%] Built target actionlib_msgs_generate_messages_lisp
[  0%] Built target actionlib_msgs_generate_messages_nodejs
[  0%] Built target tf2_msgs_generate_messages_lisp
[  0%] Built target ohm_teleop_msgs_generate_messages_lisp
[  0%] Built target tf2_msgs_generate_messages_nodejs
[  0%] Built target ohm_teleop_msgs_generate_messages_py
[  0%] Built target std_srvs_generate_messages_eus
[  0%] Built target ohm_teleop_msgs_generate_messages_eus
[ 13%] Built target ohm_schroedi_mc_generate_messages_nodejs
[ 43%] Built target ohm_schroedi_mc_generate_messages_lisp
[ 45%] Built target ohm_schroedi_mc_generate_messages_py
[ 52%] Built target schroedi_fc
[ 90%] Built target rqt_flipper
[ 93%] Built target ohm_schroedi_mc_generate_messages_eus
[ 93%] Built target ohm_schroedi_mc_generate_messages_cpp
[ 93%] Built target ohm_schroedi_mc_generate_messages
[100%] Built target schroedi_mc
