Linked: (/home/user/workspace/ros/devel/.private/slam_toolbox_msgs/share/gennodejs/ros/slam_toolbox_msgs/_index.js, /home/user/workspace/ros/devel/share/gennodejs/ros/slam_toolbox_msgs/_index.js)
Linked: (/home/user/workspace/ros/devel/.private/slam_toolbox_msgs/share/gennodejs/ros/slam_toolbox_msgs/srv/AddSubmap.js, /home/user/workspace/ros/devel/share/gennodejs/ros/slam_toolbox_msgs/srv/AddSubmap.js)
Linked: (/home/user/workspace/ros/devel/.private/slam_toolbox_msgs/share/gennodejs/ros/slam_toolbox_msgs/srv/LoopClosure.js, /home/user/workspace/ros/devel/share/gennodejs/ros/slam_toolbox_msgs/srv/LoopClosure.js)
Linked: (/home/user/workspace/ros/devel/.private/slam_toolbox_msgs/share/gennodejs/ros/slam_toolbox_msgs/srv/SaveMap.js, /home/user/workspace/ros/devel/share/gennodejs/ros/slam_toolbox_msgs/srv/SaveMap.js)
Linked: (/home/user/workspace/ros/devel/.private/slam_toolbox_msgs/share/gennodejs/ros/slam_toolbox_msgs/srv/Clear.js, /home/user/workspace/ros/devel/share/gennodejs/ros/slam_toolbox_msgs/srv/Clear.js)
Linked: (/home/user/workspace/ros/devel/.private/slam_toolbox_msgs/share/gennodejs/ros/slam_toolbox_msgs/srv/ClearQueue.js, /home/user/workspace/ros/devel/share/gennodejs/ros/slam_toolbox_msgs/srv/ClearQueue.js)
Linked: (/home/user/workspace/ros/devel/.private/slam_toolbox_msgs/share/gennodejs/ros/slam_toolbox_msgs/srv/_index.js, /home/user/workspace/ros/devel/share/gennodejs/ros/slam_toolbox_msgs/srv/_index.js)
Linked: (/home/user/workspace/ros/devel/.private/slam_toolbox_msgs/share/gennodejs/ros/slam_toolbox_msgs/srv/Pause.js, /home/user/workspace/ros/devel/share/gennodejs/ros/slam_toolbox_msgs/srv/Pause.js)
Linked: (/home/user/workspace/ros/devel/.private/slam_toolbox_msgs/share/gennodejs/ros/slam_toolbox_msgs/srv/SerializePoseGraph.js, /home/user/workspace/ros/devel/share/gennodejs/ros/slam_toolbox_msgs/srv/SerializePoseGraph.js)
Linked: (/home/user/workspace/ros/devel/.private/slam_toolbox_msgs/share/gennodejs/ros/slam_toolbox_msgs/srv/DeserializePoseGraph.js, /home/user/workspace/ros/devel/share/gennodejs/ros/slam_toolbox_msgs/srv/DeserializePoseGraph.js)
Linked: (/home/user/workspace/ros/devel/.private/slam_toolbox_msgs/share/gennodejs/ros/slam_toolbox_msgs/srv/ToggleInteractive.js, /home/user/workspace/ros/devel/share/gennodejs/ros/slam_toolbox_msgs/srv/ToggleInteractive.js)
Linked: (/home/user/workspace/ros/devel/.private/slam_toolbox_msgs/share/gennodejs/ros/slam_toolbox_msgs/srv/MergeMaps.js, /home/user/workspace/ros/devel/share/gennodejs/ros/slam_toolbox_msgs/srv/MergeMaps.js)
Linked: (/home/user/workspace/ros/devel/.private/slam_toolbox_msgs/share/gennodejs/ros/slam_toolbox_msgs/srv/Reset.js, /home/user/workspace/ros/devel/share/gennodejs/ros/slam_toolbox_msgs/srv/Reset.js)
Linked: (/home/user/workspace/ros/devel/.private/slam_toolbox_msgs/share/roseus/ros/slam_toolbox_msgs/manifest.l, /home/user/workspace/ros/devel/share/roseus/ros/slam_toolbox_msgs/manifest.l)
Linked: (/home/user/workspace/ros/devel/.private/slam_toolbox_msgs/share/roseus/ros/slam_toolbox_msgs/srv/ClearQueue.l, /home/user/workspace/ros/devel/share/roseus/ros/slam_toolbox_msgs/srv/ClearQueue.l)
Linked: (/home/user/workspace/ros/devel/.private/slam_toolbox_msgs/share/roseus/ros/slam_toolbox_msgs/srv/SaveMap.l, /home/user/workspace/ros/devel/share/roseus/ros/slam_toolbox_msgs/srv/SaveMap.l)
Linked: (/home/user/workspace/ros/devel/.private/slam_toolbox_msgs/share/roseus/ros/slam_toolbox_msgs/srv/AddSubmap.l, /home/user/workspace/ros/devel/share/roseus/ros/slam_toolbox_msgs/srv/AddSubmap.l)
Linked: (/home/user/workspace/ros/devel/.private/slam_toolbox_msgs/share/roseus/ros/slam_toolbox_msgs/srv/LoopClosure.l, /home/user/workspace/ros/devel/share/roseus/ros/slam_toolbox_msgs/srv/LoopClosure.l)
Linked: (/home/user/workspace/ros/devel/.private/slam_toolbox_msgs/share/roseus/ros/slam_toolbox_msgs/srv/Reset.l, /home/user/workspace/ros/devel/share/roseus/ros/slam_toolbox_msgs/srv/Reset.l)
Linked: (/home/user/workspace/ros/devel/.private/slam_toolbox_msgs/share/roseus/ros/slam_toolbox_msgs/srv/SerializePoseGraph.l, /home/user/workspace/ros/devel/share/roseus/ros/slam_toolbox_msgs/srv/SerializePoseGraph.l)
Linked: (/home/user/workspace/ros/devel/.private/slam_toolbox_msgs/share/roseus/ros/slam_toolbox_msgs/srv/MergeMaps.l, /home/user/workspace/ros/devel/share/roseus/ros/slam_toolbox_msgs/srv/MergeMaps.l)
Linked: (/home/user/workspace/ros/devel/.private/slam_toolbox_msgs/share/roseus/ros/slam_toolbox_msgs/srv/ToggleInteractive.l, /home/user/workspace/ros/devel/share/roseus/ros/slam_toolbox_msgs/srv/ToggleInteractive.l)
Linked: (/home/user/workspace/ros/devel/.private/slam_toolbox_msgs/share/roseus/ros/slam_toolbox_msgs/srv/DeserializePoseGraph.l, /home/user/workspace/ros/devel/share/roseus/ros/slam_toolbox_msgs/srv/DeserializePoseGraph.l)
Linked: (/home/user/workspace/ros/devel/.private/slam_toolbox_msgs/share/roseus/ros/slam_toolbox_msgs/srv/Pause.l, /home/user/workspace/ros/devel/share/roseus/ros/slam_toolbox_msgs/srv/Pause.l)
Linked: (/home/user/workspace/ros/devel/.private/slam_toolbox_msgs/share/roseus/ros/slam_toolbox_msgs/srv/Clear.l, /home/user/workspace/ros/devel/share/roseus/ros/slam_toolbox_msgs/srv/Clear.l)
Linked: (/home/user/workspace/ros/devel/.private/slam_toolbox_msgs/share/common-lisp/ros/slam_toolbox_msgs/srv/SerializePoseGraph.lisp, /home/user/workspace/ros/devel/share/common-lisp/ros/slam_toolbox_msgs/srv/SerializePoseGraph.lisp)
Linked: (/home/user/workspace/ros/devel/.private/slam_toolbox_msgs/share/common-lisp/ros/slam_toolbox_msgs/srv/slam_toolbox_msgs-srv.asd, /home/user/workspace/ros/devel/share/common-lisp/ros/slam_toolbox_msgs/srv/slam_toolbox_msgs-srv.asd)
Linked: (/home/user/workspace/ros/devel/.private/slam_toolbox_msgs/share/common-lisp/ros/slam_toolbox_msgs/srv/_package_ToggleInteractive.lisp, /home/user/workspace/ros/devel/share/common-lisp/ros/slam_toolbox_msgs/srv/_package_ToggleInteractive.lisp)
Linked: (/home/user/workspace/ros/devel/.private/slam_toolbox_msgs/share/common-lisp/ros/slam_toolbox_msgs/srv/ToggleInteractive.lisp, /home/user/workspace/ros/devel/share/common-lisp/ros/slam_toolbox_msgs/srv/ToggleInteractive.lisp)
Linked: (/home/user/workspace/ros/devel/.private/slam_toolbox_msgs/share/common-lisp/ros/slam_toolbox_msgs/srv/_package_ClearQueue.lisp, /home/user/workspace/ros/devel/share/common-lisp/ros/slam_toolbox_msgs/srv/_package_ClearQueue.lisp)
Linked: (/home/user/workspace/ros/devel/.private/slam_toolbox_msgs/share/common-lisp/ros/slam_toolbox_msgs/srv/_package_Reset.lisp, /home/user/workspace/ros/devel/share/common-lisp/ros/slam_toolbox_msgs/srv/_package_Reset.lisp)
Linked: (/home/user/workspace/ros/devel/.private/slam_toolbox_msgs/share/common-lisp/ros/slam_toolbox_msgs/srv/SaveMap.lisp, /home/user/workspace/ros/devel/share/common-lisp/ros/slam_toolbox_msgs/srv/SaveMap.lisp)
Linked: (/home/user/workspace/ros/devel/.private/slam_toolbox_msgs/share/common-lisp/ros/slam_toolbox_msgs/srv/_package_SaveMap.lisp, /home/user/workspace/ros/devel/share/common-lisp/ros/slam_toolbox_msgs/srv/_package_SaveMap.lisp)
Linked: (/home/user/workspace/ros/devel/.private/slam_toolbox_msgs/share/common-lisp/ros/slam_toolbox_msgs/srv/Pause.lisp, /home/user/workspace/ros/devel/share/common-lisp/ros/slam_toolbox_msgs/srv/Pause.lisp)
Linked: (/home/user/workspace/ros/devel/.private/slam_toolbox_msgs/share/common-lisp/ros/slam_toolbox_msgs/srv/_package_LoopClosure.lisp, /home/user/workspace/ros/devel/share/common-lisp/ros/slam_toolbox_msgs/srv/_package_LoopClosure.lisp)
Linked: (/home/user/workspace/ros/devel/.private/slam_toolbox_msgs/share/common-lisp/ros/slam_toolbox_msgs/srv/DeserializePoseGraph.lisp, /home/user/workspace/ros/devel/share/common-lisp/ros/slam_toolbox_msgs/srv/DeserializePoseGraph.lisp)
Linked: (/home/user/workspace/ros/devel/.private/slam_toolbox_msgs/share/common-lisp/ros/slam_toolbox_msgs/srv/_package_Pause.lisp, /home/user/workspace/ros/devel/share/common-lisp/ros/slam_toolbox_msgs/srv/_package_Pause.lisp)
Linked: (/home/user/workspace/ros/devel/.private/slam_toolbox_msgs/share/common-lisp/ros/slam_toolbox_msgs/srv/_package_Clear.lisp, /home/user/workspace/ros/devel/share/common-lisp/ros/slam_toolbox_msgs/srv/_package_Clear.lisp)
Linked: (/home/user/workspace/ros/devel/.private/slam_toolbox_msgs/share/common-lisp/ros/slam_toolbox_msgs/srv/_package_MergeMaps.lisp, /home/user/workspace/ros/devel/share/common-lisp/ros/slam_toolbox_msgs/srv/_package_MergeMaps.lisp)
Linked: (/home/user/workspace/ros/devel/.private/slam_toolbox_msgs/share/common-lisp/ros/slam_toolbox_msgs/srv/_package_SerializePoseGraph.lisp, /home/user/workspace/ros/devel/share/common-lisp/ros/slam_toolbox_msgs/srv/_package_SerializePoseGraph.lisp)
Linked: (/home/user/workspace/ros/devel/.private/slam_toolbox_msgs/share/common-lisp/ros/slam_toolbox_msgs/srv/Clear.lisp, /home/user/workspace/ros/devel/share/common-lisp/ros/slam_toolbox_msgs/srv/Clear.lisp)
Linked: (/home/user/workspace/ros/devel/.private/slam_toolbox_msgs/share/common-lisp/ros/slam_toolbox_msgs/srv/AddSubmap.lisp, /home/user/workspace/ros/devel/share/common-lisp/ros/slam_toolbox_msgs/srv/AddSubmap.lisp)
Linked: (/home/user/workspace/ros/devel/.private/slam_toolbox_msgs/share/common-lisp/ros/slam_toolbox_msgs/srv/_package.lisp, /home/user/workspace/ros/devel/share/common-lisp/ros/slam_toolbox_msgs/srv/_package.lisp)
Linked: (/home/user/workspace/ros/devel/.private/slam_toolbox_msgs/share/common-lisp/ros/slam_toolbox_msgs/srv/_package_DeserializePoseGraph.lisp, /home/user/workspace/ros/devel/share/common-lisp/ros/slam_toolbox_msgs/srv/_package_DeserializePoseGraph.lisp)
Linked: (/home/user/workspace/ros/devel/.private/slam_toolbox_msgs/share/common-lisp/ros/slam_toolbox_msgs/srv/_package_AddSubmap.lisp, /home/user/workspace/ros/devel/share/common-lisp/ros/slam_toolbox_msgs/srv/_package_AddSubmap.lisp)
Linked: (/home/user/workspace/ros/devel/.private/slam_toolbox_msgs/share/common-lisp/ros/slam_toolbox_msgs/srv/MergeMaps.lisp, /home/user/workspace/ros/devel/share/common-lisp/ros/slam_toolbox_msgs/srv/MergeMaps.lisp)
Linked: (/home/user/workspace/ros/devel/.private/slam_toolbox_msgs/share/common-lisp/ros/slam_toolbox_msgs/srv/LoopClosure.lisp, /home/user/workspace/ros/devel/share/common-lisp/ros/slam_toolbox_msgs/srv/LoopClosure.lisp)
Linked: (/home/user/workspace/ros/devel/.private/slam_toolbox_msgs/share/common-lisp/ros/slam_toolbox_msgs/srv/Reset.lisp, /home/user/workspace/ros/devel/share/common-lisp/ros/slam_toolbox_msgs/srv/Reset.lisp)
Linked: (/home/user/workspace/ros/devel/.private/slam_toolbox_msgs/share/common-lisp/ros/slam_toolbox_msgs/srv/ClearQueue.lisp, /home/user/workspace/ros/devel/share/common-lisp/ros/slam_toolbox_msgs/srv/ClearQueue.lisp)
Linked: (/home/user/workspace/ros/devel/.private/slam_toolbox_msgs/share/slam_toolbox_msgs/cmake/slam_toolbox_msgs-msg-paths.cmake, /home/user/workspace/ros/devel/share/slam_toolbox_msgs/cmake/slam_toolbox_msgs-msg-paths.cmake)
Linked: (/home/user/workspace/ros/devel/.private/slam_toolbox_msgs/share/slam_toolbox_msgs/cmake/slam_toolbox_msgsConfig-version.cmake, /home/user/workspace/ros/devel/share/slam_toolbox_msgs/cmake/slam_toolbox_msgsConfig-version.cmake)
Linked: (/home/user/workspace/ros/devel/.private/slam_toolbox_msgs/share/slam_toolbox_msgs/cmake/slam_toolbox_msgsConfig.cmake, /home/user/workspace/ros/devel/share/slam_toolbox_msgs/cmake/slam_toolbox_msgsConfig.cmake)
Linked: (/home/user/workspace/ros/devel/.private/slam_toolbox_msgs/share/slam_toolbox_msgs/cmake/slam_toolbox_msgs-msg-extras.cmake, /home/user/workspace/ros/devel/share/slam_toolbox_msgs/cmake/slam_toolbox_msgs-msg-extras.cmake)
Linked: (/home/user/workspace/ros/devel/.private/slam_toolbox_msgs/lib/python3/dist-packages/slam_toolbox_msgs/__init__.py, /home/user/workspace/ros/devel/lib/python3/dist-packages/slam_toolbox_msgs/__init__.py)
Linked: (/home/user/workspace/ros/devel/.private/slam_toolbox_msgs/lib/python3/dist-packages/slam_toolbox_msgs/srv/_DeserializePoseGraph.py, /home/user/workspace/ros/devel/lib/python3/dist-packages/slam_toolbox_msgs/srv/_DeserializePoseGraph.py)
Linked: (/home/user/workspace/ros/devel/.private/slam_toolbox_msgs/lib/python3/dist-packages/slam_toolbox_msgs/srv/_SerializePoseGraph.py, /home/user/workspace/ros/devel/lib/python3/dist-packages/slam_toolbox_msgs/srv/_SerializePoseGraph.py)
Linked: (/home/user/workspace/ros/devel/.private/slam_toolbox_msgs/lib/python3/dist-packages/slam_toolbox_msgs/srv/_ToggleInteractive.py, /home/user/workspace/ros/devel/lib/python3/dist-packages/slam_toolbox_msgs/srv/_ToggleInteractive.py)
Linked: (/home/user/workspace/ros/devel/.private/slam_toolbox_msgs/lib/python3/dist-packages/slam_toolbox_msgs/srv/_MergeMaps.py, /home/user/workspace/ros/devel/lib/python3/dist-packages/slam_toolbox_msgs/srv/_MergeMaps.py)
Linked: (/home/user/workspace/ros/devel/.private/slam_toolbox_msgs/lib/python3/dist-packages/slam_toolbox_msgs/srv/_Reset.py, /home/user/workspace/ros/devel/lib/python3/dist-packages/slam_toolbox_msgs/srv/_Reset.py)
Linked: (/home/user/workspace/ros/devel/.private/slam_toolbox_msgs/lib/python3/dist-packages/slam_toolbox_msgs/srv/_SaveMap.py, /home/user/workspace/ros/devel/lib/python3/dist-packages/slam_toolbox_msgs/srv/_SaveMap.py)
Linked: (/home/user/workspace/ros/devel/.private/slam_toolbox_msgs/lib/python3/dist-packages/slam_toolbox_msgs/srv/_Pause.py, /home/user/workspace/ros/devel/lib/python3/dist-packages/slam_toolbox_msgs/srv/_Pause.py)
Linked: (/home/user/workspace/ros/devel/.private/slam_toolbox_msgs/lib/python3/dist-packages/slam_toolbox_msgs/srv/_AddSubmap.py, /home/user/workspace/ros/devel/lib/python3/dist-packages/slam_toolbox_msgs/srv/_AddSubmap.py)
Linked: (/home/user/workspace/ros/devel/.private/slam_toolbox_msgs/lib/python3/dist-packages/slam_toolbox_msgs/srv/__init__.py, /home/user/workspace/ros/devel/lib/python3/dist-packages/slam_toolbox_msgs/srv/__init__.py)
Linked: (/home/user/workspace/ros/devel/.private/slam_toolbox_msgs/lib/python3/dist-packages/slam_toolbox_msgs/srv/_ClearQueue.py, /home/user/workspace/ros/devel/lib/python3/dist-packages/slam_toolbox_msgs/srv/_ClearQueue.py)
Linked: (/home/user/workspace/ros/devel/.private/slam_toolbox_msgs/lib/python3/dist-packages/slam_toolbox_msgs/srv/_LoopClosure.py, /home/user/workspace/ros/devel/lib/python3/dist-packages/slam_toolbox_msgs/srv/_LoopClosure.py)
Linked: (/home/user/workspace/ros/devel/.private/slam_toolbox_msgs/lib/python3/dist-packages/slam_toolbox_msgs/srv/_Clear.py, /home/user/workspace/ros/devel/lib/python3/dist-packages/slam_toolbox_msgs/srv/_Clear.py)
Linked: (/home/user/workspace/ros/devel/.private/slam_toolbox_msgs/lib/pkgconfig/slam_toolbox_msgs.pc, /home/user/workspace/ros/devel/lib/pkgconfig/slam_toolbox_msgs.pc)
Linked: (/home/user/workspace/ros/devel/.private/slam_toolbox_msgs/include/slam_toolbox_msgs/ClearQueueResponse.h, /home/user/workspace/ros/devel/include/slam_toolbox_msgs/ClearQueueResponse.h)
Linked: (/home/user/workspace/ros/devel/.private/slam_toolbox_msgs/include/slam_toolbox_msgs/ToggleInteractive.h, /home/user/workspace/ros/devel/include/slam_toolbox_msgs/ToggleInteractive.h)
Linked: (/home/user/workspace/ros/devel/.private/slam_toolbox_msgs/include/slam_toolbox_msgs/ClearRequest.h, /home/user/workspace/ros/devel/include/slam_toolbox_msgs/ClearRequest.h)
Linked: (/home/user/workspace/ros/devel/.private/slam_toolbox_msgs/include/slam_toolbox_msgs/LoopClosure.h, /home/user/workspace/ros/devel/include/slam_toolbox_msgs/LoopClosure.h)
Linked: (/home/user/workspace/ros/devel/.private/slam_toolbox_msgs/include/slam_toolbox_msgs/LoopClosureResponse.h, /home/user/workspace/ros/devel/include/slam_toolbox_msgs/LoopClosureResponse.h)
Linked: (/home/user/workspace/ros/devel/.private/slam_toolbox_msgs/include/slam_toolbox_msgs/SaveMap.h, /home/user/workspace/ros/devel/include/slam_toolbox_msgs/SaveMap.h)
Linked: (/home/user/workspace/ros/devel/.private/slam_toolbox_msgs/include/slam_toolbox_msgs/SerializePoseGraphRequest.h, /home/user/workspace/ros/devel/include/slam_toolbox_msgs/SerializePoseGraphRequest.h)
Linked: (/home/user/workspace/ros/devel/.private/slam_toolbox_msgs/include/slam_toolbox_msgs/DeserializePoseGraph.h, /home/user/workspace/ros/devel/include/slam_toolbox_msgs/DeserializePoseGraph.h)
Linked: (/home/user/workspace/ros/devel/.private/slam_toolbox_msgs/include/slam_toolbox_msgs/SerializePoseGraphResponse.h, /home/user/workspace/ros/devel/include/slam_toolbox_msgs/SerializePoseGraphResponse.h)
Linked: (/home/user/workspace/ros/devel/.private/slam_toolbox_msgs/include/slam_toolbox_msgs/AddSubmapResponse.h, /home/user/workspace/ros/devel/include/slam_toolbox_msgs/AddSubmapResponse.h)
Linked: (/home/user/workspace/ros/devel/.private/slam_toolbox_msgs/include/slam_toolbox_msgs/ToggleInteractiveRequest.h, /home/user/workspace/ros/devel/include/slam_toolbox_msgs/ToggleInteractiveRequest.h)
Linked: (/home/user/workspace/ros/devel/.private/slam_toolbox_msgs/include/slam_toolbox_msgs/SaveMapResponse.h, /home/user/workspace/ros/devel/include/slam_toolbox_msgs/SaveMapResponse.h)
Linked: (/home/user/workspace/ros/devel/.private/slam_toolbox_msgs/include/slam_toolbox_msgs/DeserializePoseGraphRequest.h, /home/user/workspace/ros/devel/include/slam_toolbox_msgs/DeserializePoseGraphRequest.h)
Linked: (/home/user/workspace/ros/devel/.private/slam_toolbox_msgs/include/slam_toolbox_msgs/AddSubmap.h, /home/user/workspace/ros/devel/include/slam_toolbox_msgs/AddSubmap.h)
Linked: (/home/user/workspace/ros/devel/.private/slam_toolbox_msgs/include/slam_toolbox_msgs/Pause.h, /home/user/workspace/ros/devel/include/slam_toolbox_msgs/Pause.h)
Linked: (/home/user/workspace/ros/devel/.private/slam_toolbox_msgs/include/slam_toolbox_msgs/Reset.h, /home/user/workspace/ros/devel/include/slam_toolbox_msgs/Reset.h)
Linked: (/home/user/workspace/ros/devel/.private/slam_toolbox_msgs/include/slam_toolbox_msgs/MergeMaps.h, /home/user/workspace/ros/devel/include/slam_toolbox_msgs/MergeMaps.h)
Linked: (/home/user/workspace/ros/devel/.private/slam_toolbox_msgs/include/slam_toolbox_msgs/ClearQueue.h, /home/user/workspace/ros/devel/include/slam_toolbox_msgs/ClearQueue.h)
Linked: (/home/user/workspace/ros/devel/.private/slam_toolbox_msgs/include/slam_toolbox_msgs/AddSubmapRequest.h, /home/user/workspace/ros/devel/include/slam_toolbox_msgs/AddSubmapRequest.h)
Linked: (/home/user/workspace/ros/devel/.private/slam_toolbox_msgs/include/slam_toolbox_msgs/MergeMapsResponse.h, /home/user/workspace/ros/devel/include/slam_toolbox_msgs/MergeMapsResponse.h)
Linked: (/home/user/workspace/ros/devel/.private/slam_toolbox_msgs/include/slam_toolbox_msgs/ClearResponse.h, /home/user/workspace/ros/devel/include/slam_toolbox_msgs/ClearResponse.h)
Linked: (/home/user/workspace/ros/devel/.private/slam_toolbox_msgs/include/slam_toolbox_msgs/PauseRequest.h, /home/user/workspace/ros/devel/include/slam_toolbox_msgs/PauseRequest.h)
Linked: (/home/user/workspace/ros/devel/.private/slam_toolbox_msgs/include/slam_toolbox_msgs/Clear.h, /home/user/workspace/ros/devel/include/slam_toolbox_msgs/Clear.h)
Linked: (/home/user/workspace/ros/devel/.private/slam_toolbox_msgs/include/slam_toolbox_msgs/SaveMapRequest.h, /home/user/workspace/ros/devel/include/slam_toolbox_msgs/SaveMapRequest.h)
Linked: (/home/user/workspace/ros/devel/.private/slam_toolbox_msgs/include/slam_toolbox_msgs/PauseResponse.h, /home/user/workspace/ros/devel/include/slam_toolbox_msgs/PauseResponse.h)
Linked: (/home/user/workspace/ros/devel/.private/slam_toolbox_msgs/include/slam_toolbox_msgs/ToggleInteractiveResponse.h, /home/user/workspace/ros/devel/include/slam_toolbox_msgs/ToggleInteractiveResponse.h)
Linked: (/home/user/workspace/ros/devel/.private/slam_toolbox_msgs/include/slam_toolbox_msgs/SerializePoseGraph.h, /home/user/workspace/ros/devel/include/slam_toolbox_msgs/SerializePoseGraph.h)
Linked: (/home/user/workspace/ros/devel/.private/slam_toolbox_msgs/include/slam_toolbox_msgs/DeserializePoseGraphResponse.h, /home/user/workspace/ros/devel/include/slam_toolbox_msgs/DeserializePoseGraphResponse.h)
Linked: (/home/user/workspace/ros/devel/.private/slam_toolbox_msgs/include/slam_toolbox_msgs/LoopClosureRequest.h, /home/user/workspace/ros/devel/include/slam_toolbox_msgs/LoopClosureRequest.h)
Linked: (/home/user/workspace/ros/devel/.private/slam_toolbox_msgs/include/slam_toolbox_msgs/ResetRequest.h, /home/user/workspace/ros/devel/include/slam_toolbox_msgs/ResetRequest.h)
Linked: (/home/user/workspace/ros/devel/.private/slam_toolbox_msgs/include/slam_toolbox_msgs/MergeMapsRequest.h, /home/user/workspace/ros/devel/include/slam_toolbox_msgs/MergeMapsRequest.h)
Linked: (/home/user/workspace/ros/devel/.private/slam_toolbox_msgs/include/slam_toolbox_msgs/ClearQueueRequest.h, /home/user/workspace/ros/devel/include/slam_toolbox_msgs/ClearQueueRequest.h)
Linked: (/home/user/workspace/ros/devel/.private/slam_toolbox_msgs/include/slam_toolbox_msgs/ResetResponse.h, /home/user/workspace/ros/devel/include/slam_toolbox_msgs/ResetResponse.h)
