[ 20%] [32mBuilding CXX object CMakeFiles/seek_thermal_node.dir/src/seek_thermal_node.cpp.o[0m
[ 40%] [32mBuilding CXX object CMakeFiles/seek_thermal_node.dir/src/SeekThermalNode.cpp.o[0m
[ 60%] [32mBuilding CXX object CMakeFiles/seek_thermal_node.dir/src/SeekThermalCam.cpp.o[0m
In file included from [01m[K/home/user/workspace/ros/src/ohm_sensors/ohm_seek_thermal/src/SeekThermalCam.cpp:8[m[K:
[01m[K/home/user/workspace/ros/src/ohm_sensors/ohm_seek_thermal/src/SeekThermalCam.h:14:10:[m[K [01;31m[Kfatal error: [m[Kseek/seek.h: No such file or directory
   14 | #include [01;31m[K<seek/seek.h>[m[K
      |          [01;31m[K^~~~~~~~~~~~~[m[K
compilation terminated.
make[2]: *** [CMakeFiles/seek_thermal_node.dir/build.make:89: CMakeFiles/seek_thermal_node.dir/src/SeekThermalCam.cpp.o] Error 1
make[2]: *** Waiting for unfinished jobs....
[ 80%] Built target ohm_seek_thermal_gencfg
In file included from [01m[K/home/user/workspace/ros/src/ohm_sensors/ohm_seek_thermal/src/SeekThermalNode.h:15[m[K,
                 from [01m[K/home/user/workspace/ros/src/ohm_sensors/ohm_seek_thermal/src/seek_thermal_node.cpp:11[m[K:
[01m[K/home/user/workspace/ros/src/ohm_sensors/ohm_seek_thermal/src/SeekThermalCam.h:14:10:[m[K [01;31m[Kfatal error: [m[Kseek/seek.h: No such file or directory
   14 | #include [01;31m[K<seek/seek.h>[m[K
      |          [01;31m[K^~~~~~~~~~~~~[m[K
compilation terminated.
make[2]: *** [CMakeFiles/seek_thermal_node.dir/build.make:63: CMakeFiles/seek_thermal_node.dir/src/seek_thermal_node.cpp.o] Error 1
In file included from [01m[K/home/user/workspace/ros/src/ohm_sensors/ohm_seek_thermal/src/SeekThermalNode.h:15[m[K,
                 from [01m[K/home/user/workspace/ros/src/ohm_sensors/ohm_seek_thermal/src/SeekThermalNode.cpp:8[m[K:
[01m[K/home/user/workspace/ros/src/ohm_sensors/ohm_seek_thermal/src/SeekThermalCam.h:14:10:[m[K [01;31m[Kfatal error: [m[Kseek/seek.h: No such file or directory
   14 | #include [01;31m[K<seek/seek.h>[m[K
      |          [01;31m[K^~~~~~~~~~~~~[m[K
compilation terminated.
make[2]: *** [CMakeFiles/seek_thermal_node.dir/build.make:76: CMakeFiles/seek_thermal_node.dir/src/SeekThermalNode.cpp.o] Error 1
make[1]: *** [CMakeFiles/Makefile2:173: CMakeFiles/seek_thermal_node.dir/all] Error 2
make: *** [Makefile:141: all] Error 2
