[  0%] Built target ohm_perception_msgs_generate_messages_nodejs
[  0%] Built target topic_tools_generate_messages_nodejs
[  0%] Built target topic_tools_generate_messages_lisp
[  0%] Built target topic_tools_generate_messages_eus
[  0%] Built target std_srvs_generate_messages_lisp
[  0%] Built target std_srvs_generate_messages_eus
[  0%] Built target pcl_msgs_generate_messages_nodejs
[  0%] Built target pcl_msgs_generate_messages_lisp
[  0%] Built target pcl_msgs_generate_messages_eus
[  0%] Built target pcl_msgs_generate_messages_cpp
[  0%] Built target bond_generate_messages_py
[  0%] Built target bond_generate_messages_nodejs
[  0%] Built target bond_generate_messages_lisp
[  0%] Built target bond_generate_messages_eus
[  0%] Built target std_srvs_generate_messages_nodejs
[  0%] Built target nodelet_generate_messages_py
[  0%] Built target nodelet_generate_messages_nodejs
[  0%] Built target nodelet_generate_messages_eus
[  0%] Built target nodelet_generate_messages_cpp
[  0%] Built target dynamic_reconfigure_gencfg
[  0%] Built target pcl_ros_gencfg
[  0%] Built target dynamic_reconfigure_generate_messages_cpp
[  0%] Built target visualization_msgs_generate_messages_nodejs
[  0%] Built target ohm_perception_msgs_generate_messages_py
[  0%] Built target dynamic_reconfigure_generate_messages_eus
[  0%] Built target geometry_msgs_generate_messages_nodejs
[  0%] Built target visualization_msgs_generate_messages_eus
[  0%] Built target bond_generate_messages_cpp
[  0%] Built target geometry_msgs_generate_messages_cpp
[  0%] Built target dynamic_reconfigure_generate_messages_nodejs
[  0%] Built target tf2_msgs_generate_messages_py
[  0%] Built target geometry_msgs_generate_messages_eus
[  0%] Built target nodelet_generate_messages_lisp
[  0%] Built target std_msgs_generate_messages_nodejs
[  0%] Built target std_msgs_generate_messages_py
[  0%] Built target dynamic_reconfigure_generate_messages_lisp
[  0%] Built target std_msgs_generate_messages_cpp
[  0%] Built target tf2_msgs_generate_messages_cpp
[  0%] Built target rosgraph_msgs_generate_messages_nodejs
[  0%] Built target actionlib_msgs_generate_messages_cpp
[  0%] Built target actionlib_generate_messages_cpp
[  0%] Built target actionlib_msgs_generate_messages_py
[  0%] Built target roscpp_generate_messages_lisp
[  0%] Built target std_msgs_generate_messages_lisp
[  0%] Built target actionlib_generate_messages_lisp
[  0%] Built target std_srvs_generate_messages_cpp
[  0%] Built target tf_generate_messages_eus
[  0%] Built target dynamic_reconfigure_generate_messages_py
[  0%] Built target rosgraph_msgs_generate_messages_lisp
[  0%] Built target actionlib_msgs_generate_messages_eus
[  0%] Built target rosgraph_msgs_generate_messages_py
[  0%] Built target roscpp_generate_messages_py
[  0%] Built target geometry_msgs_generate_messages_py
[  0%] Built target roscpp_generate_messages_cpp
[  0%] Built target topic_tools_generate_messages_py
[  0%] Built target sensor_msgs_generate_messages_py
[  0%] Built target roscpp_generate_messages_eus
[  0%] Built target tf2_msgs_generate_messages_eus
[  0%] Built target geometry_msgs_generate_messages_lisp
[  0%] Built target tf_generate_messages_cpp
[  0%] Built target pcl_msgs_generate_messages_py
[  0%] Built target ohm_perception_msgs_generate_messages_lisp
[  0%] Built target roscpp_generate_messages_nodejs
[  0%] Built target actionlib_generate_messages_eus
[  0%] Built target std_srvs_generate_messages_py
[  0%] Built target rosgraph_msgs_generate_messages_cpp
[  0%] Built target rosgraph_msgs_generate_messages_eus
[  0%] Built target topic_tools_generate_messages_cpp
[  0%] Built target visualization_msgs_generate_messages_py
[  0%] Built target tf_generate_messages_lisp
[  0%] Built target tf_generate_messages_nodejs
[  0%] Built target nodelet_topic_tools_gencfg
[  0%] Built target sensor_msgs_generate_messages_cpp
[  0%] Built target sensor_msgs_generate_messages_eus
[  0%] Built target visualization_msgs_generate_messages_cpp
[  0%] Built target sensor_msgs_generate_messages_lisp
[  0%] Built target sensor_msgs_generate_messages_nodejs
[  0%] Built target actionlib_generate_messages_py
[  0%] Built target actionlib_generate_messages_nodejs
[  0%] Built target std_msgs_generate_messages_eus
[  0%] Built target tf_generate_messages_py
[  0%] Built target actionlib_msgs_generate_messages_nodejs
[  0%] Built target actionlib_msgs_generate_messages_lisp
[  0%] Built target tf2_msgs_generate_messages_nodejs
[  0%] Built target tf2_msgs_generate_messages_lisp
[  0%] Built target ohm_perception_msgs_generate_messages_cpp
[  0%] Built target ohm_perception_msgs_generate_messages_eus
[  0%] Built target visualization_msgs_generate_messages_lisp
[ 25%] Built target ohm_qr_stack_node
[ 37%] [32mBuilding CXX object CMakeFiles/ohm_qr_detection_node.dir/src/ohm_qr_detection_node.cpp.o[0m
[ 50%] [32mBuilding CXX object CMakeFiles/ohm_qr_detection_node.dir/src/QrCodeDetection.cpp.o[0m
[ 87%] Built target ohm_qr_to_world_node
In file included from [01m[K/home/user/workspace/ros/src/ohm_perception/ohm_qr_detection/src/QrCodeDetection.cpp:8[m[K:
[01m[K/home/user/workspace/ros/src/ohm_perception/ohm_qr_detection/src/QrCodeDetection.h:15:10:[m[K [01;31m[Kfatal error: [m[Kzbar.h: No such file or directory
   15 | #include [01;31m[K<zbar.h>[m[K
      |          [01;31m[K^~~~~~~~[m[K
compilation terminated.
make[2]: *** [CMakeFiles/ohm_qr_detection_node.dir/build.make:76: CMakeFiles/ohm_qr_detection_node.dir/src/QrCodeDetection.cpp.o] Error 1
make[2]: *** Waiting for unfinished jobs....
In file included from [01m[K/home/user/workspace/ros/src/ohm_perception/ohm_qr_detection/src/ohm_qr_detection_node.cpp:9[m[K:
[01m[K/home/user/workspace/ros/src/ohm_perception/ohm_qr_detection/src/QrCodeDetection.h:15:10:[m[K [01;31m[Kfatal error: [m[Kzbar.h: No such file or directory
   15 | #include [01;31m[K<zbar.h>[m[K
      |          [01;31m[K^~~~~~~~[m[K
compilation terminated.
make[2]: *** [CMakeFiles/ohm_qr_detection_node.dir/build.make:63: CMakeFiles/ohm_qr_detection_node.dir/src/ohm_qr_detection_node.cpp.o] Error 1
make[1]: *** [CMakeFiles/Makefile2:790: CMakeFiles/ohm_qr_detection_node.dir/all] Error 2
make: *** [Makefile:141: all] Error 2
