Linked: (/home/user/workspace/ros/devel/.private/ohm_perception_msgs/share/gennodejs/ros/ohm_perception_msgs/_index.js, /home/user/workspace/ros/devel/share/gennodejs/ros/ohm_perception_msgs/_index.js)
Linked: (/home/user/workspace/ros/devel/.private/ohm_perception_msgs/share/gennodejs/ros/ohm_perception_msgs/srv/GetVictim.js, /home/user/workspace/ros/devel/share/gennodejs/ros/ohm_perception_msgs/srv/GetVictim.js)
Linked: (/home/user/workspace/ros/devel/.private/ohm_perception_msgs/share/gennodejs/ros/ohm_perception_msgs/srv/GetAllVictims.js, /home/user/workspace/ros/devel/share/gennodejs/ros/ohm_perception_msgs/srv/GetAllVictims.js)
Linked: (/home/user/workspace/ros/devel/.private/ohm_perception_msgs/share/gennodejs/ros/ohm_perception_msgs/srv/_index.js, /home/user/workspace/ros/devel/share/gennodejs/ros/ohm_perception_msgs/srv/_index.js)
Linked: (/home/user/workspace/ros/devel/.private/ohm_perception_msgs/share/gennodejs/ros/ohm_perception_msgs/srv/AddVictim.js, /home/user/workspace/ros/devel/share/gennodejs/ros/ohm_perception_msgs/srv/AddVictim.js)
Linked: (/home/user/workspace/ros/devel/.private/ohm_perception_msgs/share/gennodejs/ros/ohm_perception_msgs/msg/Marker.js, /home/user/workspace/ros/devel/share/gennodejs/ros/ohm_perception_msgs/msg/Marker.js)
Linked: (/home/user/workspace/ros/devel/.private/ohm_perception_msgs/share/gennodejs/ros/ohm_perception_msgs/msg/QrArray.js, /home/user/workspace/ros/devel/share/gennodejs/ros/ohm_perception_msgs/msg/QrArray.js)
Linked: (/home/user/workspace/ros/devel/.private/ohm_perception_msgs/share/gennodejs/ros/ohm_perception_msgs/msg/Rect.js, /home/user/workspace/ros/devel/share/gennodejs/ros/ohm_perception_msgs/msg/Rect.js)
Linked: (/home/user/workspace/ros/devel/.private/ohm_perception_msgs/share/gennodejs/ros/ohm_perception_msgs/msg/_index.js, /home/user/workspace/ros/devel/share/gennodejs/ros/ohm_perception_msgs/msg/_index.js)
Linked: (/home/user/workspace/ros/devel/.private/ohm_perception_msgs/share/gennodejs/ros/ohm_perception_msgs/msg/Victim.js, /home/user/workspace/ros/devel/share/gennodejs/ros/ohm_perception_msgs/msg/Victim.js)
Linked: (/home/user/workspace/ros/devel/.private/ohm_perception_msgs/share/gennodejs/ros/ohm_perception_msgs/msg/signmsg.js, /home/user/workspace/ros/devel/share/gennodejs/ros/ohm_perception_msgs/msg/signmsg.js)
Linked: (/home/user/workspace/ros/devel/.private/ohm_perception_msgs/share/gennodejs/ros/ohm_perception_msgs/msg/Qr.js, /home/user/workspace/ros/devel/share/gennodejs/ros/ohm_perception_msgs/msg/Qr.js)
Linked: (/home/user/workspace/ros/devel/.private/ohm_perception_msgs/share/gennodejs/ros/ohm_perception_msgs/msg/signarray.js, /home/user/workspace/ros/devel/share/gennodejs/ros/ohm_perception_msgs/msg/signarray.js)
Linked: (/home/user/workspace/ros/devel/.private/ohm_perception_msgs/share/gennodejs/ros/ohm_perception_msgs/msg/Haz.js, /home/user/workspace/ros/devel/share/gennodejs/ros/ohm_perception_msgs/msg/Haz.js)
Linked: (/home/user/workspace/ros/devel/.private/ohm_perception_msgs/share/gennodejs/ros/ohm_perception_msgs/msg/HazArray.js, /home/user/workspace/ros/devel/share/gennodejs/ros/ohm_perception_msgs/msg/HazArray.js)
Linked: (/home/user/workspace/ros/devel/.private/ohm_perception_msgs/share/gennodejs/ros/ohm_perception_msgs/msg/VictimArray.js, /home/user/workspace/ros/devel/share/gennodejs/ros/ohm_perception_msgs/msg/VictimArray.js)
Linked: (/home/user/workspace/ros/devel/.private/ohm_perception_msgs/share/roseus/ros/ohm_perception_msgs/manifest.l, /home/user/workspace/ros/devel/share/roseus/ros/ohm_perception_msgs/manifest.l)
Linked: (/home/user/workspace/ros/devel/.private/ohm_perception_msgs/share/roseus/ros/ohm_perception_msgs/srv/GetVictim.l, /home/user/workspace/ros/devel/share/roseus/ros/ohm_perception_msgs/srv/GetVictim.l)
Linked: (/home/user/workspace/ros/devel/.private/ohm_perception_msgs/share/roseus/ros/ohm_perception_msgs/srv/GetAllVictims.l, /home/user/workspace/ros/devel/share/roseus/ros/ohm_perception_msgs/srv/GetAllVictims.l)
Linked: (/home/user/workspace/ros/devel/.private/ohm_perception_msgs/share/roseus/ros/ohm_perception_msgs/srv/AddVictim.l, /home/user/workspace/ros/devel/share/roseus/ros/ohm_perception_msgs/srv/AddVictim.l)
Linked: (/home/user/workspace/ros/devel/.private/ohm_perception_msgs/share/roseus/ros/ohm_perception_msgs/msg/signmsg.l, /home/user/workspace/ros/devel/share/roseus/ros/ohm_perception_msgs/msg/signmsg.l)
Linked: (/home/user/workspace/ros/devel/.private/ohm_perception_msgs/share/roseus/ros/ohm_perception_msgs/msg/Qr.l, /home/user/workspace/ros/devel/share/roseus/ros/ohm_perception_msgs/msg/Qr.l)
Linked: (/home/user/workspace/ros/devel/.private/ohm_perception_msgs/share/roseus/ros/ohm_perception_msgs/msg/Haz.l, /home/user/workspace/ros/devel/share/roseus/ros/ohm_perception_msgs/msg/Haz.l)
Linked: (/home/user/workspace/ros/devel/.private/ohm_perception_msgs/share/roseus/ros/ohm_perception_msgs/msg/VictimArray.l, /home/user/workspace/ros/devel/share/roseus/ros/ohm_perception_msgs/msg/VictimArray.l)
Linked: (/home/user/workspace/ros/devel/.private/ohm_perception_msgs/share/roseus/ros/ohm_perception_msgs/msg/HazArray.l, /home/user/workspace/ros/devel/share/roseus/ros/ohm_perception_msgs/msg/HazArray.l)
Linked: (/home/user/workspace/ros/devel/.private/ohm_perception_msgs/share/roseus/ros/ohm_perception_msgs/msg/signarray.l, /home/user/workspace/ros/devel/share/roseus/ros/ohm_perception_msgs/msg/signarray.l)
Linked: (/home/user/workspace/ros/devel/.private/ohm_perception_msgs/share/roseus/ros/ohm_perception_msgs/msg/Victim.l, /home/user/workspace/ros/devel/share/roseus/ros/ohm_perception_msgs/msg/Victim.l)
Linked: (/home/user/workspace/ros/devel/.private/ohm_perception_msgs/share/roseus/ros/ohm_perception_msgs/msg/QrArray.l, /home/user/workspace/ros/devel/share/roseus/ros/ohm_perception_msgs/msg/QrArray.l)
Linked: (/home/user/workspace/ros/devel/.private/ohm_perception_msgs/share/roseus/ros/ohm_perception_msgs/msg/Rect.l, /home/user/workspace/ros/devel/share/roseus/ros/ohm_perception_msgs/msg/Rect.l)
Linked: (/home/user/workspace/ros/devel/.private/ohm_perception_msgs/share/roseus/ros/ohm_perception_msgs/msg/Marker.l, /home/user/workspace/ros/devel/share/roseus/ros/ohm_perception_msgs/msg/Marker.l)
Linked: (/home/user/workspace/ros/devel/.private/ohm_perception_msgs/share/ohm_perception_msgs/cmake/ohm_perception_msgs-msg-extras.cmake, /home/user/workspace/ros/devel/share/ohm_perception_msgs/cmake/ohm_perception_msgs-msg-extras.cmake)
Linked: (/home/user/workspace/ros/devel/.private/ohm_perception_msgs/share/ohm_perception_msgs/cmake/ohm_perception_msgsConfig-version.cmake, /home/user/workspace/ros/devel/share/ohm_perception_msgs/cmake/ohm_perception_msgsConfig-version.cmake)
Linked: (/home/user/workspace/ros/devel/.private/ohm_perception_msgs/share/ohm_perception_msgs/cmake/ohm_perception_msgsConfig.cmake, /home/user/workspace/ros/devel/share/ohm_perception_msgs/cmake/ohm_perception_msgsConfig.cmake)
Linked: (/home/user/workspace/ros/devel/.private/ohm_perception_msgs/share/ohm_perception_msgs/cmake/ohm_perception_msgs-msg-paths.cmake, /home/user/workspace/ros/devel/share/ohm_perception_msgs/cmake/ohm_perception_msgs-msg-paths.cmake)
Linked: (/home/user/workspace/ros/devel/.private/ohm_perception_msgs/share/common-lisp/ros/ohm_perception_msgs/srv/ohm_perception_msgs-srv.asd, /home/user/workspace/ros/devel/share/common-lisp/ros/ohm_perception_msgs/srv/ohm_perception_msgs-srv.asd)
Linked: (/home/user/workspace/ros/devel/.private/ohm_perception_msgs/share/common-lisp/ros/ohm_perception_msgs/srv/_package_AddVictim.lisp, /home/user/workspace/ros/devel/share/common-lisp/ros/ohm_perception_msgs/srv/_package_AddVictim.lisp)
Linked: (/home/user/workspace/ros/devel/.private/ohm_perception_msgs/share/common-lisp/ros/ohm_perception_msgs/srv/_package_GetVictim.lisp, /home/user/workspace/ros/devel/share/common-lisp/ros/ohm_perception_msgs/srv/_package_GetVictim.lisp)
Linked: (/home/user/workspace/ros/devel/.private/ohm_perception_msgs/share/common-lisp/ros/ohm_perception_msgs/srv/_package_GetAllVictims.lisp, /home/user/workspace/ros/devel/share/common-lisp/ros/ohm_perception_msgs/srv/_package_GetAllVictims.lisp)
Linked: (/home/user/workspace/ros/devel/.private/ohm_perception_msgs/share/common-lisp/ros/ohm_perception_msgs/srv/GetAllVictims.lisp, /home/user/workspace/ros/devel/share/common-lisp/ros/ohm_perception_msgs/srv/GetAllVictims.lisp)
Linked: (/home/user/workspace/ros/devel/.private/ohm_perception_msgs/share/common-lisp/ros/ohm_perception_msgs/srv/AddVictim.lisp, /home/user/workspace/ros/devel/share/common-lisp/ros/ohm_perception_msgs/srv/AddVictim.lisp)
Linked: (/home/user/workspace/ros/devel/.private/ohm_perception_msgs/share/common-lisp/ros/ohm_perception_msgs/srv/_package.lisp, /home/user/workspace/ros/devel/share/common-lisp/ros/ohm_perception_msgs/srv/_package.lisp)
Linked: (/home/user/workspace/ros/devel/.private/ohm_perception_msgs/share/common-lisp/ros/ohm_perception_msgs/srv/GetVictim.lisp, /home/user/workspace/ros/devel/share/common-lisp/ros/ohm_perception_msgs/srv/GetVictim.lisp)
Linked: (/home/user/workspace/ros/devel/.private/ohm_perception_msgs/share/common-lisp/ros/ohm_perception_msgs/msg/Marker.lisp, /home/user/workspace/ros/devel/share/common-lisp/ros/ohm_perception_msgs/msg/Marker.lisp)
Linked: (/home/user/workspace/ros/devel/.private/ohm_perception_msgs/share/common-lisp/ros/ohm_perception_msgs/msg/signmsg.lisp, /home/user/workspace/ros/devel/share/common-lisp/ros/ohm_perception_msgs/msg/signmsg.lisp)
Linked: (/home/user/workspace/ros/devel/.private/ohm_perception_msgs/share/common-lisp/ros/ohm_perception_msgs/msg/Qr.lisp, /home/user/workspace/ros/devel/share/common-lisp/ros/ohm_perception_msgs/msg/Qr.lisp)
Linked: (/home/user/workspace/ros/devel/.private/ohm_perception_msgs/share/common-lisp/ros/ohm_perception_msgs/msg/Rect.lisp, /home/user/workspace/ros/devel/share/common-lisp/ros/ohm_perception_msgs/msg/Rect.lisp)
Linked: (/home/user/workspace/ros/devel/.private/ohm_perception_msgs/share/common-lisp/ros/ohm_perception_msgs/msg/_package_Victim.lisp, /home/user/workspace/ros/devel/share/common-lisp/ros/ohm_perception_msgs/msg/_package_Victim.lisp)
Linked: (/home/user/workspace/ros/devel/.private/ohm_perception_msgs/share/common-lisp/ros/ohm_perception_msgs/msg/_package_QrArray.lisp, /home/user/workspace/ros/devel/share/common-lisp/ros/ohm_perception_msgs/msg/_package_QrArray.lisp)
Linked: (/home/user/workspace/ros/devel/.private/ohm_perception_msgs/share/common-lisp/ros/ohm_perception_msgs/msg/_package_HazArray.lisp, /home/user/workspace/ros/devel/share/common-lisp/ros/ohm_perception_msgs/msg/_package_HazArray.lisp)
Linked: (/home/user/workspace/ros/devel/.private/ohm_perception_msgs/share/common-lisp/ros/ohm_perception_msgs/msg/VictimArray.lisp, /home/user/workspace/ros/devel/share/common-lisp/ros/ohm_perception_msgs/msg/VictimArray.lisp)
Linked: (/home/user/workspace/ros/devel/.private/ohm_perception_msgs/share/common-lisp/ros/ohm_perception_msgs/msg/_package_signarray.lisp, /home/user/workspace/ros/devel/share/common-lisp/ros/ohm_perception_msgs/msg/_package_signarray.lisp)
Linked: (/home/user/workspace/ros/devel/.private/ohm_perception_msgs/share/common-lisp/ros/ohm_perception_msgs/msg/_package_signmsg.lisp, /home/user/workspace/ros/devel/share/common-lisp/ros/ohm_perception_msgs/msg/_package_signmsg.lisp)
Linked: (/home/user/workspace/ros/devel/.private/ohm_perception_msgs/share/common-lisp/ros/ohm_perception_msgs/msg/_package_Qr.lisp, /home/user/workspace/ros/devel/share/common-lisp/ros/ohm_perception_msgs/msg/_package_Qr.lisp)
Linked: (/home/user/workspace/ros/devel/.private/ohm_perception_msgs/share/common-lisp/ros/ohm_perception_msgs/msg/Victim.lisp, /home/user/workspace/ros/devel/share/common-lisp/ros/ohm_perception_msgs/msg/Victim.lisp)
Linked: (/home/user/workspace/ros/devel/.private/ohm_perception_msgs/share/common-lisp/ros/ohm_perception_msgs/msg/ohm_perception_msgs-msg.asd, /home/user/workspace/ros/devel/share/common-lisp/ros/ohm_perception_msgs/msg/ohm_perception_msgs-msg.asd)
Linked: (/home/user/workspace/ros/devel/.private/ohm_perception_msgs/share/common-lisp/ros/ohm_perception_msgs/msg/_package_Marker.lisp, /home/user/workspace/ros/devel/share/common-lisp/ros/ohm_perception_msgs/msg/_package_Marker.lisp)
Linked: (/home/user/workspace/ros/devel/.private/ohm_perception_msgs/share/common-lisp/ros/ohm_perception_msgs/msg/HazArray.lisp, /home/user/workspace/ros/devel/share/common-lisp/ros/ohm_perception_msgs/msg/HazArray.lisp)
Linked: (/home/user/workspace/ros/devel/.private/ohm_perception_msgs/share/common-lisp/ros/ohm_perception_msgs/msg/_package.lisp, /home/user/workspace/ros/devel/share/common-lisp/ros/ohm_perception_msgs/msg/_package.lisp)
Linked: (/home/user/workspace/ros/devel/.private/ohm_perception_msgs/share/common-lisp/ros/ohm_perception_msgs/msg/_package_Rect.lisp, /home/user/workspace/ros/devel/share/common-lisp/ros/ohm_perception_msgs/msg/_package_Rect.lisp)
Linked: (/home/user/workspace/ros/devel/.private/ohm_perception_msgs/share/common-lisp/ros/ohm_perception_msgs/msg/_package_VictimArray.lisp, /home/user/workspace/ros/devel/share/common-lisp/ros/ohm_perception_msgs/msg/_package_VictimArray.lisp)
Linked: (/home/user/workspace/ros/devel/.private/ohm_perception_msgs/share/common-lisp/ros/ohm_perception_msgs/msg/Haz.lisp, /home/user/workspace/ros/devel/share/common-lisp/ros/ohm_perception_msgs/msg/Haz.lisp)
Linked: (/home/user/workspace/ros/devel/.private/ohm_perception_msgs/share/common-lisp/ros/ohm_perception_msgs/msg/signarray.lisp, /home/user/workspace/ros/devel/share/common-lisp/ros/ohm_perception_msgs/msg/signarray.lisp)
Linked: (/home/user/workspace/ros/devel/.private/ohm_perception_msgs/share/common-lisp/ros/ohm_perception_msgs/msg/_package_Haz.lisp, /home/user/workspace/ros/devel/share/common-lisp/ros/ohm_perception_msgs/msg/_package_Haz.lisp)
Linked: (/home/user/workspace/ros/devel/.private/ohm_perception_msgs/share/common-lisp/ros/ohm_perception_msgs/msg/QrArray.lisp, /home/user/workspace/ros/devel/share/common-lisp/ros/ohm_perception_msgs/msg/QrArray.lisp)
Linked: (/home/user/workspace/ros/devel/.private/ohm_perception_msgs/lib/python3/dist-packages/ohm_perception_msgs/__init__.py, /home/user/workspace/ros/devel/lib/python3/dist-packages/ohm_perception_msgs/__init__.py)
Linked: (/home/user/workspace/ros/devel/.private/ohm_perception_msgs/lib/python3/dist-packages/ohm_perception_msgs/srv/_AddVictim.py, /home/user/workspace/ros/devel/lib/python3/dist-packages/ohm_perception_msgs/srv/_AddVictim.py)
Linked: (/home/user/workspace/ros/devel/.private/ohm_perception_msgs/lib/python3/dist-packages/ohm_perception_msgs/srv/__init__.py, /home/user/workspace/ros/devel/lib/python3/dist-packages/ohm_perception_msgs/srv/__init__.py)
Linked: (/home/user/workspace/ros/devel/.private/ohm_perception_msgs/lib/python3/dist-packages/ohm_perception_msgs/srv/_GetVictim.py, /home/user/workspace/ros/devel/lib/python3/dist-packages/ohm_perception_msgs/srv/_GetVictim.py)
Linked: (/home/user/workspace/ros/devel/.private/ohm_perception_msgs/lib/python3/dist-packages/ohm_perception_msgs/srv/_GetAllVictims.py, /home/user/workspace/ros/devel/lib/python3/dist-packages/ohm_perception_msgs/srv/_GetAllVictims.py)
Linked: (/home/user/workspace/ros/devel/.private/ohm_perception_msgs/lib/python3/dist-packages/ohm_perception_msgs/msg/_VictimArray.py, /home/user/workspace/ros/devel/lib/python3/dist-packages/ohm_perception_msgs/msg/_VictimArray.py)
Linked: (/home/user/workspace/ros/devel/.private/ohm_perception_msgs/lib/python3/dist-packages/ohm_perception_msgs/msg/_Victim.py, /home/user/workspace/ros/devel/lib/python3/dist-packages/ohm_perception_msgs/msg/_Victim.py)
Linked: (/home/user/workspace/ros/devel/.private/ohm_perception_msgs/lib/python3/dist-packages/ohm_perception_msgs/msg/_Qr.py, /home/user/workspace/ros/devel/lib/python3/dist-packages/ohm_perception_msgs/msg/_Qr.py)
Linked: (/home/user/workspace/ros/devel/.private/ohm_perception_msgs/lib/python3/dist-packages/ohm_perception_msgs/msg/_Marker.py, /home/user/workspace/ros/devel/lib/python3/dist-packages/ohm_perception_msgs/msg/_Marker.py)
Linked: (/home/user/workspace/ros/devel/.private/ohm_perception_msgs/lib/python3/dist-packages/ohm_perception_msgs/msg/_Haz.py, /home/user/workspace/ros/devel/lib/python3/dist-packages/ohm_perception_msgs/msg/_Haz.py)
Linked: (/home/user/workspace/ros/devel/.private/ohm_perception_msgs/lib/python3/dist-packages/ohm_perception_msgs/msg/_HazArray.py, /home/user/workspace/ros/devel/lib/python3/dist-packages/ohm_perception_msgs/msg/_HazArray.py)
Linked: (/home/user/workspace/ros/devel/.private/ohm_perception_msgs/lib/python3/dist-packages/ohm_perception_msgs/msg/__init__.py, /home/user/workspace/ros/devel/lib/python3/dist-packages/ohm_perception_msgs/msg/__init__.py)
Linked: (/home/user/workspace/ros/devel/.private/ohm_perception_msgs/lib/python3/dist-packages/ohm_perception_msgs/msg/_signarray.py, /home/user/workspace/ros/devel/lib/python3/dist-packages/ohm_perception_msgs/msg/_signarray.py)
Linked: (/home/user/workspace/ros/devel/.private/ohm_perception_msgs/lib/python3/dist-packages/ohm_perception_msgs/msg/_QrArray.py, /home/user/workspace/ros/devel/lib/python3/dist-packages/ohm_perception_msgs/msg/_QrArray.py)
Linked: (/home/user/workspace/ros/devel/.private/ohm_perception_msgs/lib/python3/dist-packages/ohm_perception_msgs/msg/_Rect.py, /home/user/workspace/ros/devel/lib/python3/dist-packages/ohm_perception_msgs/msg/_Rect.py)
Linked: (/home/user/workspace/ros/devel/.private/ohm_perception_msgs/lib/python3/dist-packages/ohm_perception_msgs/msg/_signmsg.py, /home/user/workspace/ros/devel/lib/python3/dist-packages/ohm_perception_msgs/msg/_signmsg.py)
Linked: (/home/user/workspace/ros/devel/.private/ohm_perception_msgs/lib/pkgconfig/ohm_perception_msgs.pc, /home/user/workspace/ros/devel/lib/pkgconfig/ohm_perception_msgs.pc)
Linked: (/home/user/workspace/ros/devel/.private/ohm_perception_msgs/include/ohm_perception_msgs/Marker.h, /home/user/workspace/ros/devel/include/ohm_perception_msgs/Marker.h)
Linked: (/home/user/workspace/ros/devel/.private/ohm_perception_msgs/include/ohm_perception_msgs/AddVictim.h, /home/user/workspace/ros/devel/include/ohm_perception_msgs/AddVictim.h)
Linked: (/home/user/workspace/ros/devel/.private/ohm_perception_msgs/include/ohm_perception_msgs/signarray.h, /home/user/workspace/ros/devel/include/ohm_perception_msgs/signarray.h)
Linked: (/home/user/workspace/ros/devel/.private/ohm_perception_msgs/include/ohm_perception_msgs/GetVictim.h, /home/user/workspace/ros/devel/include/ohm_perception_msgs/GetVictim.h)
Linked: (/home/user/workspace/ros/devel/.private/ohm_perception_msgs/include/ohm_perception_msgs/AddVictimResponse.h, /home/user/workspace/ros/devel/include/ohm_perception_msgs/AddVictimResponse.h)
Linked: (/home/user/workspace/ros/devel/.private/ohm_perception_msgs/include/ohm_perception_msgs/GetAllVictimsRequest.h, /home/user/workspace/ros/devel/include/ohm_perception_msgs/GetAllVictimsRequest.h)
Linked: (/home/user/workspace/ros/devel/.private/ohm_perception_msgs/include/ohm_perception_msgs/GetAllVictimsResponse.h, /home/user/workspace/ros/devel/include/ohm_perception_msgs/GetAllVictimsResponse.h)
Linked: (/home/user/workspace/ros/devel/.private/ohm_perception_msgs/include/ohm_perception_msgs/HazArray.h, /home/user/workspace/ros/devel/include/ohm_perception_msgs/HazArray.h)
Linked: (/home/user/workspace/ros/devel/.private/ohm_perception_msgs/include/ohm_perception_msgs/Rect.h, /home/user/workspace/ros/devel/include/ohm_perception_msgs/Rect.h)
Linked: (/home/user/workspace/ros/devel/.private/ohm_perception_msgs/include/ohm_perception_msgs/VictimArray.h, /home/user/workspace/ros/devel/include/ohm_perception_msgs/VictimArray.h)
Linked: (/home/user/workspace/ros/devel/.private/ohm_perception_msgs/include/ohm_perception_msgs/Qr.h, /home/user/workspace/ros/devel/include/ohm_perception_msgs/Qr.h)
Linked: (/home/user/workspace/ros/devel/.private/ohm_perception_msgs/include/ohm_perception_msgs/GetVictimResponse.h, /home/user/workspace/ros/devel/include/ohm_perception_msgs/GetVictimResponse.h)
Linked: (/home/user/workspace/ros/devel/.private/ohm_perception_msgs/include/ohm_perception_msgs/signmsg.h, /home/user/workspace/ros/devel/include/ohm_perception_msgs/signmsg.h)
Linked: (/home/user/workspace/ros/devel/.private/ohm_perception_msgs/include/ohm_perception_msgs/GetAllVictims.h, /home/user/workspace/ros/devel/include/ohm_perception_msgs/GetAllVictims.h)
Linked: (/home/user/workspace/ros/devel/.private/ohm_perception_msgs/include/ohm_perception_msgs/GetVictimRequest.h, /home/user/workspace/ros/devel/include/ohm_perception_msgs/GetVictimRequest.h)
Linked: (/home/user/workspace/ros/devel/.private/ohm_perception_msgs/include/ohm_perception_msgs/AddVictimRequest.h, /home/user/workspace/ros/devel/include/ohm_perception_msgs/AddVictimRequest.h)
Linked: (/home/user/workspace/ros/devel/.private/ohm_perception_msgs/include/ohm_perception_msgs/Haz.h, /home/user/workspace/ros/devel/include/ohm_perception_msgs/Haz.h)
Linked: (/home/user/workspace/ros/devel/.private/ohm_perception_msgs/include/ohm_perception_msgs/Victim.h, /home/user/workspace/ros/devel/include/ohm_perception_msgs/Victim.h)
Linked: (/home/user/workspace/ros/devel/.private/ohm_perception_msgs/include/ohm_perception_msgs/QrArray.h, /home/user/workspace/ros/devel/include/ohm_perception_msgs/QrArray.h)
