[35m[1mScanning dependencies of target _ohm_perception_msgs_generate_messages_check_deps_GetVictim[0m
[  0%] Built target _ohm_perception_msgs_generate_messages_check_deps_GetVictim
[35m[1mScanning dependencies of target _ohm_perception_msgs_generate_messages_check_deps_GetAllVictims[0m
[  0%] Built target _ohm_perception_msgs_generate_messages_check_deps_GetAllVictims
[35m[1mScanning dependencies of target _ohm_perception_msgs_generate_messages_check_deps_signarray[0m
[  0%] Built target _ohm_perception_msgs_generate_messages_check_deps_signarray
[35m[1mScanning dependencies of target _ohm_perception_msgs_generate_messages_check_deps_QrArray[0m
[  0%] Built target _ohm_perception_msgs_generate_messages_check_deps_QrArray
[35m[1mScanning dependencies of target geometry_msgs_generate_messages_nodejs[0m
[  0%] Built target geometry_msgs_generate_messages_nodejs
[35m[1mScanning dependencies of target _ohm_perception_msgs_generate_messages_check_deps_Marker[0m
[  0%] Built target _ohm_perception_msgs_generate_messages_check_deps_Marker
[35m[1mScanning dependencies of target _ohm_perception_msgs_generate_messages_check_deps_Haz[0m
[  0%] Built target _ohm_perception_msgs_generate_messages_check_deps_Haz
[35m[1mScanning dependencies of target _ohm_perception_msgs_generate_messages_check_deps_HazArray[0m
[  0%] Built target _ohm_perception_msgs_generate_messages_check_deps_HazArray
[35m[1mScanning dependencies of target _ohm_perception_msgs_generate_messages_check_deps_Qr[0m
[  0%] Built target _ohm_perception_msgs_generate_messages_check_deps_Qr
[35m[1mScanning dependencies of target _ohm_perception_msgs_generate_messages_check_deps_signmsg[0m
[  0%] Built target _ohm_perception_msgs_generate_messages_check_deps_signmsg
[35m[1mScanning dependencies of target _ohm_perception_msgs_generate_messages_check_deps_AddVictim[0m
[  0%] Built target _ohm_perception_msgs_generate_messages_check_deps_AddVictim
[35m[1mScanning dependencies of target _ohm_perception_msgs_generate_messages_check_deps_Victim[0m
[  0%] Built target _ohm_perception_msgs_generate_messages_check_deps_Victim
[35m[1mScanning dependencies of target _ohm_perception_msgs_generate_messages_check_deps_VictimArray[0m
[  0%] Built target _ohm_perception_msgs_generate_messages_check_deps_VictimArray
[35m[1mScanning dependencies of target _ohm_perception_msgs_generate_messages_check_deps_Rect[0m
[  0%] Built target _ohm_perception_msgs_generate_messages_check_deps_Rect
[35m[1mScanning dependencies of target geometry_msgs_generate_messages_py[0m
[  0%] Built target geometry_msgs_generate_messages_py
[35m[1mScanning dependencies of target geometry_msgs_generate_messages_cpp[0m
[  0%] Built target geometry_msgs_generate_messages_cpp
[35m[1mScanning dependencies of target geometry_msgs_generate_messages_lisp[0m
[  0%] Built target geometry_msgs_generate_messages_lisp
[35m[1mScanning dependencies of target geometry_msgs_generate_messages_eus[0m
[  0%] Built target geometry_msgs_generate_messages_eus
[35m[1mScanning dependencies of target ohm_perception_msgs_generate_messages_nodejs[0m
[  1%] [34m[1mGenerating Javascript code from ohm_perception_msgs/Haz.msg[0m
[  2%] [34m[1mGenerating Javascript code from ohm_perception_msgs/HazArray.msg[0m
[  4%] [34m[1mGenerating Javascript code from ohm_perception_msgs/Qr.msg[0m
[  5%] [34m[1mGenerating Javascript code from ohm_perception_msgs/QrArray.msg[0m
[  7%] [34m[1mGenerating Javascript code from ohm_perception_msgs/signarray.msg[0m
[  8%] [34m[1mGenerating Javascript code from ohm_perception_msgs/signmsg.msg[0m
[ 10%] [34m[1mGenerating Javascript code from ohm_perception_msgs/Victim.msg[0m
[ 11%] [34m[1mGenerating Javascript code from ohm_perception_msgs/VictimArray.msg[0m
[ 13%] [34m[1mGenerating Javascript code from ohm_perception_msgs/Rect.msg[0m
[ 14%] [34m[1mGenerating Javascript code from ohm_perception_msgs/Marker.msg[0m
[ 16%] [34m[1mGenerating Javascript code from ohm_perception_msgs/AddVictim.srv[0m
[ 17%] [34m[1mGenerating Javascript code from ohm_perception_msgs/GetAllVictims.srv[0m
[ 19%] [34m[1mGenerating Javascript code from ohm_perception_msgs/GetVictim.srv[0m
[ 19%] Built target ohm_perception_msgs_generate_messages_nodejs
[35m[1mScanning dependencies of target ohm_perception_msgs_generate_messages_py[0m
[ 20%] [34m[1mGenerating Python from MSG ohm_perception_msgs/Haz[0m
[ 22%] [34m[1mGenerating Python from MSG ohm_perception_msgs/HazArray[0m
[ 23%] [34m[1mGenerating Python from MSG ohm_perception_msgs/Qr[0m
[ 25%] [34m[1mGenerating Python from MSG ohm_perception_msgs/QrArray[0m
[ 26%] [34m[1mGenerating Python from MSG ohm_perception_msgs/signarray[0m
[ 27%] [34m[1mGenerating Python from MSG ohm_perception_msgs/signmsg[0m
[ 29%] [34m[1mGenerating Python from MSG ohm_perception_msgs/Victim[0m
[ 30%] [34m[1mGenerating Python from MSG ohm_perception_msgs/VictimArray[0m
[ 32%] [34m[1mGenerating Python from MSG ohm_perception_msgs/Rect[0m
[ 33%] [34m[1mGenerating Python from MSG ohm_perception_msgs/Marker[0m
[ 35%] [34m[1mGenerating Python code from SRV ohm_perception_msgs/AddVictim[0m
[35m[1mScanning dependencies of target ohm_perception_msgs_generate_messages_cpp[0m
[ 36%] [34m[1mGenerating Python code from SRV ohm_perception_msgs/GetAllVictims[0m
[ 38%] [34m[1mGenerating C++ code from ohm_perception_msgs/Haz.msg[0m
[ 39%] [34m[1mGenerating C++ code from ohm_perception_msgs/HazArray.msg[0m
[ 41%] [34m[1mGenerating Python code from SRV ohm_perception_msgs/GetVictim[0m
[ 42%] [34m[1mGenerating C++ code from ohm_perception_msgs/Qr.msg[0m
[ 44%] [34m[1mGenerating Python msg __init__.py for ohm_perception_msgs[0m
[ 45%] [34m[1mGenerating C++ code from ohm_perception_msgs/QrArray.msg[0m
[ 47%] [34m[1mGenerating C++ code from ohm_perception_msgs/signarray.msg[0m
[ 48%] [34m[1mGenerating Python srv __init__.py for ohm_perception_msgs[0m
[ 50%] [34m[1mGenerating C++ code from ohm_perception_msgs/signmsg.msg[0m
[ 51%] [34m[1mGenerating C++ code from ohm_perception_msgs/Victim.msg[0m
[ 52%] [34m[1mGenerating C++ code from ohm_perception_msgs/VictimArray.msg[0m
[ 54%] [34m[1mGenerating C++ code from ohm_perception_msgs/Rect.msg[0m
[ 54%] Built target ohm_perception_msgs_generate_messages_py
[35m[1mScanning dependencies of target ohm_perception_msgs_generate_messages_lisp[0m
[ 55%] [34m[1mGenerating Lisp code from ohm_perception_msgs/Haz.msg[0m
[ 57%] [34m[1mGenerating Lisp code from ohm_perception_msgs/HazArray.msg[0m
[ 58%] [34m[1mGenerating C++ code from ohm_perception_msgs/Marker.msg[0m
[ 60%] [34m[1mGenerating C++ code from ohm_perception_msgs/AddVictim.srv[0m
[ 61%] [34m[1mGenerating Lisp code from ohm_perception_msgs/Qr.msg[0m
[35m[1mScanning dependencies of target ohm_perception_msgs_generate_messages_eus[0m
[ 63%] [34m[1mGenerating EusLisp code from ohm_perception_msgs/Haz.msg[0m
[ 64%] [34m[1mGenerating Lisp code from ohm_perception_msgs/QrArray.msg[0m
[ 66%] [34m[1mGenerating EusLisp code from ohm_perception_msgs/HazArray.msg[0m
[ 67%] [34m[1mGenerating Lisp code from ohm_perception_msgs/signarray.msg[0m
[ 69%] [34m[1mGenerating C++ code from ohm_perception_msgs/GetAllVictims.srv[0m
[ 70%] [34m[1mGenerating EusLisp code from ohm_perception_msgs/Qr.msg[0m
[ 72%] [34m[1mGenerating Lisp code from ohm_perception_msgs/signmsg.msg[0m
[ 73%] [34m[1mGenerating Lisp code from ohm_perception_msgs/Victim.msg[0m
[ 75%] [34m[1mGenerating Lisp code from ohm_perception_msgs/VictimArray.msg[0m
[ 76%] [34m[1mGenerating Lisp code from ohm_perception_msgs/Rect.msg[0m
[ 77%] [34m[1mGenerating EusLisp code from ohm_perception_msgs/QrArray.msg[0m
[ 79%] [34m[1mGenerating EusLisp code from ohm_perception_msgs/signarray.msg[0m
[ 80%] [34m[1mGenerating Lisp code from ohm_perception_msgs/Marker.msg[0m
[ 82%] [34m[1mGenerating Lisp code from ohm_perception_msgs/AddVictim.srv[0m
[ 85%] [34m[1mGenerating EusLisp code from ohm_perception_msgs/signmsg.msg[0m
[ 85%] [34m[1mGenerating Lisp code from ohm_perception_msgs/GetAllVictims.srv[0m
[ 86%] [34m[1mGenerating EusLisp code from ohm_perception_msgs/Victim.msg[0m
[ 88%] [34m[1mGenerating Lisp code from ohm_perception_msgs/GetVictim.srv[0m
[ 89%] [34m[1mGenerating C++ code from ohm_perception_msgs/GetVictim.srv[0m
[ 91%] [34m[1mGenerating EusLisp code from ohm_perception_msgs/VictimArray.msg[0m
[ 91%] Built target ohm_perception_msgs_generate_messages_lisp
[ 92%] [34m[1mGenerating EusLisp code from ohm_perception_msgs/Rect.msg[0m
[ 94%] [34m[1mGenerating EusLisp code from ohm_perception_msgs/Marker.msg[0m
[ 95%] [34m[1mGenerating EusLisp code from ohm_perception_msgs/AddVictim.srv[0m
[ 97%] [34m[1mGenerating EusLisp code from ohm_perception_msgs/GetAllVictims.srv[0m
[ 98%] [34m[1mGenerating EusLisp code from ohm_perception_msgs/GetVictim.srv[0m
[100%] [34m[1mGenerating EusLisp manifest code for ohm_perception_msgs[0m
[100%] Built target ohm_perception_msgs_generate_messages_cpp
[100%] Built target ohm_perception_msgs_generate_messages_eus
[35m[1mScanning dependencies of target ohm_perception_msgs_generate_messages[0m
[100%] Built target ohm_perception_msgs_generate_messages
