Symlinking /home/user/workspace/ros/devel/share/gennodejs/ros/ohm_perception_msgs/_index.js
Symlinking /home/user/workspace/ros/devel/share/gennodejs/ros/ohm_perception_msgs/srv/GetVictim.js
Symlinking /home/user/workspace/ros/devel/share/gennodejs/ros/ohm_perception_msgs/srv/GetAllVictims.js
Symlinking /home/user/workspace/ros/devel/share/gennodejs/ros/ohm_perception_msgs/srv/_index.js
Symlinking /home/user/workspace/ros/devel/share/gennodejs/ros/ohm_perception_msgs/srv/AddVictim.js
Symlinking /home/user/workspace/ros/devel/share/gennodejs/ros/ohm_perception_msgs/msg/Marker.js
Symlinking /home/user/workspace/ros/devel/share/gennodejs/ros/ohm_perception_msgs/msg/QrArray.js
Symlinking /home/user/workspace/ros/devel/share/gennodejs/ros/ohm_perception_msgs/msg/Rect.js
Symlinking /home/user/workspace/ros/devel/share/gennodejs/ros/ohm_perception_msgs/msg/_index.js
Symlinking /home/user/workspace/ros/devel/share/gennodejs/ros/ohm_perception_msgs/msg/Victim.js
Symlinking /home/user/workspace/ros/devel/share/gennodejs/ros/ohm_perception_msgs/msg/signmsg.js
Symlinking /home/user/workspace/ros/devel/share/gennodejs/ros/ohm_perception_msgs/msg/Qr.js
Symlinking /home/user/workspace/ros/devel/share/gennodejs/ros/ohm_perception_msgs/msg/signarray.js
Symlinking /home/user/workspace/ros/devel/share/gennodejs/ros/ohm_perception_msgs/msg/Haz.js
Symlinking /home/user/workspace/ros/devel/share/gennodejs/ros/ohm_perception_msgs/msg/HazArray.js
Symlinking /home/user/workspace/ros/devel/share/gennodejs/ros/ohm_perception_msgs/msg/VictimArray.js
Symlinking /home/user/workspace/ros/devel/share/roseus/ros/ohm_perception_msgs/manifest.l
Symlinking /home/user/workspace/ros/devel/share/roseus/ros/ohm_perception_msgs/srv/GetVictim.l
Symlinking /home/user/workspace/ros/devel/share/roseus/ros/ohm_perception_msgs/srv/GetAllVictims.l
Symlinking /home/user/workspace/ros/devel/share/roseus/ros/ohm_perception_msgs/srv/AddVictim.l
Symlinking /home/user/workspace/ros/devel/share/roseus/ros/ohm_perception_msgs/msg/signmsg.l
Symlinking /home/user/workspace/ros/devel/share/roseus/ros/ohm_perception_msgs/msg/Qr.l
Symlinking /home/user/workspace/ros/devel/share/roseus/ros/ohm_perception_msgs/msg/Haz.l
Symlinking /home/user/workspace/ros/devel/share/roseus/ros/ohm_perception_msgs/msg/VictimArray.l
Symlinking /home/user/workspace/ros/devel/share/roseus/ros/ohm_perception_msgs/msg/HazArray.l
Symlinking /home/user/workspace/ros/devel/share/roseus/ros/ohm_perception_msgs/msg/signarray.l
Symlinking /home/user/workspace/ros/devel/share/roseus/ros/ohm_perception_msgs/msg/Victim.l
Symlinking /home/user/workspace/ros/devel/share/roseus/ros/ohm_perception_msgs/msg/QrArray.l
Symlinking /home/user/workspace/ros/devel/share/roseus/ros/ohm_perception_msgs/msg/Rect.l
Symlinking /home/user/workspace/ros/devel/share/roseus/ros/ohm_perception_msgs/msg/Marker.l
Symlinking /home/user/workspace/ros/devel/share/ohm_perception_msgs/cmake/ohm_perception_msgs-msg-extras.cmake
Symlinking /home/user/workspace/ros/devel/share/ohm_perception_msgs/cmake/ohm_perception_msgsConfig-version.cmake
Symlinking /home/user/workspace/ros/devel/share/ohm_perception_msgs/cmake/ohm_perception_msgsConfig.cmake
Symlinking /home/user/workspace/ros/devel/share/ohm_perception_msgs/cmake/ohm_perception_msgs-msg-paths.cmake
Symlinking /home/user/workspace/ros/devel/share/common-lisp/ros/ohm_perception_msgs/srv/ohm_perception_msgs-srv.asd
Symlinking /home/user/workspace/ros/devel/share/common-lisp/ros/ohm_perception_msgs/srv/_package_AddVictim.lisp
Symlinking /home/user/workspace/ros/devel/share/common-lisp/ros/ohm_perception_msgs/srv/_package_GetVictim.lisp
Symlinking /home/user/workspace/ros/devel/share/common-lisp/ros/ohm_perception_msgs/srv/_package_GetAllVictims.lisp
Symlinking /home/user/workspace/ros/devel/share/common-lisp/ros/ohm_perception_msgs/srv/GetAllVictims.lisp
Symlinking /home/user/workspace/ros/devel/share/common-lisp/ros/ohm_perception_msgs/srv/AddVictim.lisp
Symlinking /home/user/workspace/ros/devel/share/common-lisp/ros/ohm_perception_msgs/srv/_package.lisp
Symlinking /home/user/workspace/ros/devel/share/common-lisp/ros/ohm_perception_msgs/srv/GetVictim.lisp
Symlinking /home/user/workspace/ros/devel/share/common-lisp/ros/ohm_perception_msgs/msg/Marker.lisp
Symlinking /home/user/workspace/ros/devel/share/common-lisp/ros/ohm_perception_msgs/msg/signmsg.lisp
Symlinking /home/user/workspace/ros/devel/share/common-lisp/ros/ohm_perception_msgs/msg/Qr.lisp
Symlinking /home/user/workspace/ros/devel/share/common-lisp/ros/ohm_perception_msgs/msg/Rect.lisp
Symlinking /home/user/workspace/ros/devel/share/common-lisp/ros/ohm_perception_msgs/msg/_package_Victim.lisp
Symlinking /home/user/workspace/ros/devel/share/common-lisp/ros/ohm_perception_msgs/msg/_package_QrArray.lisp
Symlinking /home/user/workspace/ros/devel/share/common-lisp/ros/ohm_perception_msgs/msg/_package_HazArray.lisp
Symlinking /home/user/workspace/ros/devel/share/common-lisp/ros/ohm_perception_msgs/msg/VictimArray.lisp
Symlinking /home/user/workspace/ros/devel/share/common-lisp/ros/ohm_perception_msgs/msg/_package_signarray.lisp
Symlinking /home/user/workspace/ros/devel/share/common-lisp/ros/ohm_perception_msgs/msg/_package_signmsg.lisp
Symlinking /home/user/workspace/ros/devel/share/common-lisp/ros/ohm_perception_msgs/msg/_package_Qr.lisp
Symlinking /home/user/workspace/ros/devel/share/common-lisp/ros/ohm_perception_msgs/msg/Victim.lisp
Symlinking /home/user/workspace/ros/devel/share/common-lisp/ros/ohm_perception_msgs/msg/ohm_perception_msgs-msg.asd
Symlinking /home/user/workspace/ros/devel/share/common-lisp/ros/ohm_perception_msgs/msg/_package_Marker.lisp
Symlinking /home/user/workspace/ros/devel/share/common-lisp/ros/ohm_perception_msgs/msg/HazArray.lisp
Symlinking /home/user/workspace/ros/devel/share/common-lisp/ros/ohm_perception_msgs/msg/_package.lisp
Symlinking /home/user/workspace/ros/devel/share/common-lisp/ros/ohm_perception_msgs/msg/_package_Rect.lisp
Symlinking /home/user/workspace/ros/devel/share/common-lisp/ros/ohm_perception_msgs/msg/_package_VictimArray.lisp
Symlinking /home/user/workspace/ros/devel/share/common-lisp/ros/ohm_perception_msgs/msg/Haz.lisp
Symlinking /home/user/workspace/ros/devel/share/common-lisp/ros/ohm_perception_msgs/msg/signarray.lisp
Symlinking /home/user/workspace/ros/devel/share/common-lisp/ros/ohm_perception_msgs/msg/_package_Haz.lisp
Symlinking /home/user/workspace/ros/devel/share/common-lisp/ros/ohm_perception_msgs/msg/QrArray.lisp
Symlinking /home/user/workspace/ros/devel/lib/python3/dist-packages/ohm_perception_msgs/__init__.py
Symlinking /home/user/workspace/ros/devel/lib/python3/dist-packages/ohm_perception_msgs/srv/_AddVictim.py
Symlinking /home/user/workspace/ros/devel/lib/python3/dist-packages/ohm_perception_msgs/srv/__init__.py
Symlinking /home/user/workspace/ros/devel/lib/python3/dist-packages/ohm_perception_msgs/srv/_GetVictim.py
Symlinking /home/user/workspace/ros/devel/lib/python3/dist-packages/ohm_perception_msgs/srv/_GetAllVictims.py
Symlinking /home/user/workspace/ros/devel/lib/python3/dist-packages/ohm_perception_msgs/msg/_VictimArray.py
Symlinking /home/user/workspace/ros/devel/lib/python3/dist-packages/ohm_perception_msgs/msg/_Victim.py
Symlinking /home/user/workspace/ros/devel/lib/python3/dist-packages/ohm_perception_msgs/msg/_Qr.py
Symlinking /home/user/workspace/ros/devel/lib/python3/dist-packages/ohm_perception_msgs/msg/_Marker.py
Symlinking /home/user/workspace/ros/devel/lib/python3/dist-packages/ohm_perception_msgs/msg/_Haz.py
Symlinking /home/user/workspace/ros/devel/lib/python3/dist-packages/ohm_perception_msgs/msg/_HazArray.py
Symlinking /home/user/workspace/ros/devel/lib/python3/dist-packages/ohm_perception_msgs/msg/__init__.py
Symlinking /home/user/workspace/ros/devel/lib/python3/dist-packages/ohm_perception_msgs/msg/_signarray.py
Symlinking /home/user/workspace/ros/devel/lib/python3/dist-packages/ohm_perception_msgs/msg/_QrArray.py
Symlinking /home/user/workspace/ros/devel/lib/python3/dist-packages/ohm_perception_msgs/msg/_Rect.py
Symlinking /home/user/workspace/ros/devel/lib/python3/dist-packages/ohm_perception_msgs/msg/_signmsg.py
Symlinking /home/user/workspace/ros/devel/lib/pkgconfig/ohm_perception_msgs.pc
Symlinking /home/user/workspace/ros/devel/include/ohm_perception_msgs/Marker.h
Symlinking /home/user/workspace/ros/devel/include/ohm_perception_msgs/AddVictim.h
Symlinking /home/user/workspace/ros/devel/include/ohm_perception_msgs/signarray.h
Symlinking /home/user/workspace/ros/devel/include/ohm_perception_msgs/GetVictim.h
Symlinking /home/user/workspace/ros/devel/include/ohm_perception_msgs/AddVictimResponse.h
Symlinking /home/user/workspace/ros/devel/include/ohm_perception_msgs/GetAllVictimsRequest.h
Symlinking /home/user/workspace/ros/devel/include/ohm_perception_msgs/GetAllVictimsResponse.h
Symlinking /home/user/workspace/ros/devel/include/ohm_perception_msgs/HazArray.h
Symlinking /home/user/workspace/ros/devel/include/ohm_perception_msgs/Rect.h
Symlinking /home/user/workspace/ros/devel/include/ohm_perception_msgs/VictimArray.h
Symlinking /home/user/workspace/ros/devel/include/ohm_perception_msgs/Qr.h
Symlinking /home/user/workspace/ros/devel/include/ohm_perception_msgs/GetVictimResponse.h
Symlinking /home/user/workspace/ros/devel/include/ohm_perception_msgs/signmsg.h
Symlinking /home/user/workspace/ros/devel/include/ohm_perception_msgs/GetAllVictims.h
Symlinking /home/user/workspace/ros/devel/include/ohm_perception_msgs/GetVictimRequest.h
Symlinking /home/user/workspace/ros/devel/include/ohm_perception_msgs/AddVictimRequest.h
Symlinking /home/user/workspace/ros/devel/include/ohm_perception_msgs/Haz.h
Symlinking /home/user/workspace/ros/devel/include/ohm_perception_msgs/Victim.h
Symlinking /home/user/workspace/ros/devel/include/ohm_perception_msgs/QrArray.h
