[  0%] Built target _ohm_perception_msgs_generate_messages_check_deps_GetAllVictims
[  0%] Built target _ohm_perception_msgs_generate_messages_check_deps_GetVictim
[  0%] Built target _ohm_perception_msgs_generate_messages_check_deps_signarray
[  0%] Built target _ohm_perception_msgs_generate_messages_check_deps_QrArray
[  0%] Built target geometry_msgs_generate_messages_nodejs
[  0%] Built target _ohm_perception_msgs_generate_messages_check_deps_Marker
[  0%] Built target _ohm_perception_msgs_generate_messages_check_deps_Haz
[  0%] Built target _ohm_perception_msgs_generate_messages_check_deps_HazArray
[  0%] Built target _ohm_perception_msgs_generate_messages_check_deps_Qr
[  0%] Built target _ohm_perception_msgs_generate_messages_check_deps_signmsg
[  0%] Built target _ohm_perception_msgs_generate_messages_check_deps_AddVictim
[  0%] Built target _ohm_perception_msgs_generate_messages_check_deps_Victim
[  0%] Built target _ohm_perception_msgs_generate_messages_check_deps_VictimArray
[  0%] Built target geometry_msgs_generate_messages_py
[  0%] Built target _ohm_perception_msgs_generate_messages_check_deps_Rect
[  0%] Built target geometry_msgs_generate_messages_cpp
[  0%] Built target geometry_msgs_generate_messages_lisp
[  0%] Built target geometry_msgs_generate_messages_eus
[ 19%] Built target ohm_perception_msgs_generate_messages_nodejs
[ 41%] Built target ohm_perception_msgs_generate_messages_py
[ 60%] Built target ohm_perception_msgs_generate_messages_cpp
[ 79%] Built target ohm_perception_msgs_generate_messages_lisp
[100%] Built target ohm_perception_msgs_generate_messages_eus
[100%] Built target ohm_perception_msgs_generate_messages
