Linked: (/home/user/workspace/ros/devel/.private/ohm_sensors_gripper/share/gennodejs/ros/ohm_sensors_gripper/_index.js, /home/user/workspace/ros/devel/share/gennodejs/ros/ohm_sensors_gripper/_index.js)
Linked: (/home/user/workspace/ros/devel/.private/ohm_sensors_gripper/share/gennodejs/ros/ohm_sensors_gripper/msg/tof_objects.js, /home/user/workspace/ros/devel/share/gennodejs/ros/ohm_sensors_gripper/msg/tof_objects.js)
Linked: (/home/user/workspace/ros/devel/.private/ohm_sensors_gripper/share/gennodejs/ros/ohm_sensors_gripper/msg/_index.js, /home/user/workspace/ros/devel/share/gennodejs/ros/ohm_sensors_gripper/msg/_index.js)
Linked: (/home/user/workspace/ros/devel/.private/ohm_sensors_gripper/share/gennodejs/ros/ohm_sensors_gripper/msg/error_detection.js, /home/user/workspace/ros/devel/share/gennodejs/ros/ohm_sensors_gripper/msg/error_detection.js)
Linked: (/home/user/workspace/ros/devel/.private/ohm_sensors_gripper/share/gennodejs/ros/ohm_sensors_gripper/msg/tof_sensors.js, /home/user/workspace/ros/devel/share/gennodejs/ros/ohm_sensors_gripper/msg/tof_sensors.js)
Linked: (/home/user/workspace/ros/devel/.private/ohm_sensors_gripper/share/gennodejs/ros/ohm_sensors_gripper/msg/tof_single_obj.js, /home/user/workspace/ros/devel/share/gennodejs/ros/ohm_sensors_gripper/msg/tof_single_obj.js)
Linked: (/home/user/workspace/ros/devel/.private/ohm_sensors_gripper/share/gennodejs/ros/ohm_sensors_gripper/msg/from_light_control.js, /home/user/workspace/ros/devel/share/gennodejs/ros/ohm_sensors_gripper/msg/from_light_control.js)
Linked: (/home/user/workspace/ros/devel/.private/ohm_sensors_gripper/share/gennodejs/ros/ohm_sensors_gripper/msg/to_light_control.js, /home/user/workspace/ros/devel/share/gennodejs/ros/ohm_sensors_gripper/msg/to_light_control.js)
Linked: (/home/user/workspace/ros/devel/.private/ohm_sensors_gripper/share/ohm_sensors_gripper/cmake/ohm_sensors_gripperConfig-version.cmake, /home/user/workspace/ros/devel/share/ohm_sensors_gripper/cmake/ohm_sensors_gripperConfig-version.cmake)
Linked: (/home/user/workspace/ros/devel/.private/ohm_sensors_gripper/share/ohm_sensors_gripper/cmake/ohm_sensors_gripperConfig.cmake, /home/user/workspace/ros/devel/share/ohm_sensors_gripper/cmake/ohm_sensors_gripperConfig.cmake)
Linked: (/home/user/workspace/ros/devel/.private/ohm_sensors_gripper/share/ohm_sensors_gripper/cmake/ohm_sensors_gripper-msg-extras.cmake, /home/user/workspace/ros/devel/share/ohm_sensors_gripper/cmake/ohm_sensors_gripper-msg-extras.cmake)
Linked: (/home/user/workspace/ros/devel/.private/ohm_sensors_gripper/share/ohm_sensors_gripper/cmake/ohm_sensors_gripper-msg-paths.cmake, /home/user/workspace/ros/devel/share/ohm_sensors_gripper/cmake/ohm_sensors_gripper-msg-paths.cmake)
Linked: (/home/user/workspace/ros/devel/.private/ohm_sensors_gripper/share/ohm_sensors_gripper/docs/SensorGripperConfig.wikidoc, /home/user/workspace/ros/devel/share/ohm_sensors_gripper/docs/SensorGripperConfig.wikidoc)
Linked: (/home/user/workspace/ros/devel/.private/ohm_sensors_gripper/share/ohm_sensors_gripper/docs/SensorGripperConfig-usage.dox, /home/user/workspace/ros/devel/share/ohm_sensors_gripper/docs/SensorGripperConfig-usage.dox)
Linked: (/home/user/workspace/ros/devel/.private/ohm_sensors_gripper/share/ohm_sensors_gripper/docs/SensorGripperConfig.dox, /home/user/workspace/ros/devel/share/ohm_sensors_gripper/docs/SensorGripperConfig.dox)
Linked: (/home/user/workspace/ros/devel/.private/ohm_sensors_gripper/share/roseus/ros/ohm_sensors_gripper/manifest.l, /home/user/workspace/ros/devel/share/roseus/ros/ohm_sensors_gripper/manifest.l)
Linked: (/home/user/workspace/ros/devel/.private/ohm_sensors_gripper/share/roseus/ros/ohm_sensors_gripper/msg/tof_objects.l, /home/user/workspace/ros/devel/share/roseus/ros/ohm_sensors_gripper/msg/tof_objects.l)
Linked: (/home/user/workspace/ros/devel/.private/ohm_sensors_gripper/share/roseus/ros/ohm_sensors_gripper/msg/from_light_control.l, /home/user/workspace/ros/devel/share/roseus/ros/ohm_sensors_gripper/msg/from_light_control.l)
Linked: (/home/user/workspace/ros/devel/.private/ohm_sensors_gripper/share/roseus/ros/ohm_sensors_gripper/msg/tof_single_obj.l, /home/user/workspace/ros/devel/share/roseus/ros/ohm_sensors_gripper/msg/tof_single_obj.l)
Linked: (/home/user/workspace/ros/devel/.private/ohm_sensors_gripper/share/roseus/ros/ohm_sensors_gripper/msg/tof_sensors.l, /home/user/workspace/ros/devel/share/roseus/ros/ohm_sensors_gripper/msg/tof_sensors.l)
Linked: (/home/user/workspace/ros/devel/.private/ohm_sensors_gripper/share/roseus/ros/ohm_sensors_gripper/msg/to_light_control.l, /home/user/workspace/ros/devel/share/roseus/ros/ohm_sensors_gripper/msg/to_light_control.l)
Linked: (/home/user/workspace/ros/devel/.private/ohm_sensors_gripper/share/roseus/ros/ohm_sensors_gripper/msg/error_detection.l, /home/user/workspace/ros/devel/share/roseus/ros/ohm_sensors_gripper/msg/error_detection.l)
Linked: (/home/user/workspace/ros/devel/.private/ohm_sensors_gripper/share/common-lisp/ros/ohm_sensors_gripper/msg/_package_tof_objects.lisp, /home/user/workspace/ros/devel/share/common-lisp/ros/ohm_sensors_gripper/msg/_package_tof_objects.lisp)
Linked: (/home/user/workspace/ros/devel/.private/ohm_sensors_gripper/share/common-lisp/ros/ohm_sensors_gripper/msg/tof_objects.lisp, /home/user/workspace/ros/devel/share/common-lisp/ros/ohm_sensors_gripper/msg/tof_objects.lisp)
Linked: (/home/user/workspace/ros/devel/.private/ohm_sensors_gripper/share/common-lisp/ros/ohm_sensors_gripper/msg/ohm_sensors_gripper-msg.asd, /home/user/workspace/ros/devel/share/common-lisp/ros/ohm_sensors_gripper/msg/ohm_sensors_gripper-msg.asd)
Linked: (/home/user/workspace/ros/devel/.private/ohm_sensors_gripper/share/common-lisp/ros/ohm_sensors_gripper/msg/_package_error_detection.lisp, /home/user/workspace/ros/devel/share/common-lisp/ros/ohm_sensors_gripper/msg/_package_error_detection.lisp)
Linked: (/home/user/workspace/ros/devel/.private/ohm_sensors_gripper/share/common-lisp/ros/ohm_sensors_gripper/msg/_package_to_light_control.lisp, /home/user/workspace/ros/devel/share/common-lisp/ros/ohm_sensors_gripper/msg/_package_to_light_control.lisp)
Linked: (/home/user/workspace/ros/devel/.private/ohm_sensors_gripper/share/common-lisp/ros/ohm_sensors_gripper/msg/tof_sensors.lisp, /home/user/workspace/ros/devel/share/common-lisp/ros/ohm_sensors_gripper/msg/tof_sensors.lisp)
Linked: (/home/user/workspace/ros/devel/.private/ohm_sensors_gripper/share/common-lisp/ros/ohm_sensors_gripper/msg/_package_tof_single_obj.lisp, /home/user/workspace/ros/devel/share/common-lisp/ros/ohm_sensors_gripper/msg/_package_tof_single_obj.lisp)
Linked: (/home/user/workspace/ros/devel/.private/ohm_sensors_gripper/share/common-lisp/ros/ohm_sensors_gripper/msg/error_detection.lisp, /home/user/workspace/ros/devel/share/common-lisp/ros/ohm_sensors_gripper/msg/error_detection.lisp)
Linked: (/home/user/workspace/ros/devel/.private/ohm_sensors_gripper/share/common-lisp/ros/ohm_sensors_gripper/msg/to_light_control.lisp, /home/user/workspace/ros/devel/share/common-lisp/ros/ohm_sensors_gripper/msg/to_light_control.lisp)
Linked: (/home/user/workspace/ros/devel/.private/ohm_sensors_gripper/share/common-lisp/ros/ohm_sensors_gripper/msg/_package_from_light_control.lisp, /home/user/workspace/ros/devel/share/common-lisp/ros/ohm_sensors_gripper/msg/_package_from_light_control.lisp)
Linked: (/home/user/workspace/ros/devel/.private/ohm_sensors_gripper/share/common-lisp/ros/ohm_sensors_gripper/msg/_package.lisp, /home/user/workspace/ros/devel/share/common-lisp/ros/ohm_sensors_gripper/msg/_package.lisp)
Linked: (/home/user/workspace/ros/devel/.private/ohm_sensors_gripper/share/common-lisp/ros/ohm_sensors_gripper/msg/from_light_control.lisp, /home/user/workspace/ros/devel/share/common-lisp/ros/ohm_sensors_gripper/msg/from_light_control.lisp)
Linked: (/home/user/workspace/ros/devel/.private/ohm_sensors_gripper/share/common-lisp/ros/ohm_sensors_gripper/msg/tof_single_obj.lisp, /home/user/workspace/ros/devel/share/common-lisp/ros/ohm_sensors_gripper/msg/tof_single_obj.lisp)
Linked: (/home/user/workspace/ros/devel/.private/ohm_sensors_gripper/share/common-lisp/ros/ohm_sensors_gripper/msg/_package_tof_sensors.lisp, /home/user/workspace/ros/devel/share/common-lisp/ros/ohm_sensors_gripper/msg/_package_tof_sensors.lisp)
Linked: (/home/user/workspace/ros/devel/.private/ohm_sensors_gripper/lib/ohm_sensors_gripper/tof_calibration_node, /home/user/workspace/ros/devel/lib/ohm_sensors_gripper/tof_calibration_node)
Linked: (/home/user/workspace/ros/devel/.private/ohm_sensors_gripper/lib/ohm_sensors_gripper/light_control_node, /home/user/workspace/ros/devel/lib/ohm_sensors_gripper/light_control_node)
Linked: (/home/user/workspace/ros/devel/.private/ohm_sensors_gripper/lib/ohm_sensors_gripper/serial_node, /home/user/workspace/ros/devel/lib/ohm_sensors_gripper/serial_node)
Linked: (/home/user/workspace/ros/devel/.private/ohm_sensors_gripper/lib/python3/dist-packages/ohm_sensors_gripper/__init__.py, /home/user/workspace/ros/devel/lib/python3/dist-packages/ohm_sensors_gripper/__init__.py)
Linked: (/home/user/workspace/ros/devel/.private/ohm_sensors_gripper/lib/python3/dist-packages/ohm_sensors_gripper/cfg/SensorGripperConfig.py, /home/user/workspace/ros/devel/lib/python3/dist-packages/ohm_sensors_gripper/cfg/SensorGripperConfig.py)
Linked: (/home/user/workspace/ros/devel/.private/ohm_sensors_gripper/lib/python3/dist-packages/ohm_sensors_gripper/cfg/__init__.py, /home/user/workspace/ros/devel/lib/python3/dist-packages/ohm_sensors_gripper/cfg/__init__.py)
Linked: (/home/user/workspace/ros/devel/.private/ohm_sensors_gripper/lib/python3/dist-packages/ohm_sensors_gripper/msg/_tof_objects.py, /home/user/workspace/ros/devel/lib/python3/dist-packages/ohm_sensors_gripper/msg/_tof_objects.py)
Linked: (/home/user/workspace/ros/devel/.private/ohm_sensors_gripper/lib/python3/dist-packages/ohm_sensors_gripper/msg/_error_detection.py, /home/user/workspace/ros/devel/lib/python3/dist-packages/ohm_sensors_gripper/msg/_error_detection.py)
Linked: (/home/user/workspace/ros/devel/.private/ohm_sensors_gripper/lib/python3/dist-packages/ohm_sensors_gripper/msg/_tof_single_obj.py, /home/user/workspace/ros/devel/lib/python3/dist-packages/ohm_sensors_gripper/msg/_tof_single_obj.py)
Linked: (/home/user/workspace/ros/devel/.private/ohm_sensors_gripper/lib/python3/dist-packages/ohm_sensors_gripper/msg/_from_light_control.py, /home/user/workspace/ros/devel/lib/python3/dist-packages/ohm_sensors_gripper/msg/_from_light_control.py)
Linked: (/home/user/workspace/ros/devel/.private/ohm_sensors_gripper/lib/python3/dist-packages/ohm_sensors_gripper/msg/_to_light_control.py, /home/user/workspace/ros/devel/lib/python3/dist-packages/ohm_sensors_gripper/msg/_to_light_control.py)
Linked: (/home/user/workspace/ros/devel/.private/ohm_sensors_gripper/lib/python3/dist-packages/ohm_sensors_gripper/msg/__init__.py, /home/user/workspace/ros/devel/lib/python3/dist-packages/ohm_sensors_gripper/msg/__init__.py)
Linked: (/home/user/workspace/ros/devel/.private/ohm_sensors_gripper/lib/python3/dist-packages/ohm_sensors_gripper/msg/_tof_sensors.py, /home/user/workspace/ros/devel/lib/python3/dist-packages/ohm_sensors_gripper/msg/_tof_sensors.py)
Linked: (/home/user/workspace/ros/devel/.private/ohm_sensors_gripper/lib/pkgconfig/ohm_sensors_gripper.pc, /home/user/workspace/ros/devel/lib/pkgconfig/ohm_sensors_gripper.pc)
Linked: (/home/user/workspace/ros/devel/.private/ohm_sensors_gripper/include/ohm_sensors_gripper/error_detection.h, /home/user/workspace/ros/devel/include/ohm_sensors_gripper/error_detection.h)
Linked: (/home/user/workspace/ros/devel/.private/ohm_sensors_gripper/include/ohm_sensors_gripper/tof_single_obj.h, /home/user/workspace/ros/devel/include/ohm_sensors_gripper/tof_single_obj.h)
Linked: (/home/user/workspace/ros/devel/.private/ohm_sensors_gripper/include/ohm_sensors_gripper/from_light_control.h, /home/user/workspace/ros/devel/include/ohm_sensors_gripper/from_light_control.h)
Linked: (/home/user/workspace/ros/devel/.private/ohm_sensors_gripper/include/ohm_sensors_gripper/SensorGripperConfig.h, /home/user/workspace/ros/devel/include/ohm_sensors_gripper/SensorGripperConfig.h)
Linked: (/home/user/workspace/ros/devel/.private/ohm_sensors_gripper/include/ohm_sensors_gripper/to_light_control.h, /home/user/workspace/ros/devel/include/ohm_sensors_gripper/to_light_control.h)
Linked: (/home/user/workspace/ros/devel/.private/ohm_sensors_gripper/include/ohm_sensors_gripper/tof_objects.h, /home/user/workspace/ros/devel/include/ohm_sensors_gripper/tof_objects.h)
Linked: (/home/user/workspace/ros/devel/.private/ohm_sensors_gripper/include/ohm_sensors_gripper/tof_sensors.h, /home/user/workspace/ros/devel/include/ohm_sensors_gripper/tof_sensors.h)
