Symlinking /home/user/workspace/ros/devel/share/gennodejs/ros/ohm_sensors_gripper/_index.js
Symlinking /home/user/workspace/ros/devel/share/gennodejs/ros/ohm_sensors_gripper/msg/tof_objects.js
Symlinking /home/user/workspace/ros/devel/share/gennodejs/ros/ohm_sensors_gripper/msg/_index.js
Symlinking /home/user/workspace/ros/devel/share/gennodejs/ros/ohm_sensors_gripper/msg/error_detection.js
Symlinking /home/user/workspace/ros/devel/share/gennodejs/ros/ohm_sensors_gripper/msg/tof_sensors.js
Symlinking /home/user/workspace/ros/devel/share/gennodejs/ros/ohm_sensors_gripper/msg/tof_single_obj.js
Symlinking /home/user/workspace/ros/devel/share/gennodejs/ros/ohm_sensors_gripper/msg/from_light_control.js
Symlinking /home/user/workspace/ros/devel/share/gennodejs/ros/ohm_sensors_gripper/msg/to_light_control.js
Symlinking /home/user/workspace/ros/devel/share/ohm_sensors_gripper/cmake/ohm_sensors_gripperConfig-version.cmake
Symlinking /home/user/workspace/ros/devel/share/ohm_sensors_gripper/cmake/ohm_sensors_gripperConfig.cmake
Symlinking /home/user/workspace/ros/devel/share/ohm_sensors_gripper/cmake/ohm_sensors_gripper-msg-extras.cmake
Symlinking /home/user/workspace/ros/devel/share/ohm_sensors_gripper/cmake/ohm_sensors_gripper-msg-paths.cmake
Symlinking /home/user/workspace/ros/devel/share/ohm_sensors_gripper/docs/SensorGripperConfig.wikidoc
Symlinking /home/user/workspace/ros/devel/share/ohm_sensors_gripper/docs/SensorGripperConfig-usage.dox
Symlinking /home/user/workspace/ros/devel/share/ohm_sensors_gripper/docs/SensorGripperConfig.dox
Symlinking /home/user/workspace/ros/devel/share/roseus/ros/ohm_sensors_gripper/manifest.l
Symlinking /home/user/workspace/ros/devel/share/roseus/ros/ohm_sensors_gripper/msg/tof_objects.l
Symlinking /home/user/workspace/ros/devel/share/roseus/ros/ohm_sensors_gripper/msg/from_light_control.l
Symlinking /home/user/workspace/ros/devel/share/roseus/ros/ohm_sensors_gripper/msg/tof_single_obj.l
Symlinking /home/user/workspace/ros/devel/share/roseus/ros/ohm_sensors_gripper/msg/tof_sensors.l
Symlinking /home/user/workspace/ros/devel/share/roseus/ros/ohm_sensors_gripper/msg/to_light_control.l
Symlinking /home/user/workspace/ros/devel/share/roseus/ros/ohm_sensors_gripper/msg/error_detection.l
Symlinking /home/user/workspace/ros/devel/share/common-lisp/ros/ohm_sensors_gripper/msg/_package_tof_objects.lisp
Symlinking /home/user/workspace/ros/devel/share/common-lisp/ros/ohm_sensors_gripper/msg/tof_objects.lisp
Symlinking /home/user/workspace/ros/devel/share/common-lisp/ros/ohm_sensors_gripper/msg/ohm_sensors_gripper-msg.asd
Symlinking /home/user/workspace/ros/devel/share/common-lisp/ros/ohm_sensors_gripper/msg/_package_error_detection.lisp
Symlinking /home/user/workspace/ros/devel/share/common-lisp/ros/ohm_sensors_gripper/msg/_package_to_light_control.lisp
Symlinking /home/user/workspace/ros/devel/share/common-lisp/ros/ohm_sensors_gripper/msg/tof_sensors.lisp
Symlinking /home/user/workspace/ros/devel/share/common-lisp/ros/ohm_sensors_gripper/msg/_package_tof_single_obj.lisp
Symlinking /home/user/workspace/ros/devel/share/common-lisp/ros/ohm_sensors_gripper/msg/error_detection.lisp
Symlinking /home/user/workspace/ros/devel/share/common-lisp/ros/ohm_sensors_gripper/msg/to_light_control.lisp
Symlinking /home/user/workspace/ros/devel/share/common-lisp/ros/ohm_sensors_gripper/msg/_package_from_light_control.lisp
Symlinking /home/user/workspace/ros/devel/share/common-lisp/ros/ohm_sensors_gripper/msg/_package.lisp
Symlinking /home/user/workspace/ros/devel/share/common-lisp/ros/ohm_sensors_gripper/msg/from_light_control.lisp
Symlinking /home/user/workspace/ros/devel/share/common-lisp/ros/ohm_sensors_gripper/msg/tof_single_obj.lisp
Symlinking /home/user/workspace/ros/devel/share/common-lisp/ros/ohm_sensors_gripper/msg/_package_tof_sensors.lisp
Symlinking /home/user/workspace/ros/devel/lib/ohm_sensors_gripper/tof_calibration_node
Symlinking /home/user/workspace/ros/devel/lib/ohm_sensors_gripper/light_control_node
Symlinking /home/user/workspace/ros/devel/lib/ohm_sensors_gripper/serial_node
Symlinking /home/user/workspace/ros/devel/lib/python3/dist-packages/ohm_sensors_gripper/__init__.py
Symlinking /home/user/workspace/ros/devel/lib/python3/dist-packages/ohm_sensors_gripper/cfg/SensorGripperConfig.py
Symlinking /home/user/workspace/ros/devel/lib/python3/dist-packages/ohm_sensors_gripper/cfg/__init__.py
Symlinking /home/user/workspace/ros/devel/lib/python3/dist-packages/ohm_sensors_gripper/msg/_tof_objects.py
Symlinking /home/user/workspace/ros/devel/lib/python3/dist-packages/ohm_sensors_gripper/msg/_error_detection.py
Symlinking /home/user/workspace/ros/devel/lib/python3/dist-packages/ohm_sensors_gripper/msg/_tof_single_obj.py
Symlinking /home/user/workspace/ros/devel/lib/python3/dist-packages/ohm_sensors_gripper/msg/_from_light_control.py
Symlinking /home/user/workspace/ros/devel/lib/python3/dist-packages/ohm_sensors_gripper/msg/_to_light_control.py
Symlinking /home/user/workspace/ros/devel/lib/python3/dist-packages/ohm_sensors_gripper/msg/__init__.py
Symlinking /home/user/workspace/ros/devel/lib/python3/dist-packages/ohm_sensors_gripper/msg/_tof_sensors.py
Symlinking /home/user/workspace/ros/devel/lib/pkgconfig/ohm_sensors_gripper.pc
Symlinking /home/user/workspace/ros/devel/include/ohm_sensors_gripper/error_detection.h
Symlinking /home/user/workspace/ros/devel/include/ohm_sensors_gripper/tof_single_obj.h
Symlinking /home/user/workspace/ros/devel/include/ohm_sensors_gripper/from_light_control.h
Symlinking /home/user/workspace/ros/devel/include/ohm_sensors_gripper/SensorGripperConfig.h
Symlinking /home/user/workspace/ros/devel/include/ohm_sensors_gripper/to_light_control.h
Symlinking /home/user/workspace/ros/devel/include/ohm_sensors_gripper/tof_objects.h
Symlinking /home/user/workspace/ros/devel/include/ohm_sensors_gripper/tof_sensors.h
